Archive member included to satisfy reference by file (symbol)

/Applications/codelite.app/Contents/SharedSupport/tools/gcc-arm/bin/../lib/gcc/arm-none-eabi/9.2.1/../../../../arm-none-eabi/lib/thumb/v7e-m+fp/hard/libc_nano.a(lib_a-atoi.o)
                              ./Debug/application.c.o (atoi)
/Applications/codelite.app/Contents/SharedSupport/tools/gcc-arm/bin/../lib/gcc/arm-none-eabi/9.2.1/../../../../arm-none-eabi/lib/thumb/v7e-m+fp/hard/libc_nano.a(lib_a-snprintf.o)
                              ./Debug/application.c.o (snprintf)
/Applications/codelite.app/Contents/SharedSupport/tools/gcc-arm/bin/../lib/gcc/arm-none-eabi/9.2.1/../../../../arm-none-eabi/lib/thumb/v7e-m+fp/hard/libc_nano.a(lib_a-strtol.o)
                              /Applications/codelite.app/Contents/SharedSupport/tools/gcc-arm/bin/../lib/gcc/arm-none-eabi/9.2.1/../../../../arm-none-eabi/lib/thumb/v7e-m+fp/hard/libc_nano.a(lib_a-atoi.o) (_strtol_r)
/Applications/codelite.app/Contents/SharedSupport/tools/gcc-arm/bin/../lib/gcc/arm-none-eabi/9.2.1/../../../../arm-none-eabi/lib/thumb/v7e-m+fp/hard/libc_nano.a(lib_a-ctype_.o)
                              /Applications/codelite.app/Contents/SharedSupport/tools/gcc-arm/bin/../lib/gcc/arm-none-eabi/9.2.1/../../../../arm-none-eabi/lib/thumb/v7e-m+fp/hard/libc_nano.a(lib_a-strtol.o) (_ctype_)
/Applications/codelite.app/Contents/SharedSupport/tools/gcc-arm/bin/../lib/gcc/arm-none-eabi/9.2.1/../../../../arm-none-eabi/lib/thumb/v7e-m+fp/hard/libc_nano.a(lib_a-impure.o)
                              /Applications/codelite.app/Contents/SharedSupport/tools/gcc-arm/bin/../lib/gcc/arm-none-eabi/9.2.1/../../../../arm-none-eabi/lib/thumb/v7e-m+fp/hard/libc_nano.a(lib_a-snprintf.o) (_impure_ptr)
/Applications/codelite.app/Contents/SharedSupport/tools/gcc-arm/bin/../lib/gcc/arm-none-eabi/9.2.1/../../../../arm-none-eabi/lib/thumb/v7e-m+fp/hard/libc_nano.a(lib_a-nano-svfprintf.o)
                              /Applications/codelite.app/Contents/SharedSupport/tools/gcc-arm/bin/../lib/gcc/arm-none-eabi/9.2.1/../../../../arm-none-eabi/lib/thumb/v7e-m+fp/hard/libc_nano.a(lib_a-snprintf.o) (_svfprintf_r)
/Applications/codelite.app/Contents/SharedSupport/tools/gcc-arm/bin/../lib/gcc/arm-none-eabi/9.2.1/../../../../arm-none-eabi/lib/thumb/v7e-m+fp/hard/libc_nano.a(lib_a-nano-vfprintf_i.o)
                              /Applications/codelite.app/Contents/SharedSupport/tools/gcc-arm/bin/../lib/gcc/arm-none-eabi/9.2.1/../../../../arm-none-eabi/lib/thumb/v7e-m+fp/hard/libc_nano.a(lib_a-nano-svfprintf.o) (_printf_i)
/Applications/codelite.app/Contents/SharedSupport/tools/gcc-arm/bin/../lib/gcc/arm-none-eabi/9.2.1/../../../../arm-none-eabi/lib/thumb/v7e-m+fp/hard/libc_nano.a(lib_a-memchr.o)
                              /Applications/codelite.app/Contents/SharedSupport/tools/gcc-arm/bin/../lib/gcc/arm-none-eabi/9.2.1/../../../../arm-none-eabi/lib/thumb/v7e-m+fp/hard/libc_nano.a(lib_a-nano-svfprintf.o) (memchr)
/Applications/codelite.app/Contents/SharedSupport/tools/gcc-arm/bin/../lib/gcc/arm-none-eabi/9.2.1/../../../../arm-none-eabi/lib/thumb/v7e-m+fp/hard/libc_nano.a(lib_a-memcpy-stub.o)
                              /Applications/codelite.app/Contents/SharedSupport/tools/gcc-arm/bin/../lib/gcc/arm-none-eabi/9.2.1/../../../../arm-none-eabi/lib/thumb/v7e-m+fp/hard/libc_nano.a(lib_a-nano-svfprintf.o) (memcpy)
/Applications/codelite.app/Contents/SharedSupport/tools/gcc-arm/bin/../lib/gcc/arm-none-eabi/9.2.1/../../../../arm-none-eabi/lib/thumb/v7e-m+fp/hard/libc_nano.a(lib_a-memmove.o)
                              /Applications/codelite.app/Contents/SharedSupport/tools/gcc-arm/bin/../lib/gcc/arm-none-eabi/9.2.1/../../../../arm-none-eabi/lib/thumb/v7e-m+fp/hard/libc_nano.a(lib_a-nano-svfprintf.o) (memmove)
/Applications/codelite.app/Contents/SharedSupport/tools/gcc-arm/bin/../lib/gcc/arm-none-eabi/9.2.1/../../../../arm-none-eabi/lib/thumb/v7e-m+fp/hard/libc_nano.a(lib_a-nano-freer.o)
                              /Applications/codelite.app/Contents/SharedSupport/tools/gcc-arm/bin/../lib/gcc/arm-none-eabi/9.2.1/../../../../arm-none-eabi/lib/thumb/v7e-m+fp/hard/libc_nano.a(lib_a-nano-svfprintf.o) (_free_r)
/Applications/codelite.app/Contents/SharedSupport/tools/gcc-arm/bin/../lib/gcc/arm-none-eabi/9.2.1/../../../../arm-none-eabi/lib/thumb/v7e-m+fp/hard/libc_nano.a(lib_a-nano-mallocr.o)
                              /Applications/codelite.app/Contents/SharedSupport/tools/gcc-arm/bin/../lib/gcc/arm-none-eabi/9.2.1/../../../../arm-none-eabi/lib/thumb/v7e-m+fp/hard/libc_nano.a(lib_a-nano-svfprintf.o) (_malloc_r)
/Applications/codelite.app/Contents/SharedSupport/tools/gcc-arm/bin/../lib/gcc/arm-none-eabi/9.2.1/../../../../arm-none-eabi/lib/thumb/v7e-m+fp/hard/libc_nano.a(lib_a-nano-reallocr.o)
                              /Applications/codelite.app/Contents/SharedSupport/tools/gcc-arm/bin/../lib/gcc/arm-none-eabi/9.2.1/../../../../arm-none-eabi/lib/thumb/v7e-m+fp/hard/libc_nano.a(lib_a-nano-svfprintf.o) (_realloc_r)
[...]
Memory Configuration

Name             Origin             Length             Attributes
RAM              0x0000000020000000 0x000000000001c000 xrw
*default*        0x0000000000000000 0xffffffffffffffff

Linker script and memory map

LOAD ./Debug/driver_src_stm32f4xx_syscfg.c.o
LOAD ./Debug/driver_src_stm32f4xx_exti.c.o
LOAD ./Debug/driver_src_stm32f4xx_can.c.o
LOAD ./Debug/driver_src_stm32f4xx_usart.c.o
LOAD ./Debug/driver_src_stm32f4xx_rcc.c.o
LOAD ./Debug/driver_src_stm32f4xx_dac.c.o
LOAD ./Debug/driver_src_stm32f4xx_gpio.c.o
LOAD ./Debug/driver_src_stm32f4xx_tim.c.o
LOAD ./Debug/startup.c.o
LOAD ./Debug/dispatch.s.o
LOAD ./Debug/canTinyTimber.c.o
LOAD ./Debug/TinyTimber.c.o
LOAD ./Debug/application.c.o
LOAD ./Debug/sciTinyTimber.c.o
START GROUP
LOAD /Applications/codelite.app/Contents/SharedSupport/tools/gcc-arm/bin/../lib/gcc/arm-none-eabi/9.2.1/thumb/v7e-m+fp/hard/libgcc.a
LOAD /Applications/codelite.app/Contents/SharedSupport/tools/gcc-arm/bin/../lib/gcc/arm-none-eabi/9.2.1/../../../../arm-none-eabi/lib/thumb/v7e-m+fp/hard/libc_nano.a
END GROUP
START GROUP
LOAD /Applications/codelite.app/Contents/SharedSupport/tools/gcc-arm/bin/../lib/gcc/arm-none-eabi/9.2.1/thumb/v7e-m+fp/hard/libgcc.a
LOAD /Applications/codelite.app/Contents/SharedSupport/tools/gcc-arm/bin/../lib/gcc/arm-none-eabi/9.2.1/../../../../arm-none-eabi/lib/thumb/v7e-m+fp/hard/libc_nano.a
END GROUP

.text           0x0000000020000000     0x7dfc
                0x0000000020000000                . = ALIGN (0x4)
 *(.start_section)
 .start_section
                0x0000000020000000       0x1c ./Debug/startup.c.o
                0x0000000020000000                startup
 *(.text)
 .text          0x000000002000001c      0x154 ./Debug/driver_src_stm32f4xx_syscfg.c.o
                0x000000002000001c                SYSCFG_DeInit
                0x0000000020000038                SYSCFG_MemoryRemapConfig
                0x0000000020000058                SYSCFG_MemorySwappingBank
                0x0000000020000078                SYSCFG_EXTILineConfig
                0x00000000200000fc                SYSCFG_ETH_MediaInterfaceConfig
                0x000000002000011c                SYSCFG_CompensationCellCmd
                0x000000002000013c                SYSCFG_GetCompensationCellStatus
 .text          0x0000000020000170      0x210 ./Debug/driver_src_stm32f4xx_exti.c.o
                0x0000000020000170                EXTI_DeInit
                0x00000000200001a4                EXTI_Init
                0x0000000020000288                EXTI_StructInit
                0x00000000200002b4                EXTI_GenerateSWInterrupt
                0x00000000200002d8                EXTI_GetFlagStatus
                0x000000002000030c                EXTI_ClearFlag
                0x000000002000032c                EXTI_GetITStatus
                0x0000000020000360                EXTI_ClearITPendingBit
 .text          0x0000000020000380     0x11b4 ./Debug/driver_src_stm32f4xx_can.c.o
                0x0000000020000380                CAN_DeInit
                0x00000000200003c8                CAN_Init
                0x000000002000056a                CAN_FilterInit
                0x00000000200006f0                CAN_StructInit
                0x0000000020000746                CAN_SlaveStartBank
                0x00000000200007a8                CAN_DBGFreeze
                0x00000000200007e0                CAN_TTComModeCmd
                0x0000000020000878                CAN_Transmit
                0x0000000020000a1a                CAN_TransmitStatus
                0x0000000020000b20                CAN_CancelTransmit
                0x0000000020000b78                CAN_Receive
                0x0000000020000cf4                CAN_FIFORelease
                0x0000000020000d2c                CAN_MessagePending
                0x0000000020000d76                CAN_OperatingModeRequest
                0x0000000020000e72                CAN_Sleep
                0x0000000020000eac                CAN_WakeUp
                0x0000000020000f02                CAN_GetLastErrorCode
                0x0000000020000f28                CAN_GetReceiveErrorCounter
                0x0000000020000f4a                CAN_GetLSBTransmitErrorCounter
                0x0000000020000f6c                CAN_ITConfig
                0x0000000020000fa8                CAN_GetFlagStatus
                0x0000000020001076                CAN_ClearFlag
                0x00000000200010e8                CAN_GetITStatus
                0x000000002000134c                CAN_ClearITPendingBit
 .text          0x0000000020001534      0x970 ./Debug/driver_src_stm32f4xx_usart.c.o
                0x0000000020001534                USART_DeInit
                0x000000002000164c                USART_Init
                0x00000000200017c0                USART_StructInit
                0x00000000200017fa                USART_ClockInit
                0x0000000020001850                USART_ClockStructInit
                0x000000002000187c                USART_Cmd
                0x00000000200018bc                USART_SetPrescaler
                0x00000000200018f6                USART_OverSampling8Cmd
                0x000000002000193a                USART_OneBitMethodCmd
                0x000000002000197a                USART_SendData
                0x000000002000199e                USART_ReceiveData
                0x00000000200019be                USART_SetAddress
                0x00000000200019f8                USART_ReceiverWakeUpCmd
                0x0000000020001a38                USART_WakeUpConfig
                0x0000000020001a70                USART_LINBreakDetectLengthConfig
                0x0000000020001aa8                USART_LINCmd
                0x0000000020001ae8                USART_SendBreak
                0x0000000020001b0c                USART_HalfDuplexCmd
                0x0000000020001b4c                USART_SetGuardTime
                0x0000000020001b88                USART_SmartCardCmd
                0x0000000020001bc8                USART_SmartCardNACKCmd
                0x0000000020001c08                USART_IrDAConfig
                0x0000000020001c40                USART_IrDACmd
                0x0000000020001c80                USART_DMACmd
                0x0000000020001cc8                USART_ITConfig
                0x0000000020001d58                USART_GetFlagStatus
                0x0000000020001d90                USART_ClearFlag
                0x0000000020001db2                USART_GetITStatus
                0x0000000020001e68                USART_ClearITPendingBit
 .text          0x0000000020001ea4      0xcb0 ./Debug/driver_src_stm32f4xx_rcc.c.o
                0x0000000020001ea4                RCC_DeInit
                0x0000000020001f14                RCC_HSEConfig
                0x0000000020001f3c                RCC_WaitForHSEStartUp
                0x0000000020001f8c                RCC_AdjustHSICalibrationValue
                0x0000000020001fc8                RCC_HSICmd
                0x0000000020001fe8                RCC_LSEConfig
                0x000000002000202c                RCC_LSICmd
                0x000000002000204c                RCC_PLLConfig
                0x000000002000208c                RCC_PLLCmd
                0x00000000200020ac                RCC_PLLI2SConfig
                0x00000000200020d8                RCC_PLLI2SCmd
                0x00000000200020f8                RCC_PLLSAIConfig
                0x000000002000212c                RCC_PLLSAICmd
                0x000000002000214c                RCC_ClockSecuritySystemCmd
                0x000000002000216c                RCC_MCO1Config
                0x00000000200021ac                RCC_MCO2Config
                0x00000000200021ec                RCC_SYSCLKConfig
                0x0000000020002224                RCC_GetSYSCLKSource
                0x0000000020002244                RCC_HCLKConfig
                0x000000002000227c                RCC_PCLK1Config
                0x00000000200022b4                RCC_PCLK2Config
                0x00000000200022f0                RCC_GetClocksFreq
                0x000000002000244c                RCC_RTCCLKConfig
                0x00000000200024a8                RCC_RTCCLKCmd
                0x00000000200024c8                RCC_BackupResetCmd
                0x00000000200024e8                RCC_I2SCLKConfig
                0x0000000020002508                RCC_SAIPLLI2SClkDivConfig
                0x0000000020002548                RCC_SAIPLLSAIClkDivConfig
                0x0000000020002588                RCC_SAIBlockACLKConfig
                0x00000000200025c4                RCC_SAIBlockBCLKConfig
                0x0000000020002600                RCC_LTDCCLKDivConfig
                0x000000002000263c                RCC_TIMCLKPresConfig
                0x000000002000265c                RCC_AHB1PeriphClockCmd
                0x000000002000269c                RCC_AHB2PeriphClockCmd
                0x00000000200026dc                RCC_AHB3PeriphClockCmd
                0x000000002000271c                RCC_APB1PeriphClockCmd
                0x000000002000275c                RCC_APB2PeriphClockCmd
                0x000000002000279c                RCC_AHB1PeriphResetCmd
                0x00000000200027dc                RCC_AHB2PeriphResetCmd
                0x000000002000281c                RCC_AHB3PeriphResetCmd
                0x000000002000285c                RCC_APB1PeriphResetCmd
                0x000000002000289c                RCC_APB2PeriphResetCmd
                0x00000000200028dc                RCC_AHB1PeriphClockLPModeCmd
                0x000000002000291c                RCC_AHB2PeriphClockLPModeCmd
                0x000000002000295c                RCC_AHB3PeriphClockLPModeCmd
                0x000000002000299c                RCC_APB1PeriphClockLPModeCmd
                0x00000000200029dc                RCC_APB2PeriphClockLPModeCmd
                0x0000000020002a1c                RCC_ITConfig
                0x0000000020002a68                RCC_GetFlagStatus
                0x0000000020002adc                RCC_ClearFlag
                0x0000000020002afc                RCC_GetITStatus
                0x0000000020002b34                RCC_ClearITPendingBit
 .text          0x0000000020002b54      0x450 ./Debug/driver_src_stm32f4xx_dac.c.o
                0x0000000020002b54                DAC_DeInit
                0x0000000020002b70                DAC_Init
                0x0000000020002bd8                DAC_StructInit
                0x0000000020002c04                DAC_Cmd
                0x0000000020002c50                DAC_SoftwareTriggerCmd
                0x0000000020002ca0                DAC_DualSoftwareTriggerCmd
                0x0000000020002cdc                DAC_WaveGenerationCmd
                0x0000000020002d28                DAC_SetChannel1Data
                0x0000000020002d60                DAC_SetChannel2Data
                0x0000000020002d98                DAC_SetDualChannelData
                0x0000000020002df0                DAC_GetDataOutputValue
                0x0000000020002e24                DAC_DMACmd
                0x0000000020002e74                DAC_ITConfig
                0x0000000020002ec0                DAC_GetFlagStatus
                0x0000000020002efc                DAC_ClearFlag
                0x0000000020002f24                DAC_GetITStatus
                0x0000000020002f7c                DAC_ClearITPendingBit
 .text          0x0000000020002fa4      0x4d8 ./Debug/driver_src_stm32f4xx_gpio.c.o
                0x0000000020002fa4                GPIO_DeInit
                0x0000000020003108                GPIO_Init
                0x0000000020003226                GPIO_StructInit
                0x000000002000325a                GPIO_PinLockConfig
                0x000000002000329e                GPIO_ReadInputDataBit
                0x00000000200032d2                GPIO_ReadInputData
                0x00000000200032ec                GPIO_ReadOutputDataBit
                0x0000000020003320                GPIO_ReadOutputData
                0x000000002000333a                GPIO_SetBits
                0x0000000020003358                GPIO_ResetBits
                0x0000000020003376                GPIO_WriteBit
                0x00000000200033a6                GPIO_Write
                0x00000000200033c4                GPIO_ToggleBits
                0x00000000200033e8                GPIO_PinAFConfig
 .text          0x000000002000347c     0x1c1c ./Debug/driver_src_stm32f4xx_tim.c.o
                0x000000002000347c                TIM_DeInit
                0x000000002000363c                TIM_TimeBaseInit
                0x0000000020003714                TIM_TimeBaseStructInit
                0x0000000020003748                TIM_PrescalerConfig
                0x0000000020003770                TIM_CounterModeConfig
                0x00000000200037a8                TIM_SetCounter
                0x00000000200037c4                TIM_SetAutoreload
                0x00000000200037e0                TIM_GetCounter
                0x00000000200037f8                TIM_GetPrescaler
                0x0000000020003812                TIM_UpdateDisableConfig
                0x0000000020003852                TIM_UpdateRequestConfig
                0x0000000020003892                TIM_ARRPreloadConfig
                0x00000000200038d2                TIM_SelectOnePulseMode
                0x000000002000390a                TIM_SetClockDivision
                0x0000000020003942                TIM_Cmd
                0x0000000020003982                TIM_OC1Init
                0x0000000020003a78                TIM_OC2Init
                0x0000000020003b88                TIM_OC3Init
                0x0000000020003c94                TIM_OC4Init
                0x0000000020003d64                TIM_OCStructInit
                0x0000000020003da8                TIM_SelectOCxM
                0x0000000020003e5e                TIM_SetCompare1
                0x0000000020003e7a                TIM_SetCompare2
                0x0000000020003e96                TIM_SetCompare3
                0x0000000020003eb2                TIM_SetCompare4
                0x0000000020003ece                TIM_ForcedOC1Config
                0x0000000020003f06                TIM_ForcedOC2Config
                0x0000000020003f42                TIM_ForcedOC3Config
                0x0000000020003f7a                TIM_ForcedOC4Config
                0x0000000020003fb6                TIM_OC1PreloadConfig
                0x0000000020003fee                TIM_OC2PreloadConfig
                0x000000002000402a                TIM_OC3PreloadConfig
                0x0000000020004062                TIM_OC4PreloadConfig
                0x000000002000409e                TIM_OC1FastConfig
                0x00000000200040d6                TIM_OC2FastConfig
                0x0000000020004112                TIM_OC3FastConfig
                0x000000002000414a                TIM_OC4FastConfig
                0x0000000020004186                TIM_ClearOC1Ref
                0x00000000200041be                TIM_ClearOC2Ref
                0x00000000200041fa                TIM_ClearOC3Ref
                0x0000000020004232                TIM_ClearOC4Ref
                0x000000002000426e                TIM_OC1PolarityConfig
                0x00000000200042a6                TIM_OC1NPolarityConfig
                0x00000000200042de                TIM_OC2PolarityConfig
                0x000000002000431a                TIM_OC2NPolarityConfig
                0x0000000020004356                TIM_OC3PolarityConfig
                0x0000000020004392                TIM_OC3NPolarityConfig
                0x00000000200043ce                TIM_OC4PolarityConfig
                0x000000002000440a                TIM_CCxCmd
                0x0000000020004460                TIM_CCxNCmd
                0x00000000200044b6                TIM_ICInit
                0x000000002000455e                TIM_ICStructInit
                0x0000000020004590                TIM_PWMIConfig
                0x0000000020004648                TIM_GetCapture1
                0x0000000020004660                TIM_GetCapture2
                0x0000000020004678                TIM_GetCapture3
                0x0000000020004690                TIM_GetCapture4
                0x00000000200046a8                TIM_SetIC1Prescaler
                0x00000000200046e0                TIM_SetIC2Prescaler
                0x000000002000471c                TIM_SetIC3Prescaler
                0x0000000020004754                TIM_SetIC4Prescaler
                0x0000000020004790                TIM_BDTRConfig
                0x00000000200047e0                TIM_BDTRStructInit
                0x000000002000481e                TIM_CtrlPWMOutputs
                0x000000002000486a                TIM_SelectCOM
                0x00000000200048aa                TIM_CCPreloadControl
                0x00000000200048ea                TIM_ITConfig
                0x0000000020004932                TIM_GenerateEvent
                0x0000000020004950                TIM_GetFlagStatus
                0x0000000020004988                TIM_ClearFlag
                0x00000000200049aa                TIM_GetITStatus
                0x00000000200049fe                TIM_ClearITPendingBit
                0x0000000020004a20                TIM_DMAConfig
                0x0000000020004a4a                TIM_DMACmd
                0x0000000020004a92                TIM_SelectCCDMA
                0x0000000020004ad2                TIM_InternalClockConfig
                0x0000000020004af6                TIM_ITRxExternalClockConfig
                0x0000000020004b24                TIM_TIxExternalClockConfig
                0x0000000020004b80                TIM_ETRClockMode1Config
                0x0000000020004bde                TIM_ETRClockMode2Config
                0x0000000020004c1c                TIM_SelectInputTrigger
                0x0000000020004c54                TIM_SelectOutputTrigger
                0x0000000020004c8c                TIM_SelectSlaveMode
                0x0000000020004cc4                TIM_SelectMasterSlaveMode
                0x0000000020004cfc                TIM_ETRConfig
                0x0000000020004d50                TIM_EncoderInterfaceConfig
                0x0000000020004de8                TIM_SelectHallSensor
                0x0000000020004e28                TIM_RemapConfig
 .text          0x0000000020005098      0x32c ./Debug/startup.c.o
 .text          0x00000000200053c4       0xf4 ./Debug/dispatch.s.o
                0x00000000200053c4                vect_SVCall
                0x00000000200053c8                vect_PendSV
 .text          0x00000000200054b8      0x434 ./Debug/canTinyTimber.c.o
                0x0000000020005540                can_init
                0x00000000200055f8                can_interrupt
                0x0000000020005780                can_receive
                0x000000002000584a                can_send
 .text          0x00000000200058ec      0xf54 ./Debug/TinyTimber.c.o
                0x0000000020005974                DUMP
                0x00000000200059ae                DUMPH
                0x0000000020005a0c                DUMPD
                0x0000000020005ab0                sei
                0x0000000020005ace                cli
                0x0000000020005aec                _sbrk
                0x0000000020005b30                SETSTACK
                0x0000000020005b98                SETPC
                0x0000000020005bbc                TIMER_INIT
                0x0000000020005c54                DUMPC
                0x0000000020005c88                vect_USART1
                0x0000000020005cf0                vect_CAN1
                0x0000000020005d58                vect_EXTI9_5
                0x0000000020005dc0                enqueueByDeadline
                0x0000000020005e18                enqueueByBaseline
                0x0000000020005e70                dequeue
                0x0000000020005ec0                dequeue_pool
                0x0000000020005f10                insert
                0x0000000020005f34                push
                0x0000000020005f58                pop
                0x0000000020005fda                vect_TIM5
                0x000000002000606c                __svc_dispatch
                0x000000002000607c                __pendSV_dispatch
                0x00000000200061ec                async
                0x0000000020006328                sync
                0x0000000020006434                ABORT
                0x00000000200064e8                T_RESET
                0x0000000020006524                T_SAMPLE
                0x0000000020006564                CURRENT_OFFSET
                0x0000000020006710                install
                0x00000000200067dc                tinytimber
 .text          0x0000000020006840      0x3e4 ./Debug/application.c.o
                0x0000000020006840                receiver
                0x0000000020006890                three_history
                0x0000000020006abc                reader
                0x0000000020006b64                startApp
                0x0000000020006be4                main
 .text          0x0000000020006c24      0x294 ./Debug/sciTinyTimber.c.o
                0x0000000020006cac                sci_init
                0x0000000020006d52                sci_write
                0x0000000020006da8                sci_writechar
                0x0000000020006dde                sci_interrupt
 .text          0x0000000020006eb8        0x0 /Applications/codelite.app/Contents/SharedSupport/tools/gcc-arm/bin/../lib/gcc/arm-none-eabi/9.2.1/../../../../arm-none-eabi/lib/thumb/v7e-m+fp/hard/libc_nano.a(lib_a-atoi.o)
 .text          0x0000000020006eb8        0x0 /Applications/codelite.app/Contents/SharedSupport/tools/gcc-arm/bin/../lib/gcc/arm-none-eabi/9.2.1/../../../../arm-none-eabi/lib/thumb/v7e-m+fp/hard/libc_nano.a(lib_a-snprintf.o)
 .text          0x0000000020006eb8        0x0 /Applications/codelite.app/Contents/SharedSupport/tools/gcc-arm/bin/../lib/gcc/arm-none-eabi/9.2.1/../../../../arm-none-eabi/lib/thumb/v7e-m+fp/hard/libc_nano.a(lib_a-strtol.o)
 .text          0x0000000020006eb8        0x0 /Applications/codelite.app/Contents/SharedSupport/tools/gcc-arm/bin/../lib/gcc/arm-none-eabi/9.2.1/../../../../arm-none-eabi/lib/thumb/v7e-m+fp/hard/libc_nano.a(lib_a-ctype_.o)
 .text          0x0000000020006eb8        0x0 /Applications/codelite.app/Contents/SharedSupport/tools/gcc-arm/bin/../lib/gcc/arm-none-eabi/9.2.1/../../../../arm-none-eabi/lib/thumb/v7e-m+fp/hard/libc_nano.a(lib_a-impure.o)
 .text          0x0000000020006eb8        0x0 /Applications/codelite.app/Contents/SharedSupport/tools/gcc-arm/bin/../lib/gcc/arm-none-eabi/9.2.1/../../../../arm-none-eabi/lib/thumb/v7e-m+fp/hard/libc_nano.a(lib_a-nano-svfprintf.o)
 .text          0x0000000020006eb8        0x0 /Applications/codelite.app/Contents/SharedSupport/tools/gcc-arm/bin/../lib/gcc/arm-none-eabi/9.2.1/../../../../arm-none-eabi/lib/thumb/v7e-m+fp/hard/libc_nano.a(lib_a-nano-vfprintf_i.o)
 *fill*         0x0000000020006eb8        0x8 
 .text          0x0000000020006ec0       0xa0 /Applications/codelite.app/Contents/SharedSupport/tools/gcc-arm/bin/../lib/gcc/arm-none-eabi/9.2.1/../../../../arm-none-eabi/lib/thumb/v7e-m+fp/hard/libc_nano.a(lib_a-memchr.o)
                0x0000000020006ec0                memchr
 .text          0x0000000020006f60        0x0 /Applications/codelite.app/Contents/SharedSupport/tools/gcc-arm/bin/../lib/gcc/arm-none-eabi/9.2.1/../../../../arm-none-eabi/lib/thumb/v7e-m+fp/hard/libc_nano.a(lib_a-memcpy-stub.o)
 .text          0x0000000020006f60        0x0 /Applications/codelite.app/Contents/SharedSupport/tools/gcc-arm/bin/../lib/gcc/arm-none-eabi/9.2.1/../../../../arm-none-eabi/lib/thumb/v7e-m+fp/hard/libc_nano.a(lib_a-memmove.o)
 .text          0x0000000020006f60        0x0 /Applications/codelite.app/Contents/SharedSupport/tools/gcc-arm/bin/../lib/gcc/arm-none-eabi/9.2.1/../../../../arm-none-eabi/lib/thumb/v7e-m+fp/hard/libc_nano.a(lib_a-nano-freer.o)
 .text          0x0000000020006f60        0x0 /Applications/codelite.app/Contents/SharedSupport/tools/gcc-arm/bin/../lib/gcc/arm-none-eabi/9.2.1/../../../../arm-none-eabi/lib/thumb/v7e-m+fp/hard/libc_nano.a(lib_a-nano-mallocr.o)
 .text          0x0000000020006f60        0x0 /Applications/codelite.app/Contents/SharedSupport/tools/gcc-arm/bin/../lib/gcc/arm-none-eabi/9.2.1/../../../../arm-none-eabi/lib/thumb/v7e-m+fp/hard/libc_nano.a(lib_a-nano-reallocr.o)
 .text          0x0000000020006f60        0x0 /Applications/codelite.app/Contents/SharedSupport/tools/gcc-arm/bin/../lib/gcc/arm-none-eabi/9.2.1/../../../../arm-none-eabi/lib/thumb/v7e-m+fp/hard/libc_nano.a(lib_a-sbrkr.o)
 .text          0x0000000020006f60        0x0 /Applications/codelite.app/Contents/SharedSupport/tools/gcc-arm/bin/../lib/gcc/arm-none-eabi/9.2.1/../../../../arm-none-eabi/lib/thumb/v7e-m+fp/hard/libc_nano.a(lib_a-mlock.o)
 .text          0x0000000020006f60        0x0 /Applications/codelite.app/Contents/SharedSupport/tools/gcc-arm/bin/../lib/gcc/arm-none-eabi/9.2.1/../../../../arm-none-eabi/lib/thumb/v7e-m+fp/hard/libc_nano.a(lib_a-nano-msizer.o)
 .text          0x0000000020006f60        0x0 /Applications/codelite.app/Contents/SharedSupport/tools/gcc-arm/bin/../lib/gcc/arm-none-eabi/9.2.1/../../../../arm-none-eabi/lib/thumb/v7e-m+fp/hard/libc_nano.a(lib_a-reent.o)
 .text          0x0000000020006f60        0x0 /Applications/codelite.app/Contents/SharedSupport/tools/gcc-arm/bin/../lib/gcc/arm-none-eabi/9.2.1/../../../../arm-none-eabi/lib/thumb/v7e-m+fp/hard/libc_nano.a(lib_a-lock.o)
 *(.text.*)
 .text.atoi     0x0000000020006f60        0x8 /Applications/codelite.app/Contents/SharedSupport/tools/gcc-arm/bin/../lib/gcc/arm-none-eabi/9.2.1/../../../../arm-none-eabi/lib/thumb/v7e-m+fp/hard/libc_nano.a(lib_a-atoi.o)
                0x0000000020006f60                atoi
 .text._atoi_r  0x0000000020006f68        0x8 /Applications/codelite.app/Contents/SharedSupport/tools/gcc-arm/bin/../lib/gcc/arm-none-eabi/9.2.1/../../../../arm-none-eabi/lib/thumb/v7e-m+fp/hard/libc_nano.a(lib_a-atoi.o)
                0x0000000020006f68                _atoi_r
 .text._snprintf_r
                0x0000000020006f70       0x5e /Applications/codelite.app/Contents/SharedSupport/tools/gcc-arm/bin/../lib/gcc/arm-none-eabi/9.2.1/../../../../arm-none-eabi/lib/thumb/v7e-m+fp/hard/libc_nano.a(lib_a-snprintf.o)
                0x0000000020006f70                _sniprintf_r
                0x0000000020006f70                _snprintf_r
 *fill*         0x0000000020006fce        0x2 
 .text.snprintf
                0x0000000020006fd0       0x68 /Applications/codelite.app/Contents/SharedSupport/tools/gcc-arm/bin/../lib/gcc/arm-none-eabi/9.2.1/../../../../arm-none-eabi/lib/thumb/v7e-m+fp/hard/libc_nano.a(lib_a-snprintf.o)
                0x0000000020006fd0                snprintf
                0x0000000020006fd0                sniprintf
 .text._strtol_l.isra.0
                0x0000000020007038       0xf4 /Applications/codelite.app/Contents/SharedSupport/tools/gcc-arm/bin/../lib/gcc/arm-none-eabi/9.2.1/../../../../arm-none-eabi/lib/thumb/v7e-m+fp/hard/libc_nano.a(lib_a-strtol.o)
 .text._strtol_r
                0x000000002000712c        0x4 /Applications/codelite.app/Contents/SharedSupport/tools/gcc-arm/bin/../lib/gcc/arm-none-eabi/9.2.1/../../../../arm-none-eabi/lib/thumb/v7e-m+fp/hard/libc_nano.a(lib_a-strtol.o)
                0x000000002000712c                _strtol_r
 .text.strtol_l
                0x0000000020007130       0x14 /Applications/codelite.app/Contents/SharedSupport/tools/gcc-arm/bin/../lib/gcc/arm-none-eabi/9.2.1/../../../../arm-none-eabi/lib/thumb/v7e-m+fp/hard/libc_nano.a(lib_a-strtol.o)
                0x0000000020007130                strtol_l
 .text.strtol   0x0000000020007144       0x14 /Applications/codelite.app/Contents/SharedSupport/tools/gcc-arm/bin/../lib/gcc/arm-none-eabi/9.2.1/../../../../arm-none-eabi/lib/thumb/v7e-m+fp/hard/libc_nano.a(lib_a-strtol.o)
                0x0000000020007144                strtol
 .text.__ssputs_r
                0x0000000020007158       0xb6 /Applications/codelite.app/Contents/SharedSupport/tools/gcc-arm/bin/../lib/gcc/arm-none-eabi/9.2.1/../../../../arm-none-eabi/lib/thumb/v7e-m+fp/hard/libc_nano.a(lib_a-nano-svfprintf.o)
                0x0000000020007158                __ssputs_r
 .text.__ssprint_r
                0x000000002000720e       0xf6 /Applications/codelite.app/Contents/SharedSupport/tools/gcc-arm/bin/../lib/gcc/arm-none-eabi/9.2.1/../../../../arm-none-eabi/lib/thumb/v7e-m+fp/hard/libc_nano.a(lib_a-nano-svfprintf.o)
                0x000000002000720e                __ssprint_r
 .text._svfprintf_r
                0x0000000020007304      0x200 /Applications/codelite.app/Contents/SharedSupport/tools/gcc-arm/bin/../lib/gcc/arm-none-eabi/9.2.1/../../../../arm-none-eabi/lib/thumb/v7e-m+fp/hard/libc_nano.a(lib_a-nano-svfprintf.o)
                0x0000000020007304                _svfprintf_r
                0x0000000020007304                _svfiprintf_r
 .text._printf_common
                0x0000000020007504       0xda /Applications/codelite.app/Contents/SharedSupport/tools/gcc-arm/bin/../lib/gcc/arm-none-eabi/9.2.1/../../../../arm-none-eabi/lib/thumb/v7e-m+fp/hard/libc_nano.a(lib_a-nano-vfprintf_i.o)
                0x0000000020007504                _printf_common
 *fill*         0x00000000200075de        0x2 
 .text._printf_i
                0x00000000200075e0      0x24c /Applications/codelite.app/Contents/SharedSupport/tools/gcc-arm/bin/../lib/gcc/arm-none-eabi/9.2.1/../../../../arm-none-eabi/lib/thumb/v7e-m+fp/hard/libc_nano.a(lib_a-nano-vfprintf_i.o)
                0x00000000200075e0                _printf_i
 .text.memcpy   0x000000002000782c       0x1c /Applications/codelite.app/Contents/SharedSupport/tools/gcc-arm/bin/../lib/gcc/arm-none-eabi/9.2.1/../../../../arm-none-eabi/lib/thumb/v7e-m+fp/hard/libc_nano.a(lib_a-memcpy-stub.o)
                0x000000002000782c                memcpy
 .text.memmove  0x0000000020007848       0x34 /Applications/codelite.app/Contents/SharedSupport/tools/gcc-arm/bin/../lib/gcc/arm-none-eabi/9.2.1/../../../../arm-none-eabi/lib/thumb/v7e-m+fp/hard/libc_nano.a(lib_a-memmove.o)
                0x0000000020007848                memmove
 .text._free_r  0x000000002000787c       0xa0 /Applications/codelite.app/Contents/SharedSupport/tools/gcc-arm/bin/../lib/gcc/arm-none-eabi/9.2.1/../../../../arm-none-eabi/lib/thumb/v7e-m+fp/hard/libc_nano.a(lib_a-nano-freer.o)
                0x000000002000787c                _free_r
 .text._malloc_r
                0x000000002000791c       0xb4 /Applications/codelite.app/Contents/SharedSupport/tools/gcc-arm/bin/../lib/gcc/arm-none-eabi/9.2.1/../../../../arm-none-eabi/lib/thumb/v7e-m+fp/hard/libc_nano.a(lib_a-nano-mallocr.o)
                0x000000002000791c                _malloc_r
 .text._realloc_r
                0x00000000200079d0       0x4c /Applications/codelite.app/Contents/SharedSupport/tools/gcc-arm/bin/../lib/gcc/arm-none-eabi/9.2.1/../../../../arm-none-eabi/lib/thumb/v7e-m+fp/hard/libc_nano.a(lib_a-nano-reallocr.o)
                0x00000000200079d0                _realloc_r
 .text._sbrk_r  0x0000000020007a1c       0x20 /Applications/codelite.app/Contents/SharedSupport/tools/gcc-arm/bin/../lib/gcc/arm-none-eabi/9.2.1/../../../../arm-none-eabi/lib/thumb/v7e-m+fp/hard/libc_nano.a(lib_a-sbrkr.o)
                0x0000000020007a1c                _sbrk_r
 .text.__malloc_lock
                0x0000000020007a3c        0xc /Applications/codelite.app/Contents/SharedSupport/tools/gcc-arm/bin/../lib/gcc/arm-none-eabi/9.2.1/../../../../arm-none-eabi/lib/thumb/v7e-m+fp/hard/libc_nano.a(lib_a-mlock.o)
                0x0000000020007a3c                __malloc_lock
 .text.__malloc_unlock
                0x0000000020007a48        0xc /Applications/codelite.app/Contents/SharedSupport/tools/gcc-arm/bin/../lib/gcc/arm-none-eabi/9.2.1/../../../../arm-none-eabi/lib/thumb/v7e-m+fp/hard/libc_nano.a(lib_a-mlock.o)
                0x0000000020007a48                __malloc_unlock
 .text._malloc_usable_size_r
                0x0000000020007a54       0x10 /Applications/codelite.app/Contents/SharedSupport/tools/gcc-arm/bin/../lib/gcc/arm-none-eabi/9.2.1/../../../../arm-none-eabi/lib/thumb/v7e-m+fp/hard/libc_nano.a(lib_a-nano-msizer.o)
                0x0000000020007a54                _malloc_usable_size_r
 .text.cleanup_glue
                0x0000000020007a64       0x1a /Applications/codelite.app/Contents/SharedSupport/tools/gcc-arm/bin/../lib/gcc/arm-none-eabi/9.2.1/../../../../arm-none-eabi/lib/thumb/v7e-m+fp/hard/libc_nano.a(lib_a-reent.o)
                0x0000000020007a64                cleanup_glue
 *fill*         0x0000000020007a7e        0x2 
 .text._reclaim_reent
                0x0000000020007a80       0xb8 /Applications/codelite.app/Contents/SharedSupport/tools/gcc-arm/bin/../lib/gcc/arm-none-eabi/9.2.1/../../../../arm-none-eabi/lib/thumb/v7e-m+fp/hard/libc_nano.a(lib_a-reent.o)
                0x0000000020007a80                _reclaim_reent
 .text.__retarget_lock_init
                0x0000000020007b38        0x2 /Applications/codelite.app/Contents/SharedSupport/tools/gcc-arm/bin/../lib/gcc/arm-none-eabi/9.2.1/../../../../arm-none-eabi/lib/thumb/v7e-m+fp/hard/libc_nano.a(lib_a-lock.o)
                0x0000000020007b38                __retarget_lock_init
 .text.__retarget_lock_init_recursive
                0x0000000020007b3a        0x2 /Applications/codelite.app/Contents/SharedSupport/tools/gcc-arm/bin/../lib/gcc/arm-none-eabi/9.2.1/../../../../arm-none-eabi/lib/thumb/v7e-m+fp/hard/libc_nano.a(lib_a-lock.o)
                0x0000000020007b3a                __retarget_lock_init_recursive
 .text.__retarget_lock_close
                0x0000000020007b3c        0x2 /Applications/codelite.app/Contents/SharedSupport/tools/gcc-arm/bin/../lib/gcc/arm-none-eabi/9.2.1/../../../../arm-none-eabi/lib/thumb/v7e-m+fp/hard/libc_nano.a(lib_a-lock.o)
                0x0000000020007b3c                __retarget_lock_close
 .text.__retarget_lock_close_recursive
                0x0000000020007b3e        0x2 /Applications/codelite.app/Contents/SharedSupport/tools/gcc-arm/bin/../lib/gcc/arm-none-eabi/9.2.1/../../../../arm-none-eabi/lib/thumb/v7e-m+fp/hard/libc_nano.a(lib_a-lock.o)
                0x0000000020007b3e                __retarget_lock_close_recursive
 .text.__retarget_lock_acquire
                0x0000000020007b40        0x2 /Applications/codelite.app/Contents/SharedSupport/tools/gcc-arm/bin/../lib/gcc/arm-none-eabi/9.2.1/../../../../arm-none-eabi/lib/thumb/v7e-m+fp/hard/libc_nano.a(lib_a-lock.o)
                0x0000000020007b40                __retarget_lock_acquire
 .text.__retarget_lock_acquire_recursive
                0x0000000020007b42        0x2 /Applications/codelite.app/Contents/SharedSupport/tools/gcc-arm/bin/../lib/gcc/arm-none-eabi/9.2.1/../../../../arm-none-eabi/lib/thumb/v7e-m+fp/hard/libc_nano.a(lib_a-lock.o)
                0x0000000020007b42                __retarget_lock_acquire_recursive
 .text.__retarget_lock_try_acquire
                0x0000000020007b44        0x4 /Applications/codelite.app/Contents/SharedSupport/tools/gcc-arm/bin/../lib/gcc/arm-none-eabi/9.2.1/../../../../arm-none-eabi/lib/thumb/v7e-m+fp/hard/libc_nano.a(lib_a-lock.o)
                0x0000000020007b44                __retarget_lock_try_acquire
 .text.__retarget_lock_try_acquire_recursive
                0x0000000020007b48        0x4 /Applications/codelite.app/Contents/SharedSupport/tools/gcc-arm/bin/../lib/gcc/arm-none-eabi/9.2.1/../../../../arm-none-eabi/lib/thumb/v7e-m+fp/hard/libc_nano.a(lib_a-lock.o)
                0x0000000020007b48                __retarget_lock_try_acquire_recursive
 .text.__retarget_lock_release
                0x0000000020007b4c        0x2 /Applications/codelite.app/Contents/SharedSupport/tools/gcc-arm/bin/../lib/gcc/arm-none-eabi/9.2.1/../../../../arm-none-eabi/lib/thumb/v7e-m+fp/hard/libc_nano.a(lib_a-lock.o)
                0x0000000020007b4c                __retarget_lock_release
 .text.__retarget_lock_release_recursive
                0x0000000020007b4e        0x2 /Applications/codelite.app/Contents/SharedSupport/tools/gcc-arm/bin/../lib/gcc/arm-none-eabi/9.2.1/../../../../arm-none-eabi/lib/thumb/v7e-m+fp/hard/libc_nano.a(lib_a-lock.o)
                0x0000000020007b4e                __retarget_lock_release_recursive
 *(.rodata)
 .rodata        0x0000000020007b50       0x8a ./Debug/canTinyTimber.c.o
 *fill*         0x0000000020007bda        0x2 
 .rodata        0x0000000020007bdc       0x81 ./Debug/TinyTimber.c.o
 *fill*         0x0000000020007c5d        0x3 
 .rodata        0x0000000020007c60       0x61 ./Debug/application.c.o
 *(.rodata*)
 .rodata._ctype_
                0x0000000020007cc1      0x101 /Applications/codelite.app/Contents/SharedSupport/tools/gcc-arm/bin/../lib/gcc/arm-none-eabi/9.2.1/../../../../arm-none-eabi/lib/thumb/v7e-m+fp/hard/libc_nano.a(lib_a-ctype_.o)
                0x0000000020007cc1                _ctype_
 *fill*         0x0000000020007dc2        0x2 
 .rodata._global_impure_ptr
                0x0000000020007dc4        0x4 /Applications/codelite.app/Contents/SharedSupport/tools/gcc-arm/bin/../lib/gcc/arm-none-eabi/9.2.1/../../../../arm-none-eabi/lib/thumb/v7e-m+fp/hard/libc_nano.a(lib_a-impure.o)
                0x0000000020007dc4                _global_impure_ptr
 .rodata._svfprintf_r.str1.1
                0x0000000020007dc8       0x11 /Applications/codelite.app/Contents/SharedSupport/tools/gcc-arm/bin/../lib/gcc/arm-none-eabi/9.2.1/../../../../arm-none-eabi/lib/thumb/v7e-m+fp/hard/libc_nano.a(lib_a-nano-svfprintf.o)
 .rodata._printf_i.str1.1
                0x0000000020007dd9       0x22 /Applications/codelite.app/Contents/SharedSupport/tools/gcc-arm/bin/../lib/gcc/arm-none-eabi/9.2.1/../../../../arm-none-eabi/lib/thumb/v7e-m+fp/hard/libc_nano.a(lib_a-nano-vfprintf_i.o)
 *(.glue_7)
 .glue_7        0x0000000020007dfb        0x0 linker stubs
 *(.glue_7t)
 .glue_7t       0x0000000020007dfb        0x0 linker stubs
                0x0000000020007dfc                . = ALIGN (0x4)
 *fill*         0x0000000020007dfb        0x1 

.vfp11_veneer   0x0000000020007dfc        0x0
 .vfp11_veneer  0x0000000020007dfc        0x0 linker stubs

.v4_bx          0x0000000020007dfc        0x0
 .v4_bx         0x0000000020007dfc        0x0 linker stubs

.iplt           0x0000000020007dfc        0x0
 .iplt          0x0000000020007dfc        0x0 ./Debug/driver_src_stm32f4xx_syscfg.c.o

.rel.dyn        0x0000000020007dfc        0x0
 .rel.iplt      0x0000000020007dfc        0x0 ./Debug/driver_src_stm32f4xx_syscfg.c.o

.data           0x0000000020007dfc      0x634
                0x0000000020007dfc                . = ALIGN (0x4)
 *(.data)
 .data          0x0000000020007dfc        0x0 ./Debug/driver_src_stm32f4xx_syscfg.c.o
 .data          0x0000000020007dfc        0x0 ./Debug/driver_src_stm32f4xx_exti.c.o
 .data          0x0000000020007dfc        0x0 ./Debug/driver_src_stm32f4xx_can.c.o
 .data          0x0000000020007dfc        0x0 ./Debug/driver_src_stm32f4xx_usart.c.o
 .data          0x0000000020007dfc       0x10 ./Debug/driver_src_stm32f4xx_rcc.c.o
 .data          0x0000000020007e0c        0x0 ./Debug/driver_src_stm32f4xx_dac.c.o
 .data          0x0000000020007e0c        0x0 ./Debug/driver_src_stm32f4xx_gpio.c.o
 .data          0x0000000020007e0c        0x0 ./Debug/driver_src_stm32f4xx_tim.c.o
 .data          0x0000000020007e0c        0x0 ./Debug/startup.c.o
 .data          0x0000000020007e0c       0x84 ./Debug/dispatch.s.o
 .data          0x0000000020007e90        0x0 ./Debug/canTinyTimber.c.o
 .data          0x0000000020007e90       0x24 ./Debug/TinyTimber.c.o
                0x0000000020007e90                hex
                0x0000000020007ea4                msgPool
                0x0000000020007ea8                threadPool
                0x0000000020007eac                activeStack
                0x0000000020007eb0                current
 .data          0x0000000020007eb4      0x518 ./Debug/application.c.o
                0x0000000020007eb4                app
                0x0000000020007f34                sci0
                0x0000000020008354                can0
 .data          0x00000000200083cc        0x0 ./Debug/sciTinyTimber.c.o
 .data          0x00000000200083cc        0x0 /Applications/codelite.app/Contents/SharedSupport/tools/gcc-arm/bin/../lib/gcc/arm-none-eabi/9.2.1/../../../../arm-none-eabi/lib/thumb/v7e-m+fp/hard/libc_nano.a(lib_a-atoi.o)
 .data          0x00000000200083cc        0x0 /Applications/codelite.app/Contents/SharedSupport/tools/gcc-arm/bin/../lib/gcc/arm-none-eabi/9.2.1/../../../../arm-none-eabi/lib/thumb/v7e-m+fp/hard/libc_nano.a(lib_a-snprintf.o)
 .data          0x00000000200083cc        0x0 /Applications/codelite.app/Contents/SharedSupport/tools/gcc-arm/bin/../lib/gcc/arm-none-eabi/9.2.1/../../../../arm-none-eabi/lib/thumb/v7e-m+fp/hard/libc_nano.a(lib_a-strtol.o)
 .data          0x00000000200083cc        0x0 /Applications/codelite.app/Contents/SharedSupport/tools/gcc-arm/bin/../lib/gcc/arm-none-eabi/9.2.1/../../../../arm-none-eabi/lib/thumb/v7e-m+fp/hard/libc_nano.a(lib_a-ctype_.o)
 .data          0x00000000200083cc        0x0 /Applications/codelite.app/Contents/SharedSupport/tools/gcc-arm/bin/../lib/gcc/arm-none-eabi/9.2.1/../../../../arm-none-eabi/lib/thumb/v7e-m+fp/hard/libc_nano.a(lib_a-impure.o)
 .data          0x00000000200083cc        0x0 /Applications/codelite.app/Contents/SharedSupport/tools/gcc-arm/bin/../lib/gcc/arm-none-eabi/9.2.1/../../../../arm-none-eabi/lib/thumb/v7e-m+fp/hard/libc_nano.a(lib_a-nano-svfprintf.o)
 .data          0x00000000200083cc        0x0 /Applications/codelite.app/Contents/SharedSupport/tools/gcc-arm/bin/../lib/gcc/arm-none-eabi/9.2.1/../../../../arm-none-eabi/lib/thumb/v7e-m+fp/hard/libc_nano.a(lib_a-nano-vfprintf_i.o)
 .data          0x00000000200083cc        0x0 /Applications/codelite.app/Contents/SharedSupport/tools/gcc-arm/bin/../lib/gcc/arm-none-eabi/9.2.1/../../../../arm-none-eabi/lib/thumb/v7e-m+fp/hard/libc_nano.a(lib_a-memchr.o)
 .data          0x00000000200083cc        0x0 /Applications/codelite.app/Contents/SharedSupport/tools/gcc-arm/bin/../lib/gcc/arm-none-eabi/9.2.1/../../../../arm-none-eabi/lib/thumb/v7e-m+fp/hard/libc_nano.a(lib_a-memcpy-stub.o)
 .data          0x00000000200083cc        0x0 /Applications/codelite.app/Contents/SharedSupport/tools/gcc-arm/bin/../lib/gcc/arm-none-eabi/9.2.1/../../../../arm-none-eabi/lib/thumb/v7e-m+fp/hard/libc_nano.a(lib_a-memmove.o)
 .data          0x00000000200083cc        0x0 /Applications/codelite.app/Contents/SharedSupport/tools/gcc-arm/bin/../lib/gcc/arm-none-eabi/9.2.1/../../../../arm-none-eabi/lib/thumb/v7e-m+fp/hard/libc_nano.a(lib_a-nano-freer.o)
 .data          0x00000000200083cc        0x0 /Applications/codelite.app/Contents/SharedSupport/tools/gcc-arm/bin/../lib/gcc/arm-none-eabi/9.2.1/../../../../arm-none-eabi/lib/thumb/v7e-m+fp/hard/libc_nano.a(lib_a-nano-mallocr.o)
 .data          0x00000000200083cc        0x0 /Applications/codelite.app/Contents/SharedSupport/tools/gcc-arm/bin/../lib/gcc/arm-none-eabi/9.2.1/../../../../arm-none-eabi/lib/thumb/v7e-m+fp/hard/libc_nano.a(lib_a-nano-reallocr.o)
 .data          0x00000000200083cc        0x0 /Applications/codelite.app/Contents/SharedSupport/tools/gcc-arm/bin/../lib/gcc/arm-none-eabi/9.2.1/../../../../arm-none-eabi/lib/thumb/v7e-m+fp/hard/libc_nano.a(lib_a-sbrkr.o)
 .data          0x00000000200083cc        0x0 /Applications/codelite.app/Contents/SharedSupport/tools/gcc-arm/bin/../lib/gcc/arm-none-eabi/9.2.1/../../../../arm-none-eabi/lib/thumb/v7e-m+fp/hard/libc_nano.a(lib_a-mlock.o)
 .data          0x00000000200083cc        0x0 /Applications/codelite.app/Contents/SharedSupport/tools/gcc-arm/bin/../lib/gcc/arm-none-eabi/9.2.1/../../../../arm-none-eabi/lib/thumb/v7e-m+fp/hard/libc_nano.a(lib_a-nano-msizer.o)
 .data          0x00000000200083cc        0x0 /Applications/codelite.app/Contents/SharedSupport/tools/gcc-arm/bin/../lib/gcc/arm-none-eabi/9.2.1/../../../../arm-none-eabi/lib/thumb/v7e-m+fp/hard/libc_nano.a(lib_a-reent.o)
 .data          0x00000000200083cc        0x0 /Applications/codelite.app/Contents/SharedSupport/tools/gcc-arm/bin/../lib/gcc/arm-none-eabi/9.2.1/../../../../arm-none-eabi/lib/thumb/v7e-m+fp/hard/libc_nano.a(lib_a-lock.o)
 *(.data.*)
 .data._impure_ptr
                0x00000000200083cc        0x4 /Applications/codelite.app/Contents/SharedSupport/tools/gcc-arm/bin/../lib/gcc/arm-none-eabi/9.2.1/../../../../arm-none-eabi/lib/thumb/v7e-m+fp/hard/libc_nano.a(lib_a-impure.o)
                0x00000000200083cc                _impure_ptr
 .data.impure_data
                0x00000000200083d0       0x60 /Applications/codelite.app/Contents/SharedSupport/tools/gcc-arm/bin/../lib/gcc/arm-none-eabi/9.2.1/../../../../arm-none-eabi/lib/thumb/v7e-m+fp/hard/libc_nano.a(lib_a-impure.o)
                0x0000000020008430                . = ALIGN (0x4)

.igot.plt       0x0000000020008430        0x0
 .igot.plt      0x0000000020008430        0x0 ./Debug/driver_src_stm32f4xx_syscfg.c.o

.bss            0x0000000020008430     0x8388
                0x0000000020008430                . = ALIGN (0x4)
                0x0000000020008430                _sbss = .
 *(.bss)
 .bss           0x0000000020008430        0x0 ./Debug/driver_src_stm32f4xx_syscfg.c.o
 .bss           0x0000000020008430        0x0 ./Debug/driver_src_stm32f4xx_exti.c.o
 .bss           0x0000000020008430        0x0 ./Debug/driver_src_stm32f4xx_can.c.o
 .bss           0x0000000020008430        0x0 ./Debug/driver_src_stm32f4xx_usart.c.o
 .bss           0x0000000020008430        0x0 ./Debug/driver_src_stm32f4xx_rcc.c.o
 .bss           0x0000000020008430        0x0 ./Debug/driver_src_stm32f4xx_dac.c.o
 .bss           0x0000000020008430        0x0 ./Debug/driver_src_stm32f4xx_gpio.c.o
 .bss           0x0000000020008430        0x0 ./Debug/driver_src_stm32f4xx_tim.c.o
 .bss           0x0000000020008430        0x0 ./Debug/startup.c.o
 .bss           0x0000000020008430        0x0 ./Debug/dispatch.s.o
 .bss           0x0000000020008430        0x0 ./Debug/canTinyTimber.c.o
 .bss           0x0000000020008430       0x18 ./Debug/TinyTimber.c.o
                0x0000000020008430                msgQ
                0x0000000020008434                timerQ
                0x0000000020008438                runAsHardware
                0x000000002000843c                doIRQSchedule
                0x0000000020008440                timestamp
                0x0000000020008444                overflows
 .bss           0x0000000020008448        0x0 ./Debug/application.c.o
 .bss           0x0000000020008448        0x0 ./Debug/sciTinyTimber.c.o
 .bss           0x0000000020008448        0x0 /Applications/codelite.app/Contents/SharedSupport/tools/gcc-arm/bin/../lib/gcc/arm-none-eabi/9.2.1/../../../../arm-none-eabi/lib/thumb/v7e-m+fp/hard/libc_nano.a(lib_a-atoi.o)
 .bss           0x0000000020008448        0x0 /Applications/codelite.app/Contents/SharedSupport/tools/gcc-arm/bin/../lib/gcc/arm-none-eabi/9.2.1/../../../../arm-none-eabi/lib/thumb/v7e-m+fp/hard/libc_nano.a(lib_a-snprintf.o)
 .bss           0x0000000020008448        0x0 /Applications/codelite.app/Contents/SharedSupport/tools/gcc-arm/bin/../lib/gcc/arm-none-eabi/9.2.1/../../../../arm-none-eabi/lib/thumb/v7e-m+fp/hard/libc_nano.a(lib_a-strtol.o)
 .bss           0x0000000020008448        0x0 /Applications/codelite.app/Contents/SharedSupport/tools/gcc-arm/bin/../lib/gcc/arm-none-eabi/9.2.1/../../../../arm-none-eabi/lib/thumb/v7e-m+fp/hard/libc_nano.a(lib_a-ctype_.o)
 .bss           0x0000000020008448        0x0 /Applications/codelite.app/Contents/SharedSupport/tools/gcc-arm/bin/../lib/gcc/arm-none-eabi/9.2.1/../../../../arm-none-eabi/lib/thumb/v7e-m+fp/hard/libc_nano.a(lib_a-impure.o)
 .bss           0x0000000020008448        0x0 /Applications/codelite.app/Contents/SharedSupport/tools/gcc-arm/bin/../lib/gcc/arm-none-eabi/9.2.1/../../../../arm-none-eabi/lib/thumb/v7e-m+fp/hard/libc_nano.a(lib_a-nano-svfprintf.o)
 .bss           0x0000000020008448        0x0 /Applications/codelite.app/Contents/SharedSupport/tools/gcc-arm/bin/../lib/gcc/arm-none-eabi/9.2.1/../../../../arm-none-eabi/lib/thumb/v7e-m+fp/hard/libc_nano.a(lib_a-nano-vfprintf_i.o)
 .bss           0x0000000020008448        0x0 /Applications/codelite.app/Contents/SharedSupport/tools/gcc-arm/bin/../lib/gcc/arm-none-eabi/9.2.1/../../../../arm-none-eabi/lib/thumb/v7e-m+fp/hard/libc_nano.a(lib_a-memchr.o)
 .bss           0x0000000020008448        0x0 /Applications/codelite.app/Contents/SharedSupport/tools/gcc-arm/bin/../lib/gcc/arm-none-eabi/9.2.1/../../../../arm-none-eabi/lib/thumb/v7e-m+fp/hard/libc_nano.a(lib_a-memcpy-stub.o)
 .bss           0x0000000020008448        0x0 /Applications/codelite.app/Contents/SharedSupport/tools/gcc-arm/bin/../lib/gcc/arm-none-eabi/9.2.1/../../../../arm-none-eabi/lib/thumb/v7e-m+fp/hard/libc_nano.a(lib_a-memmove.o)
 .bss           0x0000000020008448        0x0 /Applications/codelite.app/Contents/SharedSupport/tools/gcc-arm/bin/../lib/gcc/arm-none-eabi/9.2.1/../../../../arm-none-eabi/lib/thumb/v7e-m+fp/hard/libc_nano.a(lib_a-nano-freer.o)
 .bss           0x0000000020008448        0x0 /Applications/codelite.app/Contents/SharedSupport/tools/gcc-arm/bin/../lib/gcc/arm-none-eabi/9.2.1/../../../../arm-none-eabi/lib/thumb/v7e-m+fp/hard/libc_nano.a(lib_a-nano-mallocr.o)
 .bss           0x0000000020008448        0x0 /Applications/codelite.app/Contents/SharedSupport/tools/gcc-arm/bin/../lib/gcc/arm-none-eabi/9.2.1/../../../../arm-none-eabi/lib/thumb/v7e-m+fp/hard/libc_nano.a(lib_a-nano-reallocr.o)
 .bss           0x0000000020008448        0x0 /Applications/codelite.app/Contents/SharedSupport/tools/gcc-arm/bin/../lib/gcc/arm-none-eabi/9.2.1/../../../../arm-none-eabi/lib/thumb/v7e-m+fp/hard/libc_nano.a(lib_a-sbrkr.o)
 .bss           0x0000000020008448        0x0 /Applications/codelite.app/Contents/SharedSupport/tools/gcc-arm/bin/../lib/gcc/arm-none-eabi/9.2.1/../../../../arm-none-eabi/lib/thumb/v7e-m+fp/hard/libc_nano.a(lib_a-mlock.o)
 .bss           0x0000000020008448        0x0 /Applications/codelite.app/Contents/SharedSupport/tools/gcc-arm/bin/../lib/gcc/arm-none-eabi/9.2.1/../../../../arm-none-eabi/lib/thumb/v7e-m+fp/hard/libc_nano.a(lib_a-nano-msizer.o)
 .bss           0x0000000020008448        0x0 /Applications/codelite.app/Contents/SharedSupport/tools/gcc-arm/bin/../lib/gcc/arm-none-eabi/9.2.1/../../../../arm-none-eabi/lib/thumb/v7e-m+fp/hard/libc_nano.a(lib_a-reent.o)
 .bss           0x0000000020008448        0x0 /Applications/codelite.app/Contents/SharedSupport/tools/gcc-arm/bin/../lib/gcc/arm-none-eabi/9.2.1/../../../../arm-none-eabi/lib/thumb/v7e-m+fp/hard/libc_nano.a(lib_a-lock.o)
 *(.bss.*)
 .bss.__malloc_free_list
                0x0000000020008448        0x4 /Applications/codelite.app/Contents/SharedSupport/tools/gcc-arm/bin/../lib/gcc/arm-none-eabi/9.2.1/../../../../arm-none-eabi/lib/thumb/v7e-m+fp/hard/libc_nano.a(lib_a-nano-mallocr.o)
                0x0000000020008448                __malloc_free_list
 .bss.__malloc_sbrk_start
                0x000000002000844c        0x4 /Applications/codelite.app/Contents/SharedSupport/tools/gcc-arm/bin/../lib/gcc/arm-none-eabi/9.2.1/../../../../arm-none-eabi/lib/thumb/v7e-m+fp/hard/libc_nano.a(lib_a-nano-mallocr.o)
                0x000000002000844c                __malloc_sbrk_start
 *(COMMON)
 COMMON         0x0000000020008450     0x8358 ./Debug/TinyTimber.c.o
                0x0000000020008450                otable
                0x000000002000845c                upcoming
                0x0000000020008460                threads
                0x00000000200084b0                mtable
                0x00000000200084bc                thread0
                0x00000000200084d0                messages
                0x00000000200087a0                __heap_end
                0x00000000200087a8                stacks
 COMMON         0x00000000200107a8        0x4 /Applications/codelite.app/Contents/SharedSupport/tools/gcc-arm/bin/../lib/gcc/arm-none-eabi/9.2.1/../../../../arm-none-eabi/lib/thumb/v7e-m+fp/hard/libc_nano.a(lib_a-reent.o)
                0x00000000200107a8                errno
 COMMON         0x00000000200107ac        0x9 /Applications/codelite.app/Contents/SharedSupport/tools/gcc-arm/bin/../lib/gcc/arm-none-eabi/9.2.1/../../../../arm-none-eabi/lib/thumb/v7e-m+fp/hard/libc_nano.a(lib_a-lock.o)
                0x00000000200107ac                __lock___atexit_recursive_mutex
                0x00000000200107ad                __lock___arc4random_mutex
                0x00000000200107ae                __lock___env_recursive_mutex
                0x00000000200107af                __lock___sinit_recursive_mutex
                0x00000000200107b0                __lock___malloc_recursive_mutex
                0x00000000200107b1                __lock___at_quick_exit_mutex
                0x00000000200107b2                __lock___dd_hash_mutex
                0x00000000200107b3                __lock___tz_mutex
                0x00000000200107b4                __lock___sfp_recursive_mutex
                0x00000000200107b8                . = ALIGN (0x4)
 *fill*         0x00000000200107b5        0x3 
                0x00000000200107b8                _ebss = .
                0x00000000200107b8                PROVIDE (end = _ebss)
                [!provide]                        PROVIDE (_end = _ebss)
OUTPUT(./Debug/RTS-Lab.elf elf32-littlearm)

.debug_info     0x0000000000000000     0xa35b
 .debug_info    0x0000000000000000      0x2c4 ./Debug/driver_src_stm32f4xx_syscfg.c.o
 .debug_info    0x00000000000002c4      0x383 ./Debug/driver_src_stm32f4xx_exti.c.o
 .debug_info    0x0000000000000647      0xc60 ./Debug/driver_src_stm32f4xx_can.c.o
 .debug_info    0x00000000000012a7      0xa68 ./Debug/driver_src_stm32f4xx_usart.c.o
 .debug_info    0x0000000000001d0f      0xef4 ./Debug/driver_src_stm32f4xx_rcc.c.o
 .debug_info    0x0000000000002c03      0x6af ./Debug/driver_src_stm32f4xx_dac.c.o
 .debug_info    0x00000000000032b2      0x67f ./Debug/driver_src_stm32f4xx_gpio.c.o
 .debug_info    0x0000000000003931     0x1e26 ./Debug/driver_src_stm32f4xx_tim.c.o
 .debug_info    0x0000000000005757      0xade ./Debug/startup.c.o
 .debug_info    0x0000000000006235      0xdb4 ./Debug/canTinyTimber.c.o
 .debug_info    0x0000000000006fe9     0x183c ./Debug/TinyTimber.c.o
 .debug_info    0x0000000000008825     0x1165 ./Debug/application.c.o
 .debug_info    0x000000000000998a      0x9d1 ./Debug/sciTinyTimber.c.o

.debug_abbrev   0x0000000000000000     0x1dea
 .debug_abbrev  0x0000000000000000      0x164 ./Debug/driver_src_stm32f4xx_syscfg.c.o
 .debug_abbrev  0x0000000000000164      0x1ea ./Debug/driver_src_stm32f4xx_exti.c.o
 .debug_abbrev  0x000000000000034e      0x238 ./Debug/driver_src_stm32f4xx_can.c.o
 .debug_abbrev  0x0000000000000586      0x1a8 ./Debug/driver_src_stm32f4xx_usart.c.o
 .debug_abbrev  0x000000000000072e      0x1f9 ./Debug/driver_src_stm32f4xx_rcc.c.o
 .debug_abbrev  0x0000000000000927      0x1b9 ./Debug/driver_src_stm32f4xx_dac.c.o
 .debug_abbrev  0x0000000000000ae0      0x1e6 ./Debug/driver_src_stm32f4xx_gpio.c.o
 .debug_abbrev  0x0000000000000cc6      0x1c2 ./Debug/driver_src_stm32f4xx_tim.c.o
 .debug_abbrev  0x0000000000000e88      0x286 ./Debug/startup.c.o
 .debug_abbrev  0x000000000000110e      0x277 ./Debug/canTinyTimber.c.o
 .debug_abbrev  0x0000000000001385      0x4f2 ./Debug/TinyTimber.c.o
 .debug_abbrev  0x0000000000001877      0x300 ./Debug/application.c.o
 .debug_abbrev  0x0000000000001b77      0x273 ./Debug/sciTinyTimber.c.o

.debug_aranges  0x0000000000000000      0x1a8
 .debug_aranges
                0x0000000000000000       0x20 ./Debug/driver_src_stm32f4xx_syscfg.c.o
 .debug_aranges
                0x0000000000000020       0x20 ./Debug/driver_src_stm32f4xx_exti.c.o
 .debug_aranges
                0x0000000000000040       0x20 ./Debug/driver_src_stm32f4xx_can.c.o
 .debug_aranges
                0x0000000000000060       0x20 ./Debug/driver_src_stm32f4xx_usart.c.o
 .debug_aranges
                0x0000000000000080       0x20 ./Debug/driver_src_stm32f4xx_rcc.c.o
 .debug_aranges
                0x00000000000000a0       0x20 ./Debug/driver_src_stm32f4xx_dac.c.o
 .debug_aranges
                0x00000000000000c0       0x20 ./Debug/driver_src_stm32f4xx_gpio.c.o
 .debug_aranges
                0x00000000000000e0       0x20 ./Debug/driver_src_stm32f4xx_tim.c.o
 .debug_aranges
                0x0000000000000100       0x28 ./Debug/startup.c.o
 .debug_aranges
                0x0000000000000128       0x20 ./Debug/canTinyTimber.c.o
 .debug_aranges
                0x0000000000000148       0x20 ./Debug/TinyTimber.c.o
 .debug_aranges
                0x0000000000000168       0x20 ./Debug/application.c.o
 .debug_aranges
                0x0000000000000188       0x20 ./Debug/sciTinyTimber.c.o

.debug_line     0x0000000000000000     0x4ad1
 .debug_line    0x0000000000000000      0x250 ./Debug/driver_src_stm32f4xx_syscfg.c.o
 .debug_line    0x0000000000000250      0x33b ./Debug/driver_src_stm32f4xx_exti.c.o
 .debug_line    0x000000000000058b      0x913 ./Debug/driver_src_stm32f4xx_can.c.o
 .debug_line    0x0000000000000e9e      0x5ce ./Debug/driver_src_stm32f4xx_usart.c.o
 .debug_line    0x000000000000146c      0x7c4 ./Debug/driver_src_stm32f4xx_rcc.c.o
 .debug_line    0x0000000000001c30      0x411 ./Debug/driver_src_stm32f4xx_dac.c.o
 .debug_line    0x0000000000002041      0x46c ./Debug/driver_src_stm32f4xx_gpio.c.o
 .debug_line    0x00000000000024ad      0xbe1 ./Debug/driver_src_stm32f4xx_tim.c.o
 .debug_line    0x000000000000308e      0x3c7 ./Debug/startup.c.o
 .debug_line    0x0000000000003455      0x46f ./Debug/canTinyTimber.c.o
 .debug_line    0x00000000000038c4      0xad5 ./Debug/TinyTimber.c.o
 .debug_line    0x0000000000004399      0x439 ./Debug/application.c.o
 .debug_line    0x00000000000047d2      0x2ff ./Debug/sciTinyTimber.c.o

.debug_str      0x0000000000000000     0x3762
 .debug_str     0x0000000000000000      0x308 ./Debug/driver_src_stm32f4xx_syscfg.c.o
                                        0x370 (size before relaxing)
 .debug_str     0x0000000000000308      0x1d5 ./Debug/driver_src_stm32f4xx_exti.c.o
                                        0x3ae (size before relaxing)
 .debug_str     0x00000000000004dd      0x573 ./Debug/driver_src_stm32f4xx_can.c.o
                                        0x7a0 (size before relaxing)
 .debug_str     0x0000000000000a50      0x4a2 ./Debug/driver_src_stm32f4xx_usart.c.o
                                        0x6f1 (size before relaxing)
 .debug_str     0x0000000000000ef2      0x730 ./Debug/driver_src_stm32f4xx_rcc.c.o
                                        0x9f7 (size before relaxing)
 .debug_str     0x0000000000001622      0x2a3 ./Debug/driver_src_stm32f4xx_dac.c.o
                                        0x4b5 (size before relaxing)
 .debug_str     0x00000000000018c5      0x32a ./Debug/driver_src_stm32f4xx_gpio.c.o
                                        0x505 (size before relaxing)
 .debug_str     0x0000000000001bef      0xb91 ./Debug/driver_src_stm32f4xx_tim.c.o
                                        0xe32 (size before relaxing)
 .debug_str     0x0000000000002780      0x18e ./Debug/startup.c.o
                                        0x7f8 (size before relaxing)
 .debug_str     0x000000000000290e      0x66a ./Debug/canTinyTimber.c.o
                                        0xa76 (size before relaxing)
 .debug_str     0x0000000000002f78      0x305 ./Debug/TinyTimber.c.o
                                        0xcb5 (size before relaxing)
 .debug_str     0x000000000000327d      0x46b ./Debug/application.c.o
                                        0x816 (size before relaxing)
 .debug_str     0x00000000000036e8       0x7a ./Debug/sciTinyTimber.c.o
                                        0x8d5 (size before relaxing)

.comment        0x0000000000000000       0x79
 .comment       0x0000000000000000       0x79 ./Debug/driver_src_stm32f4xx_syscfg.c.o
                                         0x7a (size before relaxing)
 .comment       0x0000000000000079       0x7a ./Debug/driver_src_stm32f4xx_exti.c.o
 .comment       0x0000000000000079       0x7a ./Debug/driver_src_stm32f4xx_can.c.o
 .comment       0x0000000000000079       0x7a ./Debug/driver_src_stm32f4xx_usart.c.o
 .comment       0x0000000000000079       0x7a ./Debug/driver_src_stm32f4xx_rcc.c.o
 .comment       0x0000000000000079       0x7a ./Debug/driver_src_stm32f4xx_dac.c.o
 .comment       0x0000000000000079       0x7a ./Debug/driver_src_stm32f4xx_gpio.c.o
 .comment       0x0000000000000079       0x7a ./Debug/driver_src_stm32f4xx_tim.c.o
 .comment       0x0000000000000079       0x7a ./Debug/startup.c.o
 .comment       0x0000000000000079       0x7a ./Debug/canTinyTimber.c.o
 .comment       0x0000000000000079       0x7a ./Debug/TinyTimber.c.o
 .comment       0x0000000000000079       0x7a ./Debug/application.c.o
 .comment       0x0000000000000079       0x7a ./Debug/sciTinyTimber.c.o

.ARM.attributes
                0x0000000000000000       0x32
 .ARM.attributes
                0x0000000000000000       0x34 ./Debug/driver_src_stm32f4xx_syscfg.c.o
 .ARM.attributes
                0x0000000000000034       0x34 ./Debug/driver_src_stm32f4xx_exti.c.o
 .ARM.attributes
                0x0000000000000068       0x34 ./Debug/driver_src_stm32f4xx_can.c.o
 .ARM.attributes
                0x000000000000009c       0x34 ./Debug/driver_src_stm32f4xx_usart.c.o
 .ARM.attributes
                0x00000000000000d0       0x34 ./Debug/driver_src_stm32f4xx_rcc.c.o
 .ARM.attributes
                0x0000000000000104       0x34 ./Debug/driver_src_stm32f4xx_dac.c.o
 .ARM.attributes
                0x0000000000000138       0x34 ./Debug/driver_src_stm32f4xx_gpio.c.o
 .ARM.attributes
                0x000000000000016c       0x34 ./Debug/driver_src_stm32f4xx_tim.c.o
 .ARM.attributes
                0x00000000000001a0       0x34 ./Debug/startup.c.o
 .ARM.attributes
                0x00000000000001d4       0x25 ./Debug/dispatch.s.o
 .ARM.attributes
                0x00000000000001f9       0x34 ./Debug/canTinyTimber.c.o
 .ARM.attributes
                0x000000000000022d       0x34 ./Debug/TinyTimber.c.o
 .ARM.attributes
                0x0000000000000261       0x34 ./Debug/application.c.o
 .ARM.attributes
                0x0000000000000295       0x34 ./Debug/sciTinyTimber.c.o
 .ARM.attributes
                0x00000000000002c9       0x34 /Applications/codelite.app/Contents/SharedSupport/tools/gcc-arm/bin/../lib/gcc/arm-none-eabi/9.2.1/../../../../arm-none-eabi/lib/thumb/v7e-m+fp/hard/libc_nano.a(lib_a-atoi.o)
 .ARM.attributes
                0x00000000000002fd       0x34 /Applications/codelite.app/Contents/SharedSupport/tools/gcc-arm/bin/../lib/gcc/arm-none-eabi/9.2.1/../../../../arm-none-eabi/lib/thumb/v7e-m+fp/hard/libc_nano.a(lib_a-snprintf.o)
 .ARM.attributes
                0x0000000000000331       0x34 /Applications/codelite.app/Contents/SharedSupport/tools/gcc-arm/bin/../lib/gcc/arm-none-eabi/9.2.1/../../../../arm-none-eabi/lib/thumb/v7e-m+fp/hard/libc_nano.a(lib_a-strtol.o)
 .ARM.attributes
                0x0000000000000365       0x32 /Applications/codelite.app/Contents/SharedSupport/tools/gcc-arm/bin/../lib/gcc/arm-none-eabi/9.2.1/../../../../arm-none-eabi/lib/thumb/v7e-m+fp/hard/libc_nano.a(lib_a-ctype_.o)
 .ARM.attributes
                0x0000000000000397       0x32 /Applications/codelite.app/Contents/SharedSupport/tools/gcc-arm/bin/../lib/gcc/arm-none-eabi/9.2.1/../../../../arm-none-eabi/lib/thumb/v7e-m+fp/hard/libc_nano.a(lib_a-impure.o)
 .ARM.attributes
                0x00000000000003c9       0x34 /Applications/codelite.app/Contents/SharedSupport/tools/gcc-arm/bin/../lib/gcc/arm-none-eabi/9.2.1/../../../../arm-none-eabi/lib/thumb/v7e-m+fp/hard/libc_nano.a(lib_a-nano-svfprintf.o)
 .ARM.attributes
                0x00000000000003fd       0x34 /Applications/codelite.app/Contents/SharedSupport/tools/gcc-arm/bin/../lib/gcc/arm-none-eabi/9.2.1/../../../../arm-none-eabi/lib/thumb/v7e-m+fp/hard/libc_nano.a(lib_a-nano-vfprintf_i.o)
 .ARM.attributes
                0x0000000000000431       0x1c /Applications/codelite.app/Contents/SharedSupport/tools/gcc-arm/bin/../lib/gcc/arm-none-eabi/9.2.1/../../../../arm-none-eabi/lib/thumb/v7e-m+fp/hard/libc_nano.a(lib_a-memchr.o)
 .ARM.attributes
                0x000000000000044d       0x34 /Applications/codelite.app/Contents/SharedSupport/tools/gcc-arm/bin/../lib/gcc/arm-none-eabi/9.2.1/../../../../arm-none-eabi/lib/thumb/v7e-m+fp/hard/libc_nano.a(lib_a-memcpy-stub.o)
 .ARM.attributes
                0x0000000000000481       0x34 /Applications/codelite.app/Contents/SharedSupport/tools/gcc-arm/bin/../lib/gcc/arm-none-eabi/9.2.1/../../../../arm-none-eabi/lib/thumb/v7e-m+fp/hard/libc_nano.a(lib_a-memmove.o)
 .ARM.attributes
                0x00000000000004b5       0x34 /Applications/codelite.app/Contents/SharedSupport/tools/gcc-arm/bin/../lib/gcc/arm-none-eabi/9.2.1/../../../../arm-none-eabi/lib/thumb/v7e-m+fp/hard/libc_nano.a(lib_a-nano-freer.o)
 .ARM.attributes
                0x00000000000004e9       0x34 /Applications/codelite.app/Contents/SharedSupport/tools/gcc-arm/bin/../lib/gcc/arm-none-eabi/9.2.1/../../../../arm-none-eabi/lib/thumb/v7e-m+fp/hard/libc_nano.a(lib_a-nano-mallocr.o)
 .ARM.attributes
                0x000000000000051d       0x34 /Applications/codelite.app/Contents/SharedSupport/tools/gcc-arm/bin/../lib/gcc/arm-none-eabi/9.2.1/../../../../arm-none-eabi/lib/thumb/v7e-m+fp/hard/libc_nano.a(lib_a-nano-reallocr.o)
 .ARM.attributes
                0x0000000000000551       0x34 /Applications/codelite.app/Contents/SharedSupport/tools/gcc-arm/bin/../lib/gcc/arm-none-eabi/9.2.1/../../../../arm-none-eabi/lib/thumb/v7e-m+fp/hard/libc_nano.a(lib_a-sbrkr.o)
 .ARM.attributes
                0x0000000000000585       0x34 /Applications/codelite.app/Contents/SharedSupport/tools/gcc-arm/bin/../lib/gcc/arm-none-eabi/9.2.1/../../../../arm-none-eabi/lib/thumb/v7e-m+fp/hard/libc_nano.a(lib_a-mlock.o)
 .ARM.attributes
                0x00000000000005b9       0x34 /Applications/codelite.app/Contents/SharedSupport/tools/gcc-arm/bin/../lib/gcc/arm-none-eabi/9.2.1/../../../../arm-none-eabi/lib/thumb/v7e-m+fp/hard/libc_nano.a(lib_a-nano-msizer.o)
 .ARM.attributes
                0x00000000000005ed       0x34 /Applications/codelite.app/Contents/SharedSupport/tools/gcc-arm/bin/../lib/gcc/arm-none-eabi/9.2.1/../../../../arm-none-eabi/lib/thumb/v7e-m+fp/hard/libc_nano.a(lib_a-reent.o)
 .ARM.attributes
                0x0000000000000621       0x34 /Applications/codelite.app/Contents/SharedSupport/tools/gcc-arm/bin/../lib/gcc/arm-none-eabi/9.2.1/../../../../arm-none-eabi/lib/thumb/v7e-m+fp/hard/libc_nano.a(lib_a-lock.o)

.debug_frame    0x0000000000000000     0x345c
 .debug_frame   0x0000000000000000      0x11c ./Debug/driver_src_stm32f4xx_syscfg.c.o
 .debug_frame   0x000000000000011c      0x148 ./Debug/driver_src_stm32f4xx_exti.c.o
 .debug_frame   0x0000000000000264      0x3f8 ./Debug/driver_src_stm32f4xx_can.c.o
 .debug_frame   0x000000000000065c      0x490 ./Debug/driver_src_stm32f4xx_usart.c.o
 .debug_frame   0x0000000000000aec      0x814 ./Debug/driver_src_stm32f4xx_rcc.c.o
 .debug_frame   0x0000000000001300      0x2ac ./Debug/driver_src_stm32f4xx_dac.c.o
 .debug_frame   0x00000000000015ac      0x23c ./Debug/driver_src_stm32f4xx_gpio.c.o
 .debug_frame   0x00000000000017e8      0xe54 ./Debug/driver_src_stm32f4xx_tim.c.o
 .debug_frame   0x000000000000263c      0x14c ./Debug/startup.c.o
 .debug_frame   0x0000000000002788      0x100 ./Debug/canTinyTimber.c.o
 .debug_frame   0x0000000000002888      0x57c ./Debug/TinyTimber.c.o
 .debug_frame   0x0000000000002e04       0xc0 ./Debug/application.c.o
 .debug_frame   0x0000000000002ec4      0x11c ./Debug/sciTinyTimber.c.o
 .debug_frame   0x0000000000002fe0       0x30 /Applications/codelite.app/Contents/SharedSupport/tools/gcc-arm/bin/../lib/gcc/arm-none-eabi/9.2.1/../../../../arm-none-eabi/lib/thumb/v7e-m+fp/hard/libc_nano.a(lib_a-atoi.o)
 .debug_frame   0x0000000000003010       0x7c /Applications/codelite.app/Contents/SharedSupport/tools/gcc-arm/bin/../lib/gcc/arm-none-eabi/9.2.1/../../../../arm-none-eabi/lib/thumb/v7e-m+fp/hard/libc_nano.a(lib_a-snprintf.o)
 .debug_frame   0x000000000000308c       0x64 /Applications/codelite.app/Contents/SharedSupport/tools/gcc-arm/bin/../lib/gcc/arm-none-eabi/9.2.1/../../../../arm-none-eabi/lib/thumb/v7e-m+fp/hard/libc_nano.a(lib_a-strtol.o)
 .debug_frame   0x00000000000030f0       0x90 /Applications/codelite.app/Contents/SharedSupport/tools/gcc-arm/bin/../lib/gcc/arm-none-eabi/9.2.1/../../../../arm-none-eabi/lib/thumb/v7e-m+fp/hard/libc_nano.a(lib_a-nano-svfprintf.o)
 .debug_frame   0x0000000000003180       0x60 /Applications/codelite.app/Contents/SharedSupport/tools/gcc-arm/bin/../lib/gcc/arm-none-eabi/9.2.1/../../../../arm-none-eabi/lib/thumb/v7e-m+fp/hard/libc_nano.a(lib_a-nano-vfprintf_i.o)
 .debug_frame   0x00000000000031e0       0x28 /Applications/codelite.app/Contents/SharedSupport/tools/gcc-arm/bin/../lib/gcc/arm-none-eabi/9.2.1/../../../../arm-none-eabi/lib/thumb/v7e-m+fp/hard/libc_nano.a(lib_a-memcpy-stub.o)
 .debug_frame   0x0000000000003208       0x28 /Applications/codelite.app/Contents/SharedSupport/tools/gcc-arm/bin/../lib/gcc/arm-none-eabi/9.2.1/../../../../arm-none-eabi/lib/thumb/v7e-m+fp/hard/libc_nano.a(lib_a-memmove.o)
 .debug_frame   0x0000000000003230       0x38 /Applications/codelite.app/Contents/SharedSupport/tools/gcc-arm/bin/../lib/gcc/arm-none-eabi/9.2.1/../../../../arm-none-eabi/lib/thumb/v7e-m+fp/hard/libc_nano.a(lib_a-nano-freer.o)
 .debug_frame   0x0000000000003268       0x30 /Applications/codelite.app/Contents/SharedSupport/tools/gcc-arm/bin/../lib/gcc/arm-none-eabi/9.2.1/../../../../arm-none-eabi/lib/thumb/v7e-m+fp/hard/libc_nano.a(lib_a-nano-mallocr.o)
 .debug_frame   0x0000000000003298       0x3c /Applications/codelite.app/Contents/SharedSupport/tools/gcc-arm/bin/../lib/gcc/arm-none-eabi/9.2.1/../../../../arm-none-eabi/lib/thumb/v7e-m+fp/hard/libc_nano.a(lib_a-nano-reallocr.o)
 .debug_frame   0x00000000000032d4       0x2c /Applications/codelite.app/Contents/SharedSupport/tools/gcc-arm/bin/../lib/gcc/arm-none-eabi/9.2.1/../../../../arm-none-eabi/lib/thumb/v7e-m+fp/hard/libc_nano.a(lib_a-sbrkr.o)
 .debug_frame   0x0000000000003300       0x30 /Applications/codelite.app/Contents/SharedSupport/tools/gcc-arm/bin/../lib/gcc/arm-none-eabi/9.2.1/../../../../arm-none-eabi/lib/thumb/v7e-m+fp/hard/libc_nano.a(lib_a-mlock.o)
 .debug_frame   0x0000000000003330       0x20 /Applications/codelite.app/Contents/SharedSupport/tools/gcc-arm/bin/../lib/gcc/arm-none-eabi/9.2.1/../../../../arm-none-eabi/lib/thumb/v7e-m+fp/hard/libc_nano.a(lib_a-nano-msizer.o)
 .debug_frame   0x0000000000003350       0x5c /Applications/codelite.app/Contents/SharedSupport/tools/gcc-arm/bin/../lib/gcc/arm-none-eabi/9.2.1/../../../../arm-none-eabi/lib/thumb/v7e-m+fp/hard/libc_nano.a(lib_a-reent.o)
 .debug_frame   0x00000000000033ac       0xb0 /Applications/codelite.app/Contents/SharedSupport/tools/gcc-arm/bin/../lib/gcc/arm-none-eabi/9.2.1/../../../../arm-none-eabi/lib/thumb/v7e-m+fp/hard/libc_nano.a(lib_a-lock.o)

.debug_ranges   0x0000000000000000       0x18
 .debug_ranges  0x0000000000000000       0x18 ./Debug/startup.c.o

Cross Reference Table

Symbol                                            File
ABORT                                             ./Debug/TinyTimber.c.o
CAN_CancelTransmit                                ./Debug/driver_src_stm32f4xx_can.c.o
CAN_ClearFlag                                     ./Debug/driver_src_stm32f4xx_can.c.o
CAN_ClearITPendingBit                             ./Debug/driver_src_stm32f4xx_can.c.o
CAN_DBGFreeze                                     ./Debug/driver_src_stm32f4xx_can.c.o
CAN_DeInit                                        ./Debug/driver_src_stm32f4xx_can.c.o
                                                  ./Debug/startup.c.o
CAN_FIFORelease                                   ./Debug/driver_src_stm32f4xx_can.c.o
CAN_FilterInit                                    ./Debug/driver_src_stm32f4xx_can.c.o
                                                  ./Debug/startup.c.o
CAN_GetFlagStatus                                 ./Debug/driver_src_stm32f4xx_can.c.o
                                                  ./Debug/canTinyTimber.c.o
CAN_GetITStatus                                   ./Debug/driver_src_stm32f4xx_can.c.o
CAN_GetLSBTransmitErrorCounter                    ./Debug/driver_src_stm32f4xx_can.c.o
CAN_GetLastErrorCode                              ./Debug/driver_src_stm32f4xx_can.c.o
CAN_GetReceiveErrorCounter                        ./Debug/driver_src_stm32f4xx_can.c.o
CAN_ITConfig                                      ./Debug/driver_src_stm32f4xx_can.c.o
                                                  ./Debug/canTinyTimber.c.o
CAN_Init                                          ./Debug/driver_src_stm32f4xx_can.c.o
                                                  ./Debug/canTinyTimber.c.o
CAN_MessagePending                                ./Debug/driver_src_stm32f4xx_can.c.o
CAN_OperatingModeRequest                          ./Debug/driver_src_stm32f4xx_can.c.o
CAN_Receive                                       ./Debug/driver_src_stm32f4xx_can.c.o
                                                  ./Debug/canTinyTimber.c.o
CAN_SlaveStartBank                                ./Debug/driver_src_stm32f4xx_can.c.o
CAN_Sleep                                         ./Debug/driver_src_stm32f4xx_can.c.o
CAN_StructInit                                    ./Debug/driver_src_stm32f4xx_can.c.o
                                                  ./Debug/canTinyTimber.c.o
CAN_TTComModeCmd                                  ./Debug/driver_src_stm32f4xx_can.c.o
CAN_Transmit                                      ./Debug/driver_src_stm32f4xx_can.c.o
                                                  ./Debug/canTinyTimber.c.o
CAN_TransmitStatus                                ./Debug/driver_src_stm32f4xx_can.c.o
CAN_WakeUp                                        ./Debug/driver_src_stm32f4xx_can.c.o
CURRENT_OFFSET                                    ./Debug/TinyTimber.c.o
DAC_ClearFlag                                     ./Debug/driver_src_stm32f4xx_dac.c.o
DAC_ClearITPendingBit                             ./Debug/driver_src_stm32f4xx_dac.c.o
DAC_Cmd                                           ./Debug/driver_src_stm32f4xx_dac.c.o
                                                  ./Debug/startup.c.o
DAC_DMACmd                                        ./Debug/driver_src_stm32f4xx_dac.c.o
DAC_DeInit                                        ./Debug/driver_src_stm32f4xx_dac.c.o
                                                  ./Debug/startup.c.o
DAC_DualSoftwareTriggerCmd                        ./Debug/driver_src_stm32f4xx_dac.c.o
DAC_GetDataOutputValue                            ./Debug/driver_src_stm32f4xx_dac.c.o
DAC_GetFlagStatus                                 ./Debug/driver_src_stm32f4xx_dac.c.o
DAC_GetITStatus                                   ./Debug/driver_src_stm32f4xx_dac.c.o
DAC_ITConfig                                      ./Debug/driver_src_stm32f4xx_dac.c.o
DAC_Init                                          ./Debug/driver_src_stm32f4xx_dac.c.o
                                                  ./Debug/startup.c.o
DAC_SetChannel1Data                               ./Debug/driver_src_stm32f4xx_dac.c.o
DAC_SetChannel2Data                               ./Debug/driver_src_stm32f4xx_dac.c.o
                                                  ./Debug/startup.c.o
DAC_SetDualChannelData                            ./Debug/driver_src_stm32f4xx_dac.c.o
DAC_SoftwareTriggerCmd                            ./Debug/driver_src_stm32f4xx_dac.c.o
DAC_StructInit                                    ./Debug/driver_src_stm32f4xx_dac.c.o
                                                  ./Debug/startup.c.o
DAC_WaveGenerationCmd                             ./Debug/driver_src_stm32f4xx_dac.c.o
DUMP                                              ./Debug/TinyTimber.c.o
                                                  ./Debug/canTinyTimber.c.o
                                                  ./Debug/dispatch.s.o
DUMPC                                             ./Debug/TinyTimber.c.o
DUMPD                                             ./Debug/TinyTimber.c.o
                                                  ./Debug/dispatch.s.o
DUMPH                                             ./Debug/TinyTimber.c.o
                                                  ./Debug/dispatch.s.o
EXTI_ClearFlag                                    ./Debug/driver_src_stm32f4xx_exti.c.o
EXTI_ClearITPendingBit                            ./Debug/driver_src_stm32f4xx_exti.c.o
EXTI_DeInit                                       ./Debug/driver_src_stm32f4xx_exti.c.o
                                                  ./Debug/startup.c.o
EXTI_GenerateSWInterrupt                          ./Debug/driver_src_stm32f4xx_exti.c.o
EXTI_GetFlagStatus                                ./Debug/driver_src_stm32f4xx_exti.c.o
EXTI_GetITStatus                                  ./Debug/driver_src_stm32f4xx_exti.c.o
EXTI_Init                                         ./Debug/driver_src_stm32f4xx_exti.c.o
                                                  ./Debug/startup.c.o
EXTI_StructInit                                   ./Debug/driver_src_stm32f4xx_exti.c.o
                                                  ./Debug/startup.c.o
GPIO_DeInit                                       ./Debug/driver_src_stm32f4xx_gpio.c.o
                                                  ./Debug/startup.c.o
GPIO_Init                                         ./Debug/driver_src_stm32f4xx_gpio.c.o
                                                  ./Debug/startup.c.o
GPIO_PinAFConfig                                  ./Debug/driver_src_stm32f4xx_gpio.c.o
                                                  ./Debug/startup.c.o
GPIO_PinLockConfig                                ./Debug/driver_src_stm32f4xx_gpio.c.o
GPIO_ReadInputData                                ./Debug/driver_src_stm32f4xx_gpio.c.o
GPIO_ReadInputDataBit                             ./Debug/driver_src_stm32f4xx_gpio.c.o
GPIO_ReadOutputData                               ./Debug/driver_src_stm32f4xx_gpio.c.o
GPIO_ReadOutputDataBit                            ./Debug/driver_src_stm32f4xx_gpio.c.o
GPIO_ResetBits                                    ./Debug/driver_src_stm32f4xx_gpio.c.o
GPIO_SetBits                                      ./Debug/driver_src_stm32f4xx_gpio.c.o
GPIO_StructInit                                   ./Debug/driver_src_stm32f4xx_gpio.c.o
                                                  ./Debug/startup.c.o
GPIO_ToggleBits                                   ./Debug/driver_src_stm32f4xx_gpio.c.o
GPIO_Write                                        ./Debug/driver_src_stm32f4xx_gpio.c.o
GPIO_WriteBit                                     ./Debug/driver_src_stm32f4xx_gpio.c.o
                                                  ./Debug/TinyTimber.c.o
                                                  ./Debug/startup.c.o
RCC_AHB1PeriphClockCmd                            ./Debug/driver_src_stm32f4xx_rcc.c.o
                                                  ./Debug/startup.c.o
RCC_AHB1PeriphClockLPModeCmd                      ./Debug/driver_src_stm32f4xx_rcc.c.o
RCC_AHB1PeriphResetCmd                            ./Debug/driver_src_stm32f4xx_rcc.c.o
                                                  ./Debug/driver_src_stm32f4xx_gpio.c.o
RCC_AHB2PeriphClockCmd                            ./Debug/driver_src_stm32f4xx_rcc.c.o
RCC_AHB2PeriphClockLPModeCmd                      ./Debug/driver_src_stm32f4xx_rcc.c.o
RCC_AHB2PeriphResetCmd                            ./Debug/driver_src_stm32f4xx_rcc.c.o
RCC_AHB3PeriphClockCmd                            ./Debug/driver_src_stm32f4xx_rcc.c.o
RCC_AHB3PeriphClockLPModeCmd                      ./Debug/driver_src_stm32f4xx_rcc.c.o
RCC_AHB3PeriphResetCmd                            ./Debug/driver_src_stm32f4xx_rcc.c.o
RCC_APB1PeriphClockCmd                            ./Debug/driver_src_stm32f4xx_rcc.c.o
                                                  ./Debug/startup.c.o
RCC_APB1PeriphClockLPModeCmd                      ./Debug/driver_src_stm32f4xx_rcc.c.o
                                                  ./Debug/startup.c.o
RCC_APB1PeriphResetCmd                            ./Debug/driver_src_stm32f4xx_rcc.c.o
                                                  ./Debug/driver_src_stm32f4xx_tim.c.o
                                                  ./Debug/driver_src_stm32f4xx_dac.c.o
                                                  ./Debug/driver_src_stm32f4xx_usart.c.o
                                                  ./Debug/driver_src_stm32f4xx_can.c.o
RCC_APB2PeriphClockCmd                            ./Debug/driver_src_stm32f4xx_rcc.c.o
                                                  ./Debug/startup.c.o
RCC_APB2PeriphClockLPModeCmd                      ./Debug/driver_src_stm32f4xx_rcc.c.o
RCC_APB2PeriphResetCmd                            ./Debug/driver_src_stm32f4xx_rcc.c.o
                                                  ./Debug/driver_src_stm32f4xx_tim.c.o
                                                  ./Debug/driver_src_stm32f4xx_usart.c.o
                                                  ./Debug/driver_src_stm32f4xx_syscfg.c.o
RCC_AdjustHSICalibrationValue                     ./Debug/driver_src_stm32f4xx_rcc.c.o
RCC_BackupResetCmd                                ./Debug/driver_src_stm32f4xx_rcc.c.o
RCC_ClearFlag                                     ./Debug/driver_src_stm32f4xx_rcc.c.o
RCC_ClearITPendingBit                             ./Debug/driver_src_stm32f4xx_rcc.c.o
RCC_ClockSecuritySystemCmd                        ./Debug/driver_src_stm32f4xx_rcc.c.o
RCC_DeInit                                        ./Debug/driver_src_stm32f4xx_rcc.c.o
RCC_GetClocksFreq                                 ./Debug/driver_src_stm32f4xx_rcc.c.o
                                                  ./Debug/driver_src_stm32f4xx_usart.c.o
RCC_GetFlagStatus                                 ./Debug/driver_src_stm32f4xx_rcc.c.o
RCC_GetITStatus                                   ./Debug/driver_src_stm32f4xx_rcc.c.o
RCC_GetSYSCLKSource                               ./Debug/driver_src_stm32f4xx_rcc.c.o
RCC_HCLKConfig                                    ./Debug/driver_src_stm32f4xx_rcc.c.o
RCC_HSEConfig                                     ./Debug/driver_src_stm32f4xx_rcc.c.o
RCC_HSICmd                                        ./Debug/driver_src_stm32f4xx_rcc.c.o
RCC_I2SCLKConfig                                  ./Debug/driver_src_stm32f4xx_rcc.c.o
RCC_ITConfig                                      ./Debug/driver_src_stm32f4xx_rcc.c.o
RCC_LSEConfig                                     ./Debug/driver_src_stm32f4xx_rcc.c.o
RCC_LSICmd                                        ./Debug/driver_src_stm32f4xx_rcc.c.o
RCC_LTDCCLKDivConfig                              ./Debug/driver_src_stm32f4xx_rcc.c.o
RCC_MCO1Config                                    ./Debug/driver_src_stm32f4xx_rcc.c.o
RCC_MCO2Config                                    ./Debug/driver_src_stm32f4xx_rcc.c.o
RCC_PCLK1Config                                   ./Debug/driver_src_stm32f4xx_rcc.c.o
RCC_PCLK2Config                                   ./Debug/driver_src_stm32f4xx_rcc.c.o
RCC_PLLCmd                                        ./Debug/driver_src_stm32f4xx_rcc.c.o
RCC_PLLConfig                                     ./Debug/driver_src_stm32f4xx_rcc.c.o
RCC_PLLI2SCmd                                     ./Debug/driver_src_stm32f4xx_rcc.c.o
RCC_PLLI2SConfig                                  ./Debug/driver_src_stm32f4xx_rcc.c.o
RCC_PLLSAICmd                                     ./Debug/driver_src_stm32f4xx_rcc.c.o
RCC_PLLSAIConfig                                  ./Debug/driver_src_stm32f4xx_rcc.c.o
RCC_RTCCLKCmd                                     ./Debug/driver_src_stm32f4xx_rcc.c.o
RCC_RTCCLKConfig                                  ./Debug/driver_src_stm32f4xx_rcc.c.o
RCC_SAIBlockACLKConfig                            ./Debug/driver_src_stm32f4xx_rcc.c.o
RCC_SAIBlockBCLKConfig                            ./Debug/driver_src_stm32f4xx_rcc.c.o
RCC_SAIPLLI2SClkDivConfig                         ./Debug/driver_src_stm32f4xx_rcc.c.o
RCC_SAIPLLSAIClkDivConfig                         ./Debug/driver_src_stm32f4xx_rcc.c.o
RCC_SYSCLKConfig                                  ./Debug/driver_src_stm32f4xx_rcc.c.o
RCC_TIMCLKPresConfig                              ./Debug/driver_src_stm32f4xx_rcc.c.o
RCC_WaitForHSEStartUp                             ./Debug/driver_src_stm32f4xx_rcc.c.o
SETPC                                             ./Debug/TinyTimber.c.o
SETSTACK                                          ./Debug/TinyTimber.c.o
SYSCFG_CompensationCellCmd                        ./Debug/driver_src_stm32f4xx_syscfg.c.o
SYSCFG_DeInit                                     ./Debug/driver_src_stm32f4xx_syscfg.c.o
SYSCFG_ETH_MediaInterfaceConfig                   ./Debug/driver_src_stm32f4xx_syscfg.c.o
SYSCFG_EXTILineConfig                             ./Debug/driver_src_stm32f4xx_syscfg.c.o
                                                  ./Debug/startup.c.o
SYSCFG_GetCompensationCellStatus                  ./Debug/driver_src_stm32f4xx_syscfg.c.o
SYSCFG_MemoryRemapConfig                          ./Debug/driver_src_stm32f4xx_syscfg.c.o
SYSCFG_MemorySwappingBank                         ./Debug/driver_src_stm32f4xx_syscfg.c.o
TIMER_INIT                                        ./Debug/TinyTimber.c.o
TIM_ARRPreloadConfig                              ./Debug/driver_src_stm32f4xx_tim.c.o
TIM_BDTRConfig                                    ./Debug/driver_src_stm32f4xx_tim.c.o
TIM_BDTRStructInit                                ./Debug/driver_src_stm32f4xx_tim.c.o
TIM_CCPreloadControl                              ./Debug/driver_src_stm32f4xx_tim.c.o
TIM_CCxCmd                                        ./Debug/driver_src_stm32f4xx_tim.c.o
TIM_CCxNCmd                                       ./Debug/driver_src_stm32f4xx_tim.c.o
TIM_ClearFlag                                     ./Debug/driver_src_stm32f4xx_tim.c.o
TIM_ClearITPendingBit                             ./Debug/driver_src_stm32f4xx_tim.c.o
                                                  ./Debug/TinyTimber.c.o
TIM_ClearOC1Ref                                   ./Debug/driver_src_stm32f4xx_tim.c.o
TIM_ClearOC2Ref                                   ./Debug/driver_src_stm32f4xx_tim.c.o
TIM_ClearOC3Ref                                   ./Debug/driver_src_stm32f4xx_tim.c.o
TIM_ClearOC4Ref                                   ./Debug/driver_src_stm32f4xx_tim.c.o
TIM_Cmd                                           ./Debug/driver_src_stm32f4xx_tim.c.o
                                                  ./Debug/TinyTimber.c.o
TIM_CounterModeConfig                             ./Debug/driver_src_stm32f4xx_tim.c.o
TIM_CtrlPWMOutputs                                ./Debug/driver_src_stm32f4xx_tim.c.o
TIM_DMACmd                                        ./Debug/driver_src_stm32f4xx_tim.c.o
TIM_DMAConfig                                     ./Debug/driver_src_stm32f4xx_tim.c.o
TIM_DeInit                                        ./Debug/driver_src_stm32f4xx_tim.c.o
                                                  ./Debug/TinyTimber.c.o
TIM_ETRClockMode1Config                           ./Debug/driver_src_stm32f4xx_tim.c.o
TIM_ETRClockMode2Config                           ./Debug/driver_src_stm32f4xx_tim.c.o
TIM_ETRConfig                                     ./Debug/driver_src_stm32f4xx_tim.c.o
TIM_EncoderInterfaceConfig                        ./Debug/driver_src_stm32f4xx_tim.c.o
TIM_ForcedOC1Config                               ./Debug/driver_src_stm32f4xx_tim.c.o
TIM_ForcedOC2Config                               ./Debug/driver_src_stm32f4xx_tim.c.o
TIM_ForcedOC3Config                               ./Debug/driver_src_stm32f4xx_tim.c.o
TIM_ForcedOC4Config                               ./Debug/driver_src_stm32f4xx_tim.c.o
TIM_GenerateEvent                                 ./Debug/driver_src_stm32f4xx_tim.c.o
TIM_GetCapture1                                   ./Debug/driver_src_stm32f4xx_tim.c.o
TIM_GetCapture2                                   ./Debug/driver_src_stm32f4xx_tim.c.o
TIM_GetCapture3                                   ./Debug/driver_src_stm32f4xx_tim.c.o
TIM_GetCapture4                                   ./Debug/driver_src_stm32f4xx_tim.c.o
TIM_GetCounter                                    ./Debug/driver_src_stm32f4xx_tim.c.o
                                                  ./Debug/TinyTimber.c.o
TIM_GetFlagStatus                                 ./Debug/driver_src_stm32f4xx_tim.c.o
TIM_GetITStatus                                   ./Debug/driver_src_stm32f4xx_tim.c.o
TIM_GetPrescaler                                  ./Debug/driver_src_stm32f4xx_tim.c.o
TIM_ICInit                                        ./Debug/driver_src_stm32f4xx_tim.c.o
TIM_ICStructInit                                  ./Debug/driver_src_stm32f4xx_tim.c.o
TIM_ITConfig                                      ./Debug/driver_src_stm32f4xx_tim.c.o
                                                  ./Debug/TinyTimber.c.o
TIM_ITRxExternalClockConfig                       ./Debug/driver_src_stm32f4xx_tim.c.o
TIM_InternalClockConfig                           ./Debug/driver_src_stm32f4xx_tim.c.o
TIM_OC1FastConfig                                 ./Debug/driver_src_stm32f4xx_tim.c.o
TIM_OC1Init                                       ./Debug/driver_src_stm32f4xx_tim.c.o
TIM_OC1NPolarityConfig                            ./Debug/driver_src_stm32f4xx_tim.c.o
TIM_OC1PolarityConfig                             ./Debug/driver_src_stm32f4xx_tim.c.o
TIM_OC1PreloadConfig                              ./Debug/driver_src_stm32f4xx_tim.c.o
TIM_OC2FastConfig                                 ./Debug/driver_src_stm32f4xx_tim.c.o
TIM_OC2Init                                       ./Debug/driver_src_stm32f4xx_tim.c.o
TIM_OC2NPolarityConfig                            ./Debug/driver_src_stm32f4xx_tim.c.o
TIM_OC2PolarityConfig                             ./Debug/driver_src_stm32f4xx_tim.c.o
TIM_OC2PreloadConfig                              ./Debug/driver_src_stm32f4xx_tim.c.o
TIM_OC3FastConfig                                 ./Debug/driver_src_stm32f4xx_tim.c.o
TIM_OC3Init                                       ./Debug/driver_src_stm32f4xx_tim.c.o
TIM_OC3NPolarityConfig                            ./Debug/driver_src_stm32f4xx_tim.c.o
TIM_OC3PolarityConfig                             ./Debug/driver_src_stm32f4xx_tim.c.o
TIM_OC3PreloadConfig                              ./Debug/driver_src_stm32f4xx_tim.c.o
TIM_OC4FastConfig                                 ./Debug/driver_src_stm32f4xx_tim.c.o
TIM_OC4Init                                       ./Debug/driver_src_stm32f4xx_tim.c.o
TIM_OC4PolarityConfig                             ./Debug/driver_src_stm32f4xx_tim.c.o
TIM_OC4PreloadConfig                              ./Debug/driver_src_stm32f4xx_tim.c.o
TIM_OCStructInit                                  ./Debug/driver_src_stm32f4xx_tim.c.o
TIM_PWMIConfig                                    ./Debug/driver_src_stm32f4xx_tim.c.o
TIM_PrescalerConfig                               ./Debug/driver_src_stm32f4xx_tim.c.o
TIM_RemapConfig                                   ./Debug/driver_src_stm32f4xx_tim.c.o
TIM_SelectCCDMA                                   ./Debug/driver_src_stm32f4xx_tim.c.o
TIM_SelectCOM                                     ./Debug/driver_src_stm32f4xx_tim.c.o
TIM_SelectHallSensor                              ./Debug/driver_src_stm32f4xx_tim.c.o
TIM_SelectInputTrigger                            ./Debug/driver_src_stm32f4xx_tim.c.o
TIM_SelectMasterSlaveMode                         ./Debug/driver_src_stm32f4xx_tim.c.o
TIM_SelectOCxM                                    ./Debug/driver_src_stm32f4xx_tim.c.o
TIM_SelectOnePulseMode                            ./Debug/driver_src_stm32f4xx_tim.c.o
TIM_SelectOutputTrigger                           ./Debug/driver_src_stm32f4xx_tim.c.o
TIM_SelectSlaveMode                               ./Debug/driver_src_stm32f4xx_tim.c.o
TIM_SetAutoreload                                 ./Debug/driver_src_stm32f4xx_tim.c.o
TIM_SetClockDivision                              ./Debug/driver_src_stm32f4xx_tim.c.o
TIM_SetCompare1                                   ./Debug/driver_src_stm32f4xx_tim.c.o
                                                  ./Debug/TinyTimber.c.o
TIM_SetCompare2                                   ./Debug/driver_src_stm32f4xx_tim.c.o
TIM_SetCompare3                                   ./Debug/driver_src_stm32f4xx_tim.c.o
TIM_SetCompare4                                   ./Debug/driver_src_stm32f4xx_tim.c.o
TIM_SetCounter                                    ./Debug/driver_src_stm32f4xx_tim.c.o
                                                  ./Debug/TinyTimber.c.o
TIM_SetIC1Prescaler                               ./Debug/driver_src_stm32f4xx_tim.c.o
TIM_SetIC2Prescaler                               ./Debug/driver_src_stm32f4xx_tim.c.o
TIM_SetIC3Prescaler                               ./Debug/driver_src_stm32f4xx_tim.c.o
TIM_SetIC4Prescaler                               ./Debug/driver_src_stm32f4xx_tim.c.o
TIM_TIxExternalClockConfig                        ./Debug/driver_src_stm32f4xx_tim.c.o
TIM_TimeBaseInit                                  ./Debug/driver_src_stm32f4xx_tim.c.o
                                                  ./Debug/TinyTimber.c.o
TIM_TimeBaseStructInit                            ./Debug/driver_src_stm32f4xx_tim.c.o
                                                  ./Debug/TinyTimber.c.o
TIM_UpdateDisableConfig                           ./Debug/driver_src_stm32f4xx_tim.c.o
TIM_UpdateRequestConfig                           ./Debug/driver_src_stm32f4xx_tim.c.o
T_RESET                                           ./Debug/TinyTimber.c.o
T_SAMPLE                                          ./Debug/TinyTimber.c.o
USART_ClearFlag                                   ./Debug/driver_src_stm32f4xx_usart.c.o
USART_ClearITPendingBit                           ./Debug/driver_src_stm32f4xx_usart.c.o