Archive member included to satisfy reference by file (symbol)

c:/cseapp/codelite/tools/gcc-arm/bin/../lib/gcc/arm-none-eabi/9.2.1/../../../../arm-none-eabi/lib/thumb/v7e-m+fp/hard\libc_nano.a(lib_a-atoi.o)
                              ./Debug/application.c.o (atoi)
c:/cseapp/codelite/tools/gcc-arm/bin/../lib/gcc/arm-none-eabi/9.2.1/../../../../arm-none-eabi/lib/thumb/v7e-m+fp/hard\libc_nano.a(lib_a-strtol.o)
                              c:/cseapp/codelite/tools/gcc-arm/bin/../lib/gcc/arm-none-eabi/9.2.1/../../../../arm-none-eabi/lib/thumb/v7e-m+fp/hard\libc_nano.a(lib_a-atoi.o) (_strtol_r)
c:/cseapp/codelite/tools/gcc-arm/bin/../lib/gcc/arm-none-eabi/9.2.1/../../../../arm-none-eabi/lib/thumb/v7e-m+fp/hard\libc_nano.a(lib_a-ctype_.o)
                              c:/cseapp/codelite/tools/gcc-arm/bin/../lib/gcc/arm-none-eabi/9.2.1/../../../../arm-none-eabi/lib/thumb/v7e-m+fp/hard\libc_nano.a(lib_a-strtol.o) (_ctype_)
c:/cseapp/codelite/tools/gcc-arm/bin/../lib/gcc/arm-none-eabi/9.2.1/../../../../arm-none-eabi/lib/thumb/v7e-m+fp/hard\libc_nano.a(lib_a-impure.o)
                              c:/cseapp/codelite/tools/gcc-arm/bin/../lib/gcc/arm-none-eabi/9.2.1/../../../../arm-none-eabi/lib/thumb/v7e-m+fp/hard\libc_nano.a(lib_a-strtol.o) (_impure_ptr)

Allocating common symbols
Common symbol       size              file

otable              0xc               ./Debug/TinyTimber.c.o
upcoming            0x4               ./Debug/TinyTimber.c.o
threads             0x50              ./Debug/TinyTimber.c.o
mtable              0xc               ./Debug/TinyTimber.c.o
thread0             0x14              ./Debug/TinyTimber.c.o
messages            0x2d0             ./Debug/TinyTimber.c.o
__heap_end          0x4               ./Debug/TinyTimber.c.o
stacks              0x8000            ./Debug/TinyTimber.c.o

Memory Configuration

Name             Origin             Length             Attributes
RAM              0x20000000         0x0001c000         xrw
*default*        0x00000000         0xffffffff

Linker script and memory map

LOAD ./Debug/dispatch.s.o
LOAD ./Debug/startup.c.o
LOAD ./Debug/canTinyTimber.c.o
LOAD ./Debug/driver_src_stm32f4xx_usart.c.o
LOAD ./Debug/sciTinyTimber.c.o
LOAD ./Debug/TinyTimber.c.o
LOAD ./Debug/driver_src_stm32f4xx_gpio.c.o
LOAD ./Debug/driver_src_stm32f4xx_dac.c.o
LOAD ./Debug/driver_src_stm32f4xx_rcc.c.o
LOAD ./Debug/driver_src_stm32f4xx_tim.c.o
LOAD ./Debug/driver_src_stm32f4xx_can.c.o
LOAD ./Debug/driver_src_stm32f4xx_exti.c.o
LOAD ./Debug/driver_src_stm32f4xx_syscfg.c.o
LOAD ./Debug/backup.c.o
LOAD ./Debug/application.c.o
LOAD c:/cseapp/codelite/tools/gcc-arm/bin/../lib/gcc/arm-none-eabi/9.2.1/../../../../arm-none-eabi/lib/thumb/v7e-m+fp/hard\libstdc++_nano.a
LOAD c:/cseapp/codelite/tools/gcc-arm/bin/../lib/gcc/arm-none-eabi/9.2.1/../../../../arm-none-eabi/lib/thumb/v7e-m+fp/hard\libm.a
START GROUP
LOAD c:/cseapp/codelite/tools/gcc-arm/bin/../lib/gcc/arm-none-eabi/9.2.1/thumb/v7e-m+fp/hard\libgcc.a
LOAD c:/cseapp/codelite/tools/gcc-arm/bin/../lib/gcc/arm-none-eabi/9.2.1/../../../../arm-none-eabi/lib/thumb/v7e-m+fp/hard\libc_nano.a
END GROUP
START GROUP
LOAD c:/cseapp/codelite/tools/gcc-arm/bin/../lib/gcc/arm-none-eabi/9.2.1/thumb/v7e-m+fp/hard\libgcc.a
LOAD c:/cseapp/codelite/tools/gcc-arm/bin/../lib/gcc/arm-none-eabi/9.2.1/../../../../arm-none-eabi/lib/thumb/v7e-m+fp/hard\libc_nano.a
END GROUP

.text           0x20000000     0x72f8
                0x20000000                . = ALIGN (0x4)
 *(.start_section)
 .start_section
                0x20000000       0x1c ./Debug/startup.c.o
                0x20000000                startup
 *(.text)
 .text          0x2000001c       0xf4 ./Debug/dispatch.s.o
                0x2000001c                vect_SVCall
                0x20000020                vect_PendSV
 .text          0x20000110      0x32c ./Debug/startup.c.o
 .text          0x2000043c      0x434 ./Debug/canTinyTimber.c.o
                0x200004c4                can_init
                0x2000057c                can_interrupt
                0x20000704                can_receive
                0x200007ce                can_send
 .text          0x20000870      0x970 ./Debug/driver_src_stm32f4xx_usart.c.o
                0x20000870                USART_DeInit
                0x20000988                USART_Init
                0x20000afc                USART_StructInit
                0x20000b36                USART_ClockInit
                0x20000b8c                USART_ClockStructInit
                0x20000bb8                USART_Cmd
                0x20000bf8                USART_SetPrescaler
                0x20000c32                USART_OverSampling8Cmd
                0x20000c76                USART_OneBitMethodCmd
                0x20000cb6                USART_SendData
                0x20000cda                USART_ReceiveData
                0x20000cfa                USART_SetAddress
                0x20000d34                USART_ReceiverWakeUpCmd
                0x20000d74                USART_WakeUpConfig
                0x20000dac                USART_LINBreakDetectLengthConfig
                0x20000de4                USART_LINCmd
                0x20000e24                USART_SendBreak
                0x20000e48                USART_HalfDuplexCmd
                0x20000e88                USART_SetGuardTime
                0x20000ec4                USART_SmartCardCmd
                0x20000f04                USART_SmartCardNACKCmd
                0x20000f44                USART_IrDAConfig
                0x20000f7c                USART_IrDACmd
                0x20000fbc                USART_DMACmd
                0x20001004                USART_ITConfig
                0x20001094                USART_GetFlagStatus
                0x200010cc                USART_ClearFlag
                0x200010ee                USART_GetITStatus
                0x200011a4                USART_ClearITPendingBit
 .text          0x200011e0      0x294 ./Debug/sciTinyTimber.c.o
                0x20001268                sci_init
                0x2000130e                sci_write
                0x20001364                sci_writechar
                0x2000139a                sci_interrupt
 .text          0x20001474      0xf54 ./Debug/TinyTimber.c.o
                0x200014fc                DUMP
                0x20001536                DUMPH
                0x20001594                DUMPD
                0x20001638                sei
                0x20001656                cli
                0x20001674                _sbrk
                0x200016b8                SETSTACK
                0x20001720                SETPC
                0x20001744                TIMER_INIT
                0x200017dc                DUMPC
                0x20001810                vect_USART1
                0x20001878                vect_CAN1
                0x200018e0                vect_EXTI9_5
                0x20001948                enqueueByDeadline
                0x200019a0                enqueueByBaseline
                0x200019f8                dequeue
                0x20001a48                dequeue_pool
                0x20001a98                insert
                0x20001abc                push
                0x20001ae0                pop
                0x20001b62                vect_TIM5
                0x20001bf4                __svc_dispatch
                0x20001c04                __pendSV_dispatch
                0x20001d74                async
                0x20001eb0                sync
                0x20001fbc                ABORT
                0x20002070                T_RESET
                0x200020ac                T_SAMPLE
                0x200020ec                CURRENT_OFFSET
                0x20002298                install
                0x20002364                tinytimber
 .text          0x200023c8      0x4d8 ./Debug/driver_src_stm32f4xx_gpio.c.o
                0x200023c8                GPIO_DeInit
                0x2000252c                GPIO_Init
                0x2000264a                GPIO_StructInit
                0x2000267e                GPIO_PinLockConfig
                0x200026c2                GPIO_ReadInputDataBit
                0x200026f6                GPIO_ReadInputData
                0x20002710                GPIO_ReadOutputDataBit
                0x20002744                GPIO_ReadOutputData
                0x2000275e                GPIO_SetBits
                0x2000277c                GPIO_ResetBits
                0x2000279a                GPIO_WriteBit
                0x200027ca                GPIO_Write
                0x200027e8                GPIO_ToggleBits
                0x2000280c                GPIO_PinAFConfig
 .text          0x200028a0      0x450 ./Debug/driver_src_stm32f4xx_dac.c.o
                0x200028a0                DAC_DeInit
                0x200028bc                DAC_Init
                0x20002924                DAC_StructInit
                0x20002950                DAC_Cmd
                0x2000299c                DAC_SoftwareTriggerCmd
                0x200029ec                DAC_DualSoftwareTriggerCmd
                0x20002a28                DAC_WaveGenerationCmd
                0x20002a74                DAC_SetChannel1Data
                0x20002aac                DAC_SetChannel2Data
                0x20002ae4                DAC_SetDualChannelData
                0x20002b3c                DAC_GetDataOutputValue
                0x20002b70                DAC_DMACmd
                0x20002bc0                DAC_ITConfig
                0x20002c0c                DAC_GetFlagStatus
                0x20002c48                DAC_ClearFlag
                0x20002c70                DAC_GetITStatus
                0x20002cc8                DAC_ClearITPendingBit
 .text          0x20002cf0      0xcb0 ./Debug/driver_src_stm32f4xx_rcc.c.o
                0x20002cf0                RCC_DeInit
                0x20002d60                RCC_HSEConfig
                0x20002d88                RCC_WaitForHSEStartUp
                0x20002dd8                RCC_AdjustHSICalibrationValue
                0x20002e14                RCC_HSICmd
                0x20002e34                RCC_LSEConfig
                0x20002e78                RCC_LSICmd
                0x20002e98                RCC_PLLConfig
                0x20002ed8                RCC_PLLCmd
                0x20002ef8                RCC_PLLI2SConfig
                0x20002f24                RCC_PLLI2SCmd
                0x20002f44                RCC_PLLSAIConfig
                0x20002f78                RCC_PLLSAICmd
                0x20002f98                RCC_ClockSecuritySystemCmd
                0x20002fb8                RCC_MCO1Config
                0x20002ff8                RCC_MCO2Config
                0x20003038                RCC_SYSCLKConfig
                0x20003070                RCC_GetSYSCLKSource
                0x20003090                RCC_HCLKConfig
                0x200030c8                RCC_PCLK1Config
                0x20003100                RCC_PCLK2Config
                0x2000313c                RCC_GetClocksFreq
                0x20003298                RCC_RTCCLKConfig
                0x200032f4                RCC_RTCCLKCmd
                0x20003314                RCC_BackupResetCmd
                0x20003334                RCC_I2SCLKConfig
                0x20003354                RCC_SAIPLLI2SClkDivConfig
                0x20003394                RCC_SAIPLLSAIClkDivConfig
                0x200033d4                RCC_SAIBlockACLKConfig
                0x20003410                RCC_SAIBlockBCLKConfig
                0x2000344c                RCC_LTDCCLKDivConfig
                0x20003488                RCC_TIMCLKPresConfig
                0x200034a8                RCC_AHB1PeriphClockCmd
                0x200034e8                RCC_AHB2PeriphClockCmd
                0x20003528                RCC_AHB3PeriphClockCmd
                0x20003568                RCC_APB1PeriphClockCmd
                0x200035a8                RCC_APB2PeriphClockCmd
                0x200035e8                RCC_AHB1PeriphResetCmd
                0x20003628                RCC_AHB2PeriphResetCmd
                0x20003668                RCC_AHB3PeriphResetCmd
                0x200036a8                RCC_APB1PeriphResetCmd
                0x200036e8                RCC_APB2PeriphResetCmd
                0x20003728                RCC_AHB1PeriphClockLPModeCmd
                0x20003768                RCC_AHB2PeriphClockLPModeCmd
                0x200037a8                RCC_AHB3PeriphClockLPModeCmd
                0x200037e8                RCC_APB1PeriphClockLPModeCmd
                0x20003828                RCC_APB2PeriphClockLPModeCmd
                0x20003868                RCC_ITConfig
                0x200038b4                RCC_GetFlagStatus
                0x20003928                RCC_ClearFlag
                0x20003948                RCC_GetITStatus
                0x20003980                RCC_ClearITPendingBit
 .text          0x200039a0     0x1c1c ./Debug/driver_src_stm32f4xx_tim.c.o
                0x200039a0                TIM_DeInit
                0x20003b60                TIM_TimeBaseInit
                0x20003c38                TIM_TimeBaseStructInit
                0x20003c6c                TIM_PrescalerConfig
                0x20003c94                TIM_CounterModeConfig
                0x20003ccc                TIM_SetCounter
                0x20003ce8                TIM_SetAutoreload
                0x20003d04                TIM_GetCounter
                0x20003d1c                TIM_GetPrescaler
                0x20003d36                TIM_UpdateDisableConfig
                0x20003d76                TIM_UpdateRequestConfig
                0x20003db6                TIM_ARRPreloadConfig
                0x20003df6                TIM_SelectOnePulseMode
                0x20003e2e                TIM_SetClockDivision
                0x20003e66                TIM_Cmd
                0x20003ea6                TIM_OC1Init
                0x20003f9c                TIM_OC2Init
                0x200040ac                TIM_OC3Init
                0x200041b8                TIM_OC4Init
                0x20004288                TIM_OCStructInit
                0x200042cc                TIM_SelectOCxM
                0x20004382                TIM_SetCompare1
                0x2000439e                TIM_SetCompare2
                0x200043ba                TIM_SetCompare3
                0x200043d6                TIM_SetCompare4
                0x200043f2                TIM_ForcedOC1Config
                0x2000442a                TIM_ForcedOC2Config
                0x20004466                TIM_ForcedOC3Config
                0x2000449e                TIM_ForcedOC4Config
                0x200044da                TIM_OC1PreloadConfig
                0x20004512                TIM_OC2PreloadConfig
                0x2000454e                TIM_OC3PreloadConfig
                0x20004586                TIM_OC4PreloadConfig
                0x200045c2                TIM_OC1FastConfig
                0x200045fa                TIM_OC2FastConfig
                0x20004636                TIM_OC3FastConfig
                0x2000466e                TIM_OC4FastConfig
                0x200046aa                TIM_ClearOC1Ref
                0x200046e2                TIM_ClearOC2Ref
                0x2000471e                TIM_ClearOC3Ref
                0x20004756                TIM_ClearOC4Ref
                0x20004792                TIM_OC1PolarityConfig
                0x200047ca                TIM_OC1NPolarityConfig
                0x20004802                TIM_OC2PolarityConfig
                0x2000483e                TIM_OC2NPolarityConfig
                0x2000487a                TIM_OC3PolarityConfig
                0x200048b6                TIM_OC3NPolarityConfig
                0x200048f2                TIM_OC4PolarityConfig
                0x2000492e                TIM_CCxCmd
                0x20004984                TIM_CCxNCmd
                0x200049da                TIM_ICInit
                0x20004a82                TIM_ICStructInit
                0x20004ab4                TIM_PWMIConfig
                0x20004b6c                TIM_GetCapture1
                0x20004b84                TIM_GetCapture2
                0x20004b9c                TIM_GetCapture3
                0x20004bb4                TIM_GetCapture4
                0x20004bcc                TIM_SetIC1Prescaler
                0x20004c04                TIM_SetIC2Prescaler
                0x20004c40                TIM_SetIC3Prescaler
                0x20004c78                TIM_SetIC4Prescaler
                0x20004cb4                TIM_BDTRConfig
                0x20004d04                TIM_BDTRStructInit
                0x20004d42                TIM_CtrlPWMOutputs
                0x20004d8e                TIM_SelectCOM
                0x20004dce                TIM_CCPreloadControl
                0x20004e0e                TIM_ITConfig
                0x20004e56                TIM_GenerateEvent
                0x20004e74                TIM_GetFlagStatus
                0x20004eac                TIM_ClearFlag
                0x20004ece                TIM_GetITStatus
                0x20004f22                TIM_ClearITPendingBit
                0x20004f44                TIM_DMAConfig
                0x20004f6e                TIM_DMACmd
                0x20004fb6                TIM_SelectCCDMA
                0x20004ff6                TIM_InternalClockConfig
                0x2000501a                TIM_ITRxExternalClockConfig
                0x20005048                TIM_TIxExternalClockConfig
                0x200050a4                TIM_ETRClockMode1Config
                0x20005102                TIM_ETRClockMode2Config
                0x20005140                TIM_SelectInputTrigger
                0x20005178                TIM_SelectOutputTrigger
                0x200051b0                TIM_SelectSlaveMode
                0x200051e8                TIM_SelectMasterSlaveMode
                0x20005220                TIM_ETRConfig
                0x20005274                TIM_EncoderInterfaceConfig
                0x2000530c                TIM_SelectHallSensor
                0x2000534c                TIM_RemapConfig
 .text          0x200055bc     0x11b4 ./Debug/driver_src_stm32f4xx_can.c.o
                0x200055bc                CAN_DeInit
                0x20005604                CAN_Init
                0x200057a6                CAN_FilterInit
                0x2000592c                CAN_StructInit
                0x20005982                CAN_SlaveStartBank
                0x200059e4                CAN_DBGFreeze
                0x20005a1c                CAN_TTComModeCmd
                0x20005ab4                CAN_Transmit
                0x20005c56                CAN_TransmitStatus
                0x20005d5c                CAN_CancelTransmit
                0x20005db4                CAN_Receive
                0x20005f30                CAN_FIFORelease
                0x20005f68                CAN_MessagePending
                0x20005fb2                CAN_OperatingModeRequest
                0x200060ae                CAN_Sleep
                0x200060e8                CAN_WakeUp
                0x2000613e                CAN_GetLastErrorCode
                0x20006164                CAN_GetReceiveErrorCounter
                0x20006186                CAN_GetLSBTransmitErrorCounter
                0x200061a8                CAN_ITConfig
                0x200061e4                CAN_GetFlagStatus
                0x200062b2                CAN_ClearFlag
                0x20006324                CAN_GetITStatus
                0x20006588                CAN_ClearITPendingBit
 .text          0x20006770      0x210 ./Debug/driver_src_stm32f4xx_exti.c.o
                0x20006770                EXTI_DeInit
                0x200067a4                EXTI_Init
                0x20006888                EXTI_StructInit
                0x200068b4                EXTI_GenerateSWInterrupt
                0x200068d8                EXTI_GetFlagStatus
                0x2000690c                EXTI_ClearFlag
                0x2000692c                EXTI_GetITStatus
                0x20006960                EXTI_ClearITPendingBit
 .text          0x20006980      0x154 ./Debug/driver_src_stm32f4xx_syscfg.c.o
                0x20006980                SYSCFG_DeInit
                0x2000699c                SYSCFG_MemoryRemapConfig
                0x200069bc                SYSCFG_MemorySwappingBank
                0x200069dc                SYSCFG_EXTILineConfig
                0x20006a60                SYSCFG_ETH_MediaInterfaceConfig
                0x20006a80                SYSCFG_CompensationCellCmd
                0x20006aa0                SYSCFG_GetCompensationCellStatus
 .text          0x20006ad4        0x0 ./Debug/backup.c.o
 .text          0x20006ad4      0x3c8 ./Debug/application.c.o
                0x20006ad4                receiver
                0x20006b24                volume_control
                0x20006b6c                load_control
                0x20006bbc                mute
                0x20006be6                startLoop
                0x20006c24                startSound
                0x20006c7c                reader
                0x20006dac                startApp
                0x20006e5c                main
 .text          0x20006e9c        0x0 c:/cseapp/codelite/tools/gcc-arm/bin/../lib/gcc/arm-none-eabi/9.2.1/../../../../arm-none-eabi/lib/thumb/v7e-m+fp/hard\libc_nano.a(lib_a-atoi.o)
 .text          0x20006e9c        0x0 c:/cseapp/codelite/tools/gcc-arm/bin/../lib/gcc/arm-none-eabi/9.2.1/../../../../arm-none-eabi/lib/thumb/v7e-m+fp/hard\libc_nano.a(lib_a-strtol.o)
 .text          0x20006e9c        0x0 c:/cseapp/codelite/tools/gcc-arm/bin/../lib/gcc/arm-none-eabi/9.2.1/../../../../arm-none-eabi/lib/thumb/v7e-m+fp/hard\libc_nano.a(lib_a-ctype_.o)
 .text          0x20006e9c        0x0 c:/cseapp/codelite/tools/gcc-arm/bin/../lib/gcc/arm-none-eabi/9.2.1/../../../../arm-none-eabi/lib/thumb/v7e-m+fp/hard\libc_nano.a(lib_a-impure.o)
 *(.text.*)
 .text.atoi     0x20006e9c        0x8 c:/cseapp/codelite/tools/gcc-arm/bin/../lib/gcc/arm-none-eabi/9.2.1/../../../../arm-none-eabi/lib/thumb/v7e-m+fp/hard\libc_nano.a(lib_a-atoi.o)
                0x20006e9c                atoi
 .text._atoi_r  0x20006ea4        0x8 c:/cseapp/codelite/tools/gcc-arm/bin/../lib/gcc/arm-none-eabi/9.2.1/../../../../arm-none-eabi/lib/thumb/v7e-m+fp/hard\libc_nano.a(lib_a-atoi.o)
                0x20006ea4                _atoi_r
 .text._strtol_l.isra.0
                0x20006eac       0xf4 c:/cseapp/codelite/tools/gcc-arm/bin/../lib/gcc/arm-none-eabi/9.2.1/../../../../arm-none-eabi/lib/thumb/v7e-m+fp/hard\libc_nano.a(lib_a-strtol.o)
 .text._strtol_r
                0x20006fa0        0x4 c:/cseapp/codelite/tools/gcc-arm/bin/../lib/gcc/arm-none-eabi/9.2.1/../../../../arm-none-eabi/lib/thumb/v7e-m+fp/hard\libc_nano.a(lib_a-strtol.o)
                0x20006fa0                _strtol_r
 .text.strtol_l
                0x20006fa4       0x14 c:/cseapp/codelite/tools/gcc-arm/bin/../lib/gcc/arm-none-eabi/9.2.1/../../../../arm-none-eabi/lib/thumb/v7e-m+fp/hard\libc_nano.a(lib_a-strtol.o)
                0x20006fa4                strtol_l
 .text.strtol   0x20006fb8       0x14 c:/cseapp/codelite/tools/gcc-arm/bin/../lib/gcc/arm-none-eabi/9.2.1/../../../../arm-none-eabi/lib/thumb/v7e-m+fp/hard\libc_nano.a(lib_a-strtol.o)
                0x20006fb8                strtol
 *(.rodata)
 .rodata        0x20006fcc       0x8a ./Debug/canTinyTimber.c.o
 *fill*         0x20007056        0x2 
 .rodata        0x20007058       0x81 ./Debug/TinyTimber.c.o
 *fill*         0x200070d9        0x3 
 .rodata        0x200070dc      0x115 ./Debug/application.c.o
                0x200070dc                myIndex
                0x2000715c                periods
 *(.rodata*)
 .rodata._ctype_
                0x200071f1      0x101 c:/cseapp/codelite/tools/gcc-arm/bin/../lib/gcc/arm-none-eabi/9.2.1/../../../../arm-none-eabi/lib/thumb/v7e-m+fp/hard\libc_nano.a(lib_a-ctype_.o)
                0x200071f1                _ctype_
 *fill*         0x200072f2        0x2 
 .rodata._global_impure_ptr
                0x200072f4        0x4 c:/cseapp/codelite/tools/gcc-arm/bin/../lib/gcc/arm-none-eabi/9.2.1/../../../../arm-none-eabi/lib/thumb/v7e-m+fp/hard\libc_nano.a(lib_a-impure.o)
                0x200072f4                _global_impure_ptr
 *(.glue_7)
 .glue_7        0x200072f8        0x0 linker stubs
 *(.glue_7t)
 .glue_7t       0x200072f8        0x0 linker stubs
                0x200072f8                . = ALIGN (0x4)

.vfp11_veneer   0x200072f8        0x0
 .vfp11_veneer  0x200072f8        0x0 linker stubs

.v4_bx          0x200072f8        0x0
 .v4_bx         0x200072f8        0x0 linker stubs

.iplt           0x200072f8        0x0
 .iplt          0x200072f8        0x0 ./Debug/dispatch.s.o

.rel.dyn        0x200072f8        0x0
 .rel.iplt      0x200072f8        0x0 ./Debug/dispatch.s.o

.data           0x200072f8      0x6d0
                0x200072f8                . = ALIGN (0x4)
 *(.data)
 .data          0x200072f8       0x84 ./Debug/dispatch.s.o
 .data          0x2000737c        0x0 ./Debug/startup.c.o
 .data          0x2000737c        0x0 ./Debug/canTinyTimber.c.o
 .data          0x2000737c        0x0 ./Debug/driver_src_stm32f4xx_usart.c.o
 .data          0x2000737c        0x0 ./Debug/sciTinyTimber.c.o
 .data          0x2000737c       0x24 ./Debug/TinyTimber.c.o
                0x2000737c                hex
                0x20007390                msgPool
                0x20007394                threadPool
                0x20007398                activeStack
                0x2000739c                current
 .data          0x200073a0        0x0 ./Debug/driver_src_stm32f4xx_gpio.c.o
 .data          0x200073a0        0x0 ./Debug/driver_src_stm32f4xx_dac.c.o
 .data          0x200073a0       0x10 ./Debug/driver_src_stm32f4xx_rcc.c.o
 .data          0x200073b0        0x0 ./Debug/driver_src_stm32f4xx_tim.c.o
 .data          0x200073b0        0x0 ./Debug/driver_src_stm32f4xx_can.c.o
 .data          0x200073b0        0x0 ./Debug/driver_src_stm32f4xx_exti.c.o
 .data          0x200073b0        0x0 ./Debug/driver_src_stm32f4xx_syscfg.c.o
 .data          0x200073b0        0x0 ./Debug/backup.c.o
 .data          0x200073b0      0x5b4 ./Debug/application.c.o
                0x200073b0                frequencies
                0x20007430                app
                0x200074b0                generator
                0x200074c0                load
                0x200074cc                sci0
                0x200078ec                can0
 .data          0x20007964        0x0 c:/cseapp/codelite/tools/gcc-arm/bin/../lib/gcc/arm-none-eabi/9.2.1/../../../../arm-none-eabi/lib/thumb/v7e-m+fp/hard\libc_nano.a(lib_a-atoi.o)
 .data          0x20007964        0x0 c:/cseapp/codelite/tools/gcc-arm/bin/../lib/gcc/arm-none-eabi/9.2.1/../../../../arm-none-eabi/lib/thumb/v7e-m+fp/hard\libc_nano.a(lib_a-strtol.o)
 .data          0x20007964        0x0 c:/cseapp/codelite/tools/gcc-arm/bin/../lib/gcc/arm-none-eabi/9.2.1/../../../../arm-none-eabi/lib/thumb/v7e-m+fp/hard\libc_nano.a(lib_a-ctype_.o)
 .data          0x20007964        0x0 c:/cseapp/codelite/tools/gcc-arm/bin/../lib/gcc/arm-none-eabi/9.2.1/../../../../arm-none-eabi/lib/thumb/v7e-m+fp/hard\libc_nano.a(lib_a-impure.o)
 *(.data.*)
 .data._impure_ptr
                0x20007964        0x4 c:/cseapp/codelite/tools/gcc-arm/bin/../lib/gcc/arm-none-eabi/9.2.1/../../../../arm-none-eabi/lib/thumb/v7e-m+fp/hard\libc_nano.a(lib_a-impure.o)
                0x20007964                _impure_ptr
 .data.impure_data
                0x20007968       0x60 c:/cseapp/codelite/tools/gcc-arm/bin/../lib/gcc/arm-none-eabi/9.2.1/../../../../arm-none-eabi/lib/thumb/v7e-m+fp/hard\libc_nano.a(lib_a-impure.o)
                0x200079c8                . = ALIGN (0x4)

.igot.plt       0x200079c8        0x0
 .igot.plt      0x200079c8        0x0 ./Debug/dispatch.s.o

.bss            0x200079c8     0x8370
                0x200079c8                . = ALIGN (0x4)
                0x200079c8                _sbss = .
 *(.bss)
 .bss           0x200079c8        0x0 ./Debug/dispatch.s.o
 .bss           0x200079c8        0x0 ./Debug/startup.c.o
 .bss           0x200079c8        0x0 ./Debug/canTinyTimber.c.o
 .bss           0x200079c8        0x0 ./Debug/driver_src_stm32f4xx_usart.c.o
 .bss           0x200079c8        0x0 ./Debug/sciTinyTimber.c.o
 .bss           0x200079c8       0x18 ./Debug/TinyTimber.c.o
                0x200079c8                msgQ
                0x200079cc                timerQ
                0x200079d0                runAsHardware
                0x200079d4                doIRQSchedule
                0x200079d8                timestamp
                0x200079dc                overflows
 .bss           0x200079e0        0x0 ./Debug/driver_src_stm32f4xx_gpio.c.o
 .bss           0x200079e0        0x0 ./Debug/driver_src_stm32f4xx_dac.c.o
 .bss           0x200079e0        0x0 ./Debug/driver_src_stm32f4xx_rcc.c.o
 .bss           0x200079e0        0x0 ./Debug/driver_src_stm32f4xx_tim.c.o
 .bss           0x200079e0        0x0 ./Debug/driver_src_stm32f4xx_can.c.o
 .bss           0x200079e0        0x0 ./Debug/driver_src_stm32f4xx_exti.c.o
 .bss           0x200079e0        0x0 ./Debug/driver_src_stm32f4xx_syscfg.c.o
 .bss           0x200079e0        0x0 ./Debug/backup.c.o
 .bss           0x200079e0        0x0 ./Debug/application.c.o
 .bss           0x200079e0        0x0 c:/cseapp/codelite/tools/gcc-arm/bin/../lib/gcc/arm-none-eabi/9.2.1/../../../../arm-none-eabi/lib/thumb/v7e-m+fp/hard\libc_nano.a(lib_a-atoi.o)
 .bss           0x200079e0        0x0 c:/cseapp/codelite/tools/gcc-arm/bin/../lib/gcc/arm-none-eabi/9.2.1/../../../../arm-none-eabi/lib/thumb/v7e-m+fp/hard\libc_nano.a(lib_a-strtol.o)
 .bss           0x200079e0        0x0 c:/cseapp/codelite/tools/gcc-arm/bin/../lib/gcc/arm-none-eabi/9.2.1/../../../../arm-none-eabi/lib/thumb/v7e-m+fp/hard\libc_nano.a(lib_a-ctype_.o)
 .bss           0x200079e0        0x0 c:/cseapp/codelite/tools/gcc-arm/bin/../lib/gcc/arm-none-eabi/9.2.1/../../../../arm-none-eabi/lib/thumb/v7e-m+fp/hard\libc_nano.a(lib_a-impure.o)
 *(.bss.*)
 *(COMMON)
 COMMON         0x200079e0     0x8358 ./Debug/TinyTimber.c.o
                0x200079e0                otable
                0x200079ec                upcoming
                0x200079f0                threads
                0x20007a40                mtable
                0x20007a4c                thread0
                0x20007a60                messages
                0x20007d30                __heap_end
                0x20007d38                stacks
                0x2000fd38                . = ALIGN (0x4)
                0x2000fd38                _ebss = .
                0x2000fd38                PROVIDE (end = _ebss)
                [!provide]                PROVIDE (_end = _ebss)
OUTPUT(./Debug/RTS-Lab.elf elf32-littlearm)

.ARM.attributes
                0x00000000       0x35
 .ARM.attributes
                0x00000000       0x25 ./Debug/dispatch.s.o
 .ARM.attributes
                0x00000025       0x34 ./Debug/startup.c.o
 .ARM.attributes
                0x00000059       0x34 ./Debug/canTinyTimber.c.o
 .ARM.attributes
                0x0000008d       0x34 ./Debug/driver_src_stm32f4xx_usart.c.o
 .ARM.attributes
                0x000000c1       0x34 ./Debug/sciTinyTimber.c.o
 .ARM.attributes
                0x000000f5       0x34 ./Debug/TinyTimber.c.o
 .ARM.attributes
                0x00000129       0x34 ./Debug/driver_src_stm32f4xx_gpio.c.o
 .ARM.attributes
                0x0000015d       0x34 ./Debug/driver_src_stm32f4xx_dac.c.o
 .ARM.attributes
                0x00000191       0x34 ./Debug/driver_src_stm32f4xx_rcc.c.o
 .ARM.attributes
                0x000001c5       0x34 ./Debug/driver_src_stm32f4xx_tim.c.o
 .ARM.attributes
                0x000001f9       0x34 ./Debug/driver_src_stm32f4xx_can.c.o
 .ARM.attributes
                0x0000022d       0x34 ./Debug/driver_src_stm32f4xx_exti.c.o
 .ARM.attributes
                0x00000261       0x34 ./Debug/driver_src_stm32f4xx_syscfg.c.o
 .ARM.attributes
                0x00000295       0x39 ./Debug/backup.c.o
 .ARM.attributes
                0x000002ce       0x34 ./Debug/application.c.o
 .ARM.attributes
                0x00000302       0x34 c:/cseapp/codelite/tools/gcc-arm/bin/../lib/gcc/arm-none-eabi/9.2.1/../../../../arm-none-eabi/lib/thumb/v7e-m+fp/hard\libc_nano.a(lib_a-atoi.o)
 .ARM.attributes
                0x00000336       0x34 c:/cseapp/codelite/tools/gcc-arm/bin/../lib/gcc/arm-none-eabi/9.2.1/../../../../arm-none-eabi/lib/thumb/v7e-m+fp/hard\libc_nano.a(lib_a-strtol.o)
 .ARM.attributes
                0x0000036a       0x32 c:/cseapp/codelite/tools/gcc-arm/bin/../lib/gcc/arm-none-eabi/9.2.1/../../../../arm-none-eabi/lib/thumb/v7e-m+fp/hard\libc_nano.a(lib_a-ctype_.o)
 .ARM.attributes
                0x0000039c       0x32 c:/cseapp/codelite/tools/gcc-arm/bin/../lib/gcc/arm-none-eabi/9.2.1/../../../../arm-none-eabi/lib/thumb/v7e-m+fp/hard\libc_nano.a(lib_a-impure.o)

.comment        0x00000000       0x79
 .comment       0x00000000       0x79 ./Debug/startup.c.o
                                 0x7a (size before relaxing)
 .comment       0x00000079       0x7a ./Debug/canTinyTimber.c.o
 .comment       0x00000079       0x7a ./Debug/driver_src_stm32f4xx_usart.c.o
 .comment       0x00000079       0x7a ./Debug/sciTinyTimber.c.o
 .comment       0x00000079       0x7a ./Debug/TinyTimber.c.o
 .comment       0x00000079       0x7a ./Debug/driver_src_stm32f4xx_gpio.c.o
 .comment       0x00000079       0x7a ./Debug/driver_src_stm32f4xx_dac.c.o
 .comment       0x00000079       0x7a ./Debug/driver_src_stm32f4xx_rcc.c.o
 .comment       0x00000079       0x7a ./Debug/driver_src_stm32f4xx_tim.c.o
 .comment       0x00000079       0x7a ./Debug/driver_src_stm32f4xx_can.c.o
 .comment       0x00000079       0x7a ./Debug/driver_src_stm32f4xx_exti.c.o
 .comment       0x00000079       0x7a ./Debug/driver_src_stm32f4xx_syscfg.c.o
 .comment       0x00000079       0x7a ./Debug/backup.c.o
 .comment       0x00000079       0x7a ./Debug/application.c.o

.debug_info     0x00000000     0xa4e5
 .debug_info    0x00000000      0xade ./Debug/startup.c.o
 .debug_info    0x00000ade      0xdb4 ./Debug/canTinyTimber.c.o
 .debug_info    0x00001892      0xa68 ./Debug/driver_src_stm32f4xx_usart.c.o
 .debug_info    0x000022fa      0x9d1 ./Debug/sciTinyTimber.c.o
 .debug_info    0x00002ccb     0x183c ./Debug/TinyTimber.c.o
 .debug_info    0x00004507      0x67f ./Debug/driver_src_stm32f4xx_gpio.c.o
 .debug_info    0x00004b86      0x6af ./Debug/driver_src_stm32f4xx_dac.c.o
 .debug_info    0x00005235      0xef4 ./Debug/driver_src_stm32f4xx_rcc.c.o
 .debug_info    0x00006129     0x1e26 ./Debug/driver_src_stm32f4xx_tim.c.o
 .debug_info    0x00007f4f      0xc60 ./Debug/driver_src_stm32f4xx_can.c.o
 .debug_info    0x00008baf      0x383 ./Debug/driver_src_stm32f4xx_exti.c.o
 .debug_info    0x00008f32      0x2c4 ./Debug/driver_src_stm32f4xx_syscfg.c.o
 .debug_info    0x000091f6     0x12ef ./Debug/application.c.o

.debug_abbrev   0x00000000     0x1dea
 .debug_abbrev  0x00000000      0x286 ./Debug/startup.c.o
 .debug_abbrev  0x00000286      0x277 ./Debug/canTinyTimber.c.o
 .debug_abbrev  0x000004fd      0x1a8 ./Debug/driver_src_stm32f4xx_usart.c.o
 .debug_abbrev  0x000006a5      0x273 ./Debug/sciTinyTimber.c.o
 .debug_abbrev  0x00000918      0x4f2 ./Debug/TinyTimber.c.o
 .debug_abbrev  0x00000e0a      0x1e6 ./Debug/driver_src_stm32f4xx_gpio.c.o
 .debug_abbrev  0x00000ff0      0x1b9 ./Debug/driver_src_stm32f4xx_dac.c.o
 .debug_abbrev  0x000011a9      0x1f9 ./Debug/driver_src_stm32f4xx_rcc.c.o
 .debug_abbrev  0x000013a2      0x1c2 ./Debug/driver_src_stm32f4xx_tim.c.o
 .debug_abbrev  0x00001564      0x238 ./Debug/driver_src_stm32f4xx_can.c.o
 .debug_abbrev  0x0000179c      0x1ea ./Debug/driver_src_stm32f4xx_exti.c.o
 .debug_abbrev  0x00001986      0x164 ./Debug/driver_src_stm32f4xx_syscfg.c.o
 .debug_abbrev  0x00001aea      0x300 ./Debug/application.c.o

.debug_aranges  0x00000000      0x1a8
 .debug_aranges
                0x00000000       0x28 ./Debug/startup.c.o
 .debug_aranges
                0x00000028       0x20 ./Debug/canTinyTimber.c.o
 .debug_aranges
                0x00000048       0x20 ./Debug/driver_src_stm32f4xx_usart.c.o
 .debug_aranges
                0x00000068       0x20 ./Debug/sciTinyTimber.c.o
 .debug_aranges
                0x00000088       0x20 ./Debug/TinyTimber.c.o
 .debug_aranges
                0x000000a8       0x20 ./Debug/driver_src_stm32f4xx_gpio.c.o
 .debug_aranges
                0x000000c8       0x20 ./Debug/driver_src_stm32f4xx_dac.c.o
 .debug_aranges
                0x000000e8       0x20 ./Debug/driver_src_stm32f4xx_rcc.c.o
 .debug_aranges
                0x00000108       0x20 ./Debug/driver_src_stm32f4xx_tim.c.o
 .debug_aranges
                0x00000128       0x20 ./Debug/driver_src_stm32f4xx_can.c.o
 .debug_aranges
                0x00000148       0x20 ./Debug/driver_src_stm32f4xx_exti.c.o
 .debug_aranges
                0x00000168       0x20 ./Debug/driver_src_stm32f4xx_syscfg.c.o
 .debug_aranges
                0x00000188       0x20 ./Debug/application.c.o

.debug_ranges   0x00000000       0x18
 .debug_ranges  0x00000000       0x18 ./Debug/startup.c.o

.debug_line     0x00000000     0x4731
 .debug_line    0x00000000      0x383 ./Debug/startup.c.o
 .debug_line    0x00000383      0x42b ./Debug/canTinyTimber.c.o
 .debug_line    0x000007ae      0x58a ./Debug/driver_src_stm32f4xx_usart.c.o
 .debug_line    0x00000d38      0x2bd ./Debug/sciTinyTimber.c.o
 .debug_line    0x00000ff5      0xa91 ./Debug/TinyTimber.c.o
 .debug_line    0x00001a86      0x428 ./Debug/driver_src_stm32f4xx_gpio.c.o
 .debug_line    0x00001eae      0x3cd ./Debug/driver_src_stm32f4xx_dac.c.o
 .debug_line    0x0000227b      0x780 ./Debug/driver_src_stm32f4xx_rcc.c.o
 .debug_line    0x000029fb      0xb9d ./Debug/driver_src_stm32f4xx_tim.c.o
 .debug_line    0x00003598      0x8cf ./Debug/driver_src_stm32f4xx_can.c.o
 .debug_line    0x00003e67      0x2f7 ./Debug/driver_src_stm32f4xx_exti.c.o
 .debug_line    0x0000415e      0x20e ./Debug/driver_src_stm32f4xx_syscfg.c.o
 .debug_line    0x0000436c        0x0 ./Debug/backup.c.o
 .debug_line    0x0000436c      0x3c5 ./Debug/application.c.o

.debug_str      0x00000000     0x37e1
 .debug_str     0x00000000      0x785 ./Debug/startup.c.o
                                0x7f4 (size before relaxing)
 .debug_str     0x00000785      0x71f ./Debug/canTinyTimber.c.o
                                0xa72 (size before relaxing)
 .debug_str     0x00000ea4      0x4a9 ./Debug/driver_src_stm32f4xx_usart.c.o
                                0x6ed (size before relaxing)
 .debug_str     0x0000134d       0x7f ./Debug/sciTinyTimber.c.o
                                0x8d1 (size before relaxing)
 .debug_str     0x000013cc      0x406 ./Debug/TinyTimber.c.o
                                0xcb1 (size before relaxing)
 .debug_str     0x000017d2      0x187 ./Debug/driver_src_stm32f4xx_gpio.c.o
                                0x501 (size before relaxing)
 .debug_str     0x00001959      0x240 ./Debug/driver_src_stm32f4xx_dac.c.o
                                0x4b1 (size before relaxing)
 .debug_str     0x00001b99      0x72e ./Debug/driver_src_stm32f4xx_rcc.c.o
                                0x9f3 (size before relaxing)
 .debug_str     0x000022c7      0xa8c ./Debug/driver_src_stm32f4xx_tim.c.o
                                0xe2e (size before relaxing)
 .debug_str     0x00002d53      0x300 ./Debug/driver_src_stm32f4xx_can.c.o
                                0x79c (size before relaxing)
 .debug_str     0x00003053      0x106 ./Debug/driver_src_stm32f4xx_exti.c.o
                                0x3aa (size before relaxing)
 .debug_str     0x00003159      0x183 ./Debug/driver_src_stm32f4xx_syscfg.c.o
                                0x36c (size before relaxing)
 .debug_str     0x000032dc       0x3d ./Debug/backup.c.o
                                0x10a (size before relaxing)
 .debug_str     0x00003319      0x4c8 ./Debug/application.c.o
                                0x888 (size before relaxing)

.debug_frame    0x00000000     0x310c
 .debug_frame   0x00000000      0x14c ./Debug/startup.c.o
 .debug_frame   0x0000014c      0x100 ./Debug/canTinyTimber.c.o
 .debug_frame   0x0000024c      0x490 ./Debug/driver_src_stm32f4xx_usart.c.o
 .debug_frame   0x000006dc      0x11c ./Debug/sciTinyTimber.c.o
 .debug_frame   0x000007f8      0x57c ./Debug/TinyTimber.c.o
 .debug_frame   0x00000d74      0x23c ./Debug/driver_src_stm32f4xx_gpio.c.o
 .debug_frame   0x00000fb0      0x2ac ./Debug/driver_src_stm32f4xx_dac.c.o
 .debug_frame   0x0000125c      0x814 ./Debug/driver_src_stm32f4xx_rcc.c.o
 .debug_frame   0x00001a70      0xe54 ./Debug/driver_src_stm32f4xx_tim.c.o
 .debug_frame   0x000028c4      0x3f8 ./Debug/driver_src_stm32f4xx_can.c.o
 .debug_frame   0x00002cbc      0x148 ./Debug/driver_src_stm32f4xx_exti.c.o
 .debug_frame   0x00002e04      0x11c ./Debug/driver_src_stm32f4xx_syscfg.c.o
 .debug_frame   0x00002f20      0x158 ./Debug/application.c.o
 .debug_frame   0x00003078       0x30 c:/cseapp/codelite/tools/gcc-arm/bin/../lib/gcc/arm-none-eabi/9.2.1/../../../../arm-none-eabi/lib/thumb/v7e-m+fp/hard\libc_nano.a(lib_a-atoi.o)
 .debug_frame   0x000030a8       0x64 c:/cseapp/codelite/tools/gcc-arm/bin/../lib/gcc/arm-none-eabi/9.2.1/../../../../arm-none-eabi/lib/thumb/v7e-m+fp/hard\libc_nano.a(lib_a-strtol.o)

Cross Reference Table

Symbol                                            File
ABORT                                             ./Debug/TinyTimber.c.o
CAN_CancelTransmit                                ./Debug/driver_src_stm32f4xx_can.c.o
CAN_ClearFlag                                     ./Debug/driver_src_stm32f4xx_can.c.o
CAN_ClearITPendingBit                             ./Debug/driver_src_stm32f4xx_can.c.o
CAN_DBGFreeze                                     ./Debug/driver_src_stm32f4xx_can.c.o
CAN_DeInit                                        ./Debug/driver_src_stm32f4xx_can.c.o
                                                  ./Debug/startup.c.o
CAN_FIFORelease                                   ./Debug/driver_src_stm32f4xx_can.c.o
CAN_FilterInit                                    ./Debug/driver_src_stm32f4xx_can.c.o
                                                  ./Debug/startup.c.o
CAN_GetFlagStatus                                 ./Debug/driver_src_stm32f4xx_can.c.o
                                                  ./Debug/canTinyTimber.c.o
CAN_GetITStatus                                   ./Debug/driver_src_stm32f4xx_can.c.o
CAN_GetLSBTransmitErrorCounter                    ./Debug/driver_src_stm32f4xx_can.c.o
CAN_GetLastErrorCode                              ./Debug/driver_src_stm32f4xx_can.c.o
CAN_GetReceiveErrorCounter                        ./Debug/driver_src_stm32f4xx_can.c.o
CAN_ITConfig                                      ./Debug/driver_src_stm32f4xx_can.c.o
                                                  ./Debug/canTinyTimber.c.o
CAN_Init                                          ./Debug/driver_src_stm32f4xx_can.c.o
                                                  ./Debug/canTinyTimber.c.o
CAN_MessagePending                                ./Debug/driver_src_stm32f4xx_can.c.o
CAN_OperatingModeRequest                          ./Debug/driver_src_stm32f4xx_can.c.o
CAN_Receive                                       ./Debug/driver_src_stm32f4xx_can.c.o
                                                  ./Debug/canTinyTimber.c.o
CAN_SlaveStartBank                                ./Debug/driver_src_stm32f4xx_can.c.o
CAN_Sleep                                         ./Debug/driver_src_stm32f4xx_can.c.o
CAN_StructInit                                    ./Debug/driver_src_stm32f4xx_can.c.o
                                                  ./Debug/canTinyTimber.c.o
CAN_TTComModeCmd                                  ./Debug/driver_src_stm32f4xx_can.c.o
CAN_Transmit                                      ./Debug/driver_src_stm32f4xx_can.c.o
                                                  ./Debug/canTinyTimber.c.o
CAN_TransmitStatus                                ./Debug/driver_src_stm32f4xx_can.c.o
CAN_WakeUp                                        ./Debug/driver_src_stm32f4xx_can.c.o
CURRENT_OFFSET                                    ./Debug/TinyTimber.c.o
DAC_ClearFlag                                     ./Debug/driver_src_stm32f4xx_dac.c.o
DAC_ClearITPendingBit                             ./Debug/driver_src_stm32f4xx_dac.c.o
DAC_Cmd                                           ./Debug/driver_src_stm32f4xx_dac.c.o
                                                  ./Debug/startup.c.o
DAC_DMACmd                                        ./Debug/driver_src_stm32f4xx_dac.c.o
DAC_DeInit                                        ./Debug/driver_src_stm32f4xx_dac.c.o
                                                  ./Debug/startup.c.o
DAC_DualSoftwareTriggerCmd                        ./Debug/driver_src_stm32f4xx_dac.c.o
DAC_GetDataOutputValue                            ./Debug/driver_src_stm32f4xx_dac.c.o
DAC_GetFlagStatus                                 ./Debug/driver_src_stm32f4xx_dac.c.o
DAC_GetITStatus                                   ./Debug/driver_src_stm32f4xx_dac.c.o
DAC_ITConfig                                      ./Debug/driver_src_stm32f4xx_dac.c.o
DAC_Init                                          ./Debug/driver_src_stm32f4xx_dac.c.o
                                                  ./Debug/startup.c.o
DAC_SetChannel1Data                               ./Debug/driver_src_stm32f4xx_dac.c.o
DAC_SetChannel2Data                               ./Debug/driver_src_stm32f4xx_dac.c.o
                                                  ./Debug/startup.c.o
DAC_SetDualChannelData                            ./Debug/driver_src_stm32f4xx_dac.c.o
DAC_SoftwareTriggerCmd                            ./Debug/driver_src_stm32f4xx_dac.c.o
DAC_StructInit                                    ./Debug/driver_src_stm32f4xx_dac.c.o
                                                  ./Debug/startup.c.o
DAC_WaveGenerationCmd                             ./Debug/driver_src_stm32f4xx_dac.c.o
DUMP                                              ./Debug/TinyTimber.c.o
                                                  ./Debug/canTinyTimber.c.o
                                                  ./Debug/dispatch.s.o
DUMPC                                             ./Debug/TinyTimber.c.o
DUMPD                                             ./Debug/TinyTimber.c.o
                                                  ./Debug/dispatch.s.o
DUMPH                                             ./Debug/TinyTimber.c.o
                                                  ./Debug/dispatch.s.o
EXTI_ClearFlag                                    ./Debug/driver_src_stm32f4xx_exti.c.o
EXTI_ClearITPendingBit                            ./Debug/driver_src_stm32f4xx_exti.c.o
EXTI_DeInit                                       ./Debug/driver_src_stm32f4xx_exti.c.o
                                                  ./Debug/startup.c.o
EXTI_GenerateSWInterrupt                          ./Debug/driver_src_stm32f4xx_exti.c.o
EXTI_GetFlagStatus                                ./Debug/driver_src_stm32f4xx_exti.c.o
EXTI_GetITStatus                                  ./Debug/driver_src_stm32f4xx_exti.c.o
EXTI_Init                                         ./Debug/driver_src_stm32f4xx_exti.c.o
                                                  ./Debug/startup.c.o
EXTI_StructInit                                   ./Debug/driver_src_stm32f4xx_exti.c.o
                                                  ./Debug/startup.c.o
GPIO_DeInit                                       ./Debug/driver_src_stm32f4xx_gpio.c.o
                                                  ./Debug/startup.c.o
GPIO_Init                                         ./Debug/driver_src_stm32f4xx_gpio.c.o
                                                  ./Debug/startup.c.o
GPIO_PinAFConfig                                  ./Debug/driver_src_stm32f4xx_gpio.c.o
                                                  ./Debug/startup.c.o
GPIO_PinLockConfig                                ./Debug/driver_src_stm32f4xx_gpio.c.o
GPIO_ReadInputData                                ./Debug/driver_src_stm32f4xx_gpio.c.o
GPIO_ReadInputDataBit                             ./Debug/driver_src_stm32f4xx_gpio.c.o
GPIO_ReadOutputData                               ./Debug/driver_src_stm32f4xx_gpio.c.o
GPIO_ReadOutputDataBit                            ./Debug/driver_src_stm32f4xx_gpio.c.o
GPIO_ResetBits                                    ./Debug/driver_src_stm32f4xx_gpio.c.o
GPIO_SetBits                                      ./Debug/driver_src_stm32f4xx_gpio.c.o
GPIO_StructInit                                   ./Debug/driver_src_stm32f4xx_gpio.c.o
                                                  ./Debug/startup.c.o
GPIO_ToggleBits                                   ./Debug/driver_src_stm32f4xx_gpio.c.o
GPIO_Write                                        ./Debug/driver_src_stm32f4xx_gpio.c.o
GPIO_WriteBit                                     ./Debug/driver_src_stm32f4xx_gpio.c.o
                                                  ./Debug/TinyTimber.c.o
                                                  ./Debug/startup.c.o
RCC_AHB1PeriphClockCmd                            ./Debug/driver_src_stm32f4xx_rcc.c.o
                                                  ./Debug/startup.c.o
RCC_AHB1PeriphClockLPModeCmd                      ./Debug/driver_src_stm32f4xx_rcc.c.o
RCC_AHB1PeriphResetCmd                            ./Debug/driver_src_stm32f4xx_rcc.c.o
                                                  ./Debug/driver_src_stm32f4xx_gpio.c.o
RCC_AHB2PeriphClockCmd                            ./Debug/driver_src_stm32f4xx_rcc.c.o
RCC_AHB2PeriphClockLPModeCmd                      ./Debug/driver_src_stm32f4xx_rcc.c.o
RCC_AHB2PeriphResetCmd                            ./Debug/driver_src_stm32f4xx_rcc.c.o
RCC_AHB3PeriphClockCmd                            ./Debug/driver_src_stm32f4xx_rcc.c.o
RCC_AHB3PeriphClockLPModeCmd                      ./Debug/driver_src_stm32f4xx_rcc.c.o
RCC_AHB3PeriphResetCmd                            ./Debug/driver_src_stm32f4xx_rcc.c.o
RCC_APB1PeriphClockCmd                            ./Debug/driver_src_stm32f4xx_rcc.c.o
                                                  ./Debug/startup.c.o
RCC_APB1PeriphClockLPModeCmd                      ./Debug/driver_src_stm32f4xx_rcc.c.o
                                                  ./Debug/startup.c.o
RCC_APB1PeriphResetCmd                            ./Debug/driver_src_stm32f4xx_rcc.c.o
                                                  ./Debug/driver_src_stm32f4xx_can.c.o
                                                  ./Debug/driver_src_stm32f4xx_tim.c.o
                                                  ./Debug/driver_src_stm32f4xx_dac.c.o
                                                  ./Debug/driver_src_stm32f4xx_usart.c.o
RCC_APB2PeriphClockCmd                            ./Debug/driver_src_stm32f4xx_rcc.c.o
                                                  ./Debug/startup.c.o
RCC_APB2PeriphClockLPModeCmd                      ./Debug/driver_src_stm32f4xx_rcc.c.o
RCC_APB2PeriphResetCmd                            ./Debug/driver_src_stm32f4xx_rcc.c.o
                                                  ./Debug/driver_src_stm32f4xx_syscfg.c.o
                                                  ./Debug/driver_src_stm32f4xx_tim.c.o
                                                  ./Debug/driver_src_stm32f4xx_usart.c.o
RCC_AdjustHSICalibrationValue                     ./Debug/driver_src_stm32f4xx_rcc.c.o
RCC_BackupResetCmd                                ./Debug/driver_src_stm32f4xx_rcc.c.o
RCC_ClearFlag                                     ./Debug/driver_src_stm32f4xx_rcc.c.o
RCC_ClearITPendingBit                             ./Debug/driver_src_stm32f4xx_rcc.c.o
RCC_ClockSecuritySystemCmd                        ./Debug/driver_src_stm32f4xx_rcc.c.o
RCC_DeInit                                        ./Debug/driver_src_stm32f4xx_rcc.c.o
RCC_GetClocksFreq                                 ./Debug/driver_src_stm32f4xx_rcc.c.o
                                                  ./Debug/driver_src_stm32f4xx_usart.c.o
RCC_GetFlagStatus                                 ./Debug/driver_src_stm32f4xx_rcc.c.o
RCC_GetITStatus                                   ./Debug/driver_src_stm32f4xx_rcc.c.o
RCC_GetSYSCLKSource                               ./Debug/driver_src_stm32f4xx_rcc.c.o
RCC_HCLKConfig                                    ./Debug/driver_src_stm32f4xx_rcc.c.o
RCC_HSEConfig                                     ./Debug/driver_src_stm32f4xx_rcc.c.o
RCC_HSICmd                                        ./Debug/driver_src_stm32f4xx_rcc.c.o
RCC_I2SCLKConfig                                  ./Debug/driver_src_stm32f4xx_rcc.c.o
RCC_ITConfig                                      ./Debug/driver_src_stm32f4xx_rcc.c.o
RCC_LSEConfig                                     ./Debug/driver_src_stm32f4xx_rcc.c.o
RCC_LSICmd                                        ./Debug/driver_src_stm32f4xx_rcc.c.o
RCC_LTDCCLKDivConfig                              ./Debug/driver_src_stm32f4xx_rcc.c.o
RCC_MCO1Config                                    ./Debug/driver_src_stm32f4xx_rcc.c.o
RCC_MCO2Config                                    ./Debug/driver_src_stm32f4xx_rcc.c.o
RCC_PCLK1Config                                   ./Debug/driver_src_stm32f4xx_rcc.c.o
RCC_PCLK2Config                                   ./Debug/driver_src_stm32f4xx_rcc.c.o
RCC_PLLCmd                                        ./Debug/driver_src_stm32f4xx_rcc.c.o
RCC_PLLConfig                                     ./Debug/driver_src_stm32f4xx_rcc.c.o
RCC_PLLI2SCmd                                     ./Debug/driver_src_stm32f4xx_rcc.c.o
RCC_PLLI2SConfig                                  ./Debug/driver_src_stm32f4xx_rcc.c.o
RCC_PLLSAICmd                                     ./Debug/driver_src_stm32f4xx_rcc.c.o
RCC_PLLSAIConfig                                  ./Debug/driver_src_stm32f4xx_rcc.c.o
RCC_RTCCLKCmd                                     ./Debug/driver_src_stm32f4xx_rcc.c.o
RCC_RTCCLKConfig                                  ./Debug/driver_src_stm32f4xx_rcc.c.o
RCC_SAIBlockACLKConfig                            ./Debug/driver_src_stm32f4xx_rcc.c.o
RCC_SAIBlockBCLKConfig                            ./Debug/driver_src_stm32f4xx_rcc.c.o
RCC_SAIPLLI2SClkDivConfig                         ./Debug/driver_src_stm32f4xx_rcc.c.o
RCC_SAIPLLSAIClkDivConfig                         ./Debug/driver_src_stm32f4xx_rcc.c.o
RCC_SYSCLKConfig                                  ./Debug/driver_src_stm32f4xx_rcc.c.o
RCC_TIMCLKPresConfig                              ./Debug/driver_src_stm32f4xx_rcc.c.o
RCC_WaitForHSEStartUp                             ./Debug/driver_src_stm32f4xx_rcc.c.o
SETPC                                             ./Debug/TinyTimber.c.o
SETSTACK                                          ./Debug/TinyTimber.c.o
SYSCFG_CompensationCellCmd                        ./Debug/driver_src_stm32f4xx_syscfg.c.o
SYSCFG_DeInit                                     ./Debug/driver_src_stm32f4xx_syscfg.c.o
SYSCFG_ETH_MediaInterfaceConfig                   ./Debug/driver_src_stm32f4xx_syscfg.c.o
SYSCFG_EXTILineConfig                             ./Debug/driver_src_stm32f4xx_syscfg.c.o
                                                  ./Debug/startup.c.o
SYSCFG_GetCompensationCellStatus                  ./Debug/driver_src_stm32f4xx_syscfg.c.o
SYSCFG_MemoryRemapConfig                          ./Debug/driver_src_stm32f4xx_syscfg.c.o
SYSCFG_MemorySwappingBank                         ./Debug/driver_src_stm32f4xx_syscfg.c.o
TIMER_INIT                                        ./Debug/TinyTimber.c.o
TIM_ARRPreloadConfig                              ./Debug/driver_src_stm32f4xx_tim.c.o
TIM_BDTRConfig                                    ./Debug/driver_src_stm32f4xx_tim.c.o
TIM_BDTRStructInit                                ./Debug/driver_src_stm32f4xx_tim.c.o
TIM_CCPreloadControl                              ./Debug/driver_src_stm32f4xx_tim.c.o
TIM_CCxCmd                                        ./Debug/driver_src_stm32f4xx_tim.c.o
TIM_CCxNCmd                                       ./Debug/driver_src_stm32f4xx_tim.c.o
TIM_ClearFlag                                     ./Debug/driver_src_stm32f4xx_tim.c.o
TIM_ClearITPendingBit                             ./Debug/driver_src_stm32f4xx_tim.c.o
                                                  ./Debug/TinyTimber.c.o
TIM_ClearOC1Ref                                   ./Debug/driver_src_stm32f4xx_tim.c.o
TIM_ClearOC2Ref                                   ./Debug/driver_src_stm32f4xx_tim.c.o
TIM_ClearOC3Ref                                   ./Debug/driver_src_stm32f4xx_tim.c.o
TIM_ClearOC4Ref                                   ./Debug/driver_src_stm32f4xx_tim.c.o
TIM_Cmd                                           ./Debug/driver_src_stm32f4xx_tim.c.o
                                                  ./Debug/TinyTimber.c.o
TIM_CounterModeConfig                             ./Debug/driver_src_stm32f4xx_tim.c.o
TIM_CtrlPWMOutputs                                ./Debug/driver_src_stm32f4xx_tim.c.o
TIM_DMACmd                                        ./Debug/driver_src_stm32f4xx_tim.c.o
TIM_DMAConfig                                     ./Debug/driver_src_stm32f4xx_tim.c.o
TIM_DeInit                                        ./Debug/driver_src_stm32f4xx_tim.c.o
                                                  ./Debug/TinyTimber.c.o
TIM_ETRClockMode1Config                           ./Debug/driver_src_stm32f4xx_tim.c.o
TIM_ETRClockMode2Config                           ./Debug/driver_src_stm32f4xx_tim.c.o
TIM_ETRConfig                                     ./Debug/driver_src_stm32f4xx_tim.c.o
TIM_EncoderInterfaceConfig                        ./Debug/driver_src_stm32f4xx_tim.c.o
TIM_ForcedOC1Config                               ./Debug/driver_src_stm32f4xx_tim.c.o
TIM_ForcedOC2Config                               ./Debug/driver_src_stm32f4xx_tim.c.o
TIM_ForcedOC3Config                               ./Debug/driver_src_stm32f4xx_tim.c.o
TIM_ForcedOC4Config                               ./Debug/driver_src_stm32f4xx_tim.c.o
TIM_GenerateEvent                                 ./Debug/driver_src_stm32f4xx_tim.c.o
TIM_GetCapture1                                   ./Debug/driver_src_stm32f4xx_tim.c.o
TIM_GetCapture2                                   ./Debug/driver_src_stm32f4xx_tim.c.o
TIM_GetCapture3                                   ./Debug/driver_src_stm32f4xx_tim.c.o
TIM_GetCapture4                                   ./Debug/driver_src_stm32f4xx_tim.c.o
TIM_GetCounter                                    ./Debug/driver_src_stm32f4xx_tim.c.o
                                                  ./Debug/TinyTimber.c.o
TIM_GetFlagStatus                                 ./Debug/driver_src_stm32f4xx_tim.c.o
TIM_GetITStatus                                   ./Debug/driver_src_stm32f4xx_tim.c.o
TIM_GetPrescaler                                  ./Debug/driver_src_stm32f4xx_tim.c.o
TIM_ICInit                                        ./Debug/driver_src_stm32f4xx_tim.c.o
TIM_ICStructInit                                  ./Debug/driver_src_stm32f4xx_tim.c.o
TIM_ITConfig                                      ./Debug/driver_src_stm32f4xx_tim.c.o
                                                  ./Debug/TinyTimber.c.o
TIM_ITRxExternalClockConfig                       ./Debug/driver_src_stm32f4xx_tim.c.o
TIM_InternalClockConfig                           ./Debug/driver_src_stm32f4xx_tim.c.o
TIM_OC1FastConfig                                 ./Debug/driver_src_stm32f4xx_tim.c.o
TIM_OC1Init                                       ./Debug/driver_src_stm32f4xx_tim.c.o
TIM_OC1NPolarityConfig                            ./Debug/driver_src_stm32f4xx_tim.c.o
TIM_OC1PolarityConfig                             ./Debug/driver_src_stm32f4xx_tim.c.o
TIM_OC1PreloadConfig                              ./Debug/driver_src_stm32f4xx_tim.c.o
TIM_OC2FastConfig                                 ./Debug/driver_src_stm32f4xx_tim.c.o
TIM_OC2Init                                       ./Debug/driver_src_stm32f4xx_tim.c.o
TIM_OC2NPolarityConfig                            ./Debug/driver_src_stm32f4xx_tim.c.o
TIM_OC2PolarityConfig                             ./Debug/driver_src_stm32f4xx_tim.c.o
TIM_OC2PreloadConfig                              ./Debug/driver_src_stm32f4xx_tim.c.o
TIM_OC3FastConfig                                 ./Debug/driver_src_stm32f4xx_tim.c.o
TIM_OC3Init                                       ./Debug/driver_src_stm32f4xx_tim.c.o
TIM_OC3NPolarityConfig                            ./Debug/driver_src_stm32f4xx_tim.c.o
TIM_OC3PolarityConfig                             ./Debug/driver_src_stm32f4xx_tim.c.o
TIM_OC3PreloadConfig                              ./Debug/driver_src_stm32f4xx_tim.c.o
TIM_OC4FastConfig                                 ./Debug/driver_src_stm32f4xx_tim.c.o
TIM_OC4Init                                       ./Debug/driver_src_stm32f4xx_tim.c.o
TIM_OC4PolarityConfig                             ./Debug/driver_src_stm32f4xx_tim.c.o
TIM_OC4PreloadConfig                              ./Debug/driver_src_stm32f4xx_tim.c.o
TIM_OCStructInit                                  ./Debug/driver_src_stm32f4xx_tim.c.o
TIM_PWMIConfig                                    ./Debug/driver_src_stm32f4xx_tim.c.o
TIM_PrescalerConfig                               ./Debug/driver_src_stm32f4xx_tim.c.o
TIM_RemapConfig                                   ./Debug/driver_src_stm32f4xx_tim.c.o
TIM_SelectCCDMA                                   ./Debug/driver_src_stm32f4xx_tim.c.o
TIM_SelectCOM                                     ./Debug/driver_src_stm32f4xx_tim.c.o
TIM_SelectHallSensor                              ./Debug/driver_src_stm32f4xx_tim.c.o
TIM_SelectInputTrigger                            ./Debug/driver_src_stm32f4xx_tim.c.o
TIM_SelectMasterSlaveMode                         ./Debug/driver_src_stm32f4xx_tim.c.o
TIM_SelectOCxM                                    ./Debug/driver_src_stm32f4xx_tim.c.o
TIM_SelectOnePulseMode                            ./Debug/driver_src_stm32f4xx_tim.c.o
TIM_SelectOutputTrigger                           ./Debug/driver_src_stm32f4xx_tim.c.o
TIM_SelectSlaveMode                               ./Debug/driver_src_stm32f4xx_tim.c.o
TIM_SetAutoreload                                 ./Debug/driver_src_stm32f4xx_tim.c.o
TIM_SetClockDivision                              ./Debug/driver_src_stm32f4xx_tim.c.o
TIM_SetCompare1                                   ./Debug/driver_src_stm32f4xx_tim.c.o
                                                  ./Debug/TinyTimber.c.o
TIM_SetCompare2                                   ./Debug/driver_src_stm32f4xx_tim.c.o
TIM_SetCompare3                                   ./Debug/driver_src_stm32f4xx_tim.c.o
TIM_SetCompare4                                   ./Debug/driver_src_stm32f4xx_tim.c.o
TIM_SetCounter                                    ./Debug/driver_src_stm32f4xx_tim.c.o
                                                  ./Debug/TinyTimber.c.o
TIM_SetIC1Prescaler                               ./Debug/driver_src_stm32f4xx_tim.c.o
TIM_SetIC2Prescaler                               ./Debug/driver_src_stm32f4xx_tim.c.o
TIM_SetIC3Prescaler                               ./Debug/driver_src_stm32f4xx_tim.c.o
TIM_SetIC4Prescaler                               ./Debug/driver_src_stm32f4xx_tim.c.o
TIM_TIxExternalClockConfig                        ./Debug/driver_src_stm32f4xx_tim.c.o
TIM_TimeBaseInit                                  ./Debug/driver_src_stm32f4xx_tim.c.o
                                                  ./Debug/TinyTimber.c.o
TIM_TimeBaseStructInit                            ./Debug/driver_src_stm32f4xx_tim.c.o
                                                  ./Debug/TinyTimber.c.o
TIM_UpdateDisableConfig                           ./Debug/driver_src_stm32f4xx_tim.c.o
TIM_UpdateRequestConfig                           ./Debug/driver_src_stm32f4xx_tim.c.o
T_RESET                                           ./Debug/TinyTimber.c.o
T_SAMPLE                                          ./Debug/TinyTimber.c.o
USART_ClearFlag                                   ./Debug/driver_src_stm32f4xx_usart.c.o
USART_ClearITPendingBit                           ./Debug/driver_src_stm32f4xx_usart.c.o
USART_ClockInit                                   ./Debug/driver_src_stm32f4xx_usart.c.o
USART_ClockStructInit                             ./Debug/driver_src_stm32f4xx_usart.c.o
USART_Cmd                                         ./Debug/driver_src_stm32f4xx_usart.c.o
USART_DMACmd                                      ./Debug/driver_src_stm32f4xx_usart.c.o
USART_DeInit                                      ./Debug/driver_src_stm32f4xx_usart.c.o
USART_GetFlagStatus                               ./Debug/driver_src_stm32f4xx_usart.c.o
                                                  ./Debug/TinyTimber.c.o
                                                  ./Debug/sciTinyTimber.c.o
USART_GetITStatus                                 ./Debug/driver_src_stm32f4xx_usart.c.o
USART_HalfDuplexCmd                               ./Debug/driver_src_stm32f4xx_usart.c.o
USART_ITConfig                                    ./Debug/driver_src_stm32f4xx_usart.c.o
                                                  ./Debug/sciTinyTimber.c.o
USART_Init                                        ./Debug/driver_src_stm32f4xx_usart.c.o
USART_IrDACmd                                     ./Debug/driver_src_stm32f4xx_usart.c.o
USART_IrDAConfig                                  ./Debug/driver_src_stm32f4xx_usart.c.o
USART_LINBreakDetectLengthConfig                  ./Debug/driver_src_stm32f4xx_usart.c.o
USART_LINCmd                                      ./Debug/driver_src_stm32f4xx_usart.c.o
USART_OneBitMethodCmd                             ./Debug/driver_src_stm32f4xx_usart.c.o
USART_OverSampling8Cmd                            ./Debug/driver_src_stm32f4xx_usart.c.o
USART_ReceiveData                                 ./Debug/driver_src_stm32f4xx_usart.c.o
                                                  ./Debug/sciTinyTimber.c.o
USART_ReceiverWakeUpCmd                           ./Debug/driver_src_stm32f4xx_usart.c.o
USART_SendBreak                                   ./Debug/driver_src_stm32f4xx_usart.c.o
USART_SendData                                    ./Debug/driver_src_stm32f4xx_usart.c.o
                                                  ./Debug/TinyTimber.c.o
                                                  ./Debug/sciTinyTimber.c.o
USART_SetAddress                                  ./Debug/driver_src_stm32f4xx_usart.c.o
USART_SetGuardTime                                ./Debug/driver_src_stm32f4xx_usart.c.o
USART_SetPrescaler                                ./Debug/driver_src_stm32f4xx_usart.c.o
USART_SmartCardCmd                                ./Debug/driver_src_stm32f4xx_usart.c.o
USART_SmartCardNACKCmd                            ./Debug/driver_src_stm32f4xx_usart.c.o
USART_StructInit                                  ./Debug/driver_src_stm32f4xx_usart.c.o
USART_WakeUpConfig                                ./Debug/driver_src_stm32f4xx_usart.c.o
__heap_end                                        ./Debug/TinyTimber.c.o
__pendSV_dispatch                                 ./Debug/TinyTimber.c.o
__sf_fake_stderr                                  c:/cseapp/codelite/tools/gcc-arm/bin/../lib/gcc/arm-none-eabi/9.2.1/../../../../arm-none-eabi/lib/thumb/v7e-m+fp/hard\libc_nano.a(lib_a-impure.o)
__sf_fake_stdin                                   c:/cseapp/codelite/tools/gcc-arm/bin/../lib/gcc/arm-none-eabi/9.2.1/../../../../arm-none-eabi/lib/thumb/v7e-m+fp/hard\libc_nano.a(lib_a-impure.o)
__sf_fake_stdout                                  c:/cseapp/codelite/tools/gcc-arm/bin/../lib/gcc/arm-none-eabi/9.2.1/../../../../arm-none-eabi/lib/thumb/v7e-m+fp/hard\libc_nano.a(lib_a-impure.o)
__svc_dispatch                                    ./Debug/TinyTimber.c.o
_atoi_r                                           c:/cseapp/codelite/tools/gcc-arm/bin/../lib/gcc/arm-none-eabi/9.2.1/../../../../arm-none-eabi/lib/thumb/v7e-m+fp/hard\libc_nano.a(lib_a-atoi.o)
_ctype_                                           c:/cseapp/codelite/tools/gcc-arm/bin/../lib/gcc/arm-none-eabi/9.2.1/../../../../arm-none-eabi/lib/thumb/v7e-m+fp/hard\libc_nano.a(lib_a-ctype_.o)
                                                  c:/cseapp/codelite/tools/gcc-arm/bin/../lib/gcc/arm-none-eabi/9.2.1/../../../../arm-none-eabi/lib/thumb/v7e-m+fp/hard\libc_nano.a(lib_a-strtol.o)
_ebss                                             ./Debug/startup.c.o
_global_impure_ptr                                c:/cseapp/codelite/tools/gcc-arm/bin/../lib/gcc/arm-none-eabi/9.2.1/../../../../arm-none-eabi/lib/thumb/v7e-m+fp/hard\libc_nano.a(lib_a-impure.o)
_impure_ptr                                       c:/cseapp/codelite/tools/gcc-arm/bin/../lib/gcc/arm-none-eabi/9.2.1/../../../../arm-none-eabi/lib/thumb/v7e-m+fp/hard\libc_nano.a(lib_a-impure.o)
                                                  c:/cseapp/codelite/tools/gcc-arm/bin/../lib/gcc/arm-none-eabi/9.2.1/../../../../arm-none-eabi/lib/thumb/v7e-m+fp/hard\libc_nano.a(lib_a-strtol.o)
_sbrk                                             ./Debug/TinyTimber.c.o
_sbss                                             ./Debug/startup.c.o
_strtol_r                                         c:/cseapp/codelite/tools/gcc-arm/bin/../lib/gcc/arm-none-eabi/9.2.1/../../../../arm-none-eabi/lib/thumb/v7e-m+fp/hard\libc_nano.a(lib_a-strtol.o)
                                                  c:/cseapp/codelite/tools/gcc-arm/bin/../lib/gcc/arm-none-eabi/9.2.1/../../../../arm-none-eabi/lib/thumb/v7e-m+fp/hard\libc_nano.a(lib_a-atoi.o)
activeStack                                       ./Debug/TinyTimber.c.o
app                                               ./Debug/application.c.o
async                                             ./Debug/TinyTimber.c.o
                                                  ./Debug/application.c.o
                                                  ./Debug/sciTinyTimber.c.o
                                                  ./Debug/canTinyTimber.c.o
atoi                                              c:/cseapp/codelite/tools/gcc-arm/bin/../lib/gcc/arm-none-eabi/9.2.1/../../../../arm-none-eabi/lib/thumb/v7e-m+fp/hard\libc_nano.a(lib_a-atoi.o)
                                                  ./Debug/application.c.o
can0                                              ./Debug/application.c.o
can_init                                          ./Debug/canTinyTimber.c.o
                                                  ./Debug/application.c.o
can_interrupt                                     ./Debug/canTinyTimber.c.o
                                                  ./Debug/application.c.o
can_receive                                       ./Debug/canTinyTimber.c.o
                                                  ./Debug/application.c.o
can_send                                          ./Debug/canTinyTimber.c.o
                                                  ./Debug/application.c.o
cli                                               ./Debug/TinyTimber.c.o
current                                           ./Debug/TinyTimber.c.o
                                                  ./Debug/dispatch.s.o
dequeue                                           ./Debug/TinyTimber.c.o
dequeue_pool                                      ./Debug/TinyTimber.c.o
doIRQSchedule                                     ./Debug/TinyTimber.c.o
                                                  ./Debug/sciTinyTimber.c.o
                                                  ./Debug/canTinyTimber.c.o
end                                               ./Debug/TinyTimber.c.o
enqueueByBaseline                                 ./Debug/TinyTimber.c.o
enqueueByDeadline                                 ./Debug/TinyTimber.c.o
frequencies                                       ./Debug/application.c.o
generator                                         ./Debug/application.c.o
hex                                               ./Debug/TinyTimber.c.o
insert                                            ./Debug/TinyTimber.c.o
install                                           ./Debug/TinyTimber.c.o
                                                  ./Debug/application.c.o
load                                              ./Debug/application.c.o
load_control                                      ./Debug/application.c.o
main                                              ./Debug/application.c.o
                                                  ./Debug/startup.c.o
messages                                          ./Debug/TinyTimber.c.o
msgPool                                           ./Debug/TinyTimber.c.o
msgQ                                              ./Debug/TinyTimber.c.o
mtable                                            ./Debug/TinyTimber.c.o
mute                                              ./Debug/application.c.o
myIndex                                           ./Debug/application.c.o
otable                                            ./Debug/TinyTimber.c.o
overflows                                         ./Debug/TinyTimber.c.o
periods                                           ./Debug/application.c.o
pop                                               ./Debug/TinyTimber.c.o
push                                              ./Debug/TinyTimber.c.o
reader                                            ./Debug/application.c.o
receiver                                          ./Debug/application.c.o
runAsHardware                                     ./Debug/TinyTimber.c.o
sci0                                              ./Debug/application.c.o
sci_init                                          ./Debug/sciTinyTimber.c.o
                                                  ./Debug/application.c.o
sci_interrupt                                     ./Debug/sciTinyTimber.c.o
                                                  ./Debug/application.c.o
sci_write                                         ./Debug/sciTinyTimber.c.o
                                                  ./Debug/application.c.o
sci_writechar                                     ./Debug/sciTinyTimber.c.o
                                                  ./Debug/application.c.o
sei                                               ./Debug/TinyTimber.c.o
stacks                                            ./Debug/TinyTimber.c.o
startApp                                          ./Debug/application.c.o
startLoop                                         ./Debug/application.c.o
startSound                                        ./Debug/application.c.o
startup                                           ./Debug/startup.c.o
strtol                                            c:/cseapp/codelite/tools/gcc-arm/bin/../lib/gcc/arm-none-eabi/9.2.1/../../../../arm-none-eabi/lib/thumb/v7e-m+fp/hard\libc_nano.a(lib_a-strtol.o)
                                                  c:/cseapp/codelite/tools/gcc-arm/bin/../lib/gcc/arm-none-eabi/9.2.1/../../../../arm-none-eabi/lib/thumb/v7e-m+fp/hard\libc_nano.a(lib_a-atoi.o)
strtol_l                                          c:/cseapp/codelite/tools/gcc-arm/bin/../lib/gcc/arm-none-eabi/9.2.1/../../../../arm-none-eabi/lib/thumb/v7e-m+fp/hard\libc_nano.a(lib_a-strtol.o)
sync                                              ./Debug/TinyTimber.c.o
                                                  ./Debug/application.c.o
thread0                                           ./Debug/TinyTimber.c.o
threadPool                                        ./Debug/TinyTimber.c.o
threads                                           ./Debug/TinyTimber.c.o
timerQ                                            ./Debug/TinyTimber.c.o
timestamp                                         ./Debug/TinyTimber.c.o
tinytimber                                        ./Debug/TinyTimber.c.o
                                                  ./Debug/application.c.o
upcoming                                          ./Debug/TinyTimber.c.o
                                                  ./Debug/dispatch.s.o
vect_CAN1                                         ./Debug/TinyTimber.c.o
vect_EXTI9_5                                      ./Debug/TinyTimber.c.o
vect_PendSV                                       ./Debug/dispatch.s.o
                                                  ./Debug/TinyTimber.c.o
vect_SVCall                                       ./Debug/dispatch.s.o
                                                  ./Debug/TinyTimber.c.o
vect_TIM5                                         ./Debug/TinyTimber.c.o
vect_USART1                                       ./Debug/TinyTimber.c.o
volume_control                                    ./Debug/application.c.o
