Archive member included to satisfy reference by file (symbol)

c:/cseapp/codelite/tools/gcc-arm/bin/../lib/gcc/arm-none-eabi/9.2.1/../../../../arm-none-eabi/lib/thumb/v7e-m+fp/hard\libc_nano.a(lib_a-atoi.o)
                              ./Debug/application.c.o (atoi)
c:/cseapp/codelite/tools/gcc-arm/bin/../lib/gcc/arm-none-eabi/9.2.1/../../../../arm-none-eabi/lib/thumb/v7e-m+fp/hard\libc_nano.a(lib_a-strtol.o)
                              c:/cseapp/codelite/tools/gcc-arm/bin/../lib/gcc/arm-none-eabi/9.2.1/../../../../arm-none-eabi/lib/thumb/v7e-m+fp/hard\libc_nano.a(lib_a-atoi.o) (_strtol_r)
c:/cseapp/codelite/tools/gcc-arm/bin/../lib/gcc/arm-none-eabi/9.2.1/../../../../arm-none-eabi/lib/thumb/v7e-m+fp/hard\libc_nano.a(lib_a-ctype_.o)
                              c:/cseapp/codelite/tools/gcc-arm/bin/../lib/gcc/arm-none-eabi/9.2.1/../../../../arm-none-eabi/lib/thumb/v7e-m+fp/hard\libc_nano.a(lib_a-strtol.o) (_ctype_)
c:/cseapp/codelite/tools/gcc-arm/bin/../lib/gcc/arm-none-eabi/9.2.1/../../../../arm-none-eabi/lib/thumb/v7e-m+fp/hard\libc_nano.a(lib_a-impure.o)
                              c:/cseapp/codelite/tools/gcc-arm/bin/../lib/gcc/arm-none-eabi/9.2.1/../../../../arm-none-eabi/lib/thumb/v7e-m+fp/hard\libc_nano.a(lib_a-strtol.o) (_impure_ptr)

Allocating common symbols
Common symbol       size              file

otable              0xc               ./Debug/TinyTimber.c.o
upcoming            0x4               ./Debug/TinyTimber.c.o
threads             0x50              ./Debug/TinyTimber.c.o
mtable              0xc               ./Debug/TinyTimber.c.o
thread0             0x14              ./Debug/TinyTimber.c.o
messages            0x2d0             ./Debug/TinyTimber.c.o
__heap_end          0x4               ./Debug/TinyTimber.c.o
stacks              0x8000            ./Debug/TinyTimber.c.o

Memory Configuration

Name             Origin             Length             Attributes
RAM              0x20000000         0x0001c000         xrw
*default*        0x00000000         0xffffffff

Linker script and memory map

LOAD ./Debug/driver_src_stm32f4xx_can.c.o
LOAD ./Debug/driver_src_stm32f4xx_syscfg.c.o
LOAD ./Debug/driver_src_stm32f4xx_gpio.c.o
LOAD ./Debug/driver_src_stm32f4xx_usart.c.o
LOAD ./Debug/driver_src_stm32f4xx_dac.c.o
LOAD ./Debug/driver_src_stm32f4xx_tim.c.o
LOAD ./Debug/TinyTimber.c.o
LOAD ./Debug/startup.c.o
LOAD ./Debug/application.c.o
LOAD ./Debug/driver_src_stm32f4xx_rcc.c.o
LOAD ./Debug/sciTinyTimber.c.o
LOAD ./Debug/dispatch.s.o
LOAD ./Debug/canTinyTimber.c.o
LOAD ./Debug/driver_src_stm32f4xx_exti.c.o
LOAD c:/cseapp/codelite/tools/gcc-arm/bin/../lib/gcc/arm-none-eabi/9.2.1/../../../../arm-none-eabi/lib/thumb/v7e-m+fp/hard\libstdc++_nano.a
LOAD c:/cseapp/codelite/tools/gcc-arm/bin/../lib/gcc/arm-none-eabi/9.2.1/../../../../arm-none-eabi/lib/thumb/v7e-m+fp/hard\libm.a
START GROUP
LOAD c:/cseapp/codelite/tools/gcc-arm/bin/../lib/gcc/arm-none-eabi/9.2.1/thumb/v7e-m+fp/hard\libgcc.a
LOAD c:/cseapp/codelite/tools/gcc-arm/bin/../lib/gcc/arm-none-eabi/9.2.1/../../../../arm-none-eabi/lib/thumb/v7e-m+fp/hard\libc_nano.a
END GROUP
START GROUP
LOAD c:/cseapp/codelite/tools/gcc-arm/bin/../lib/gcc/arm-none-eabi/9.2.1/thumb/v7e-m+fp/hard\libgcc.a
LOAD c:/cseapp/codelite/tools/gcc-arm/bin/../lib/gcc/arm-none-eabi/9.2.1/../../../../arm-none-eabi/lib/thumb/v7e-m+fp/hard\libc_nano.a
END GROUP

.text           0x20000000     0x7054
                0x20000000                . = ALIGN (0x4)
 *(.start_section)
 .start_section
                0x20000000       0x1c ./Debug/startup.c.o
                0x20000000                startup
 *(.text)
 .text          0x2000001c     0x11b4 ./Debug/driver_src_stm32f4xx_can.c.o
                0x2000001c                CAN_DeInit
                0x20000064                CAN_Init
                0x20000206                CAN_FilterInit
                0x2000038c                CAN_StructInit
                0x200003e2                CAN_SlaveStartBank
                0x20000444                CAN_DBGFreeze
                0x2000047c                CAN_TTComModeCmd
                0x20000514                CAN_Transmit
                0x200006b6                CAN_TransmitStatus
                0x200007bc                CAN_CancelTransmit
                0x20000814                CAN_Receive
                0x20000990                CAN_FIFORelease
                0x200009c8                CAN_MessagePending
                0x20000a12                CAN_OperatingModeRequest
                0x20000b0e                CAN_Sleep
                0x20000b48                CAN_WakeUp
                0x20000b9e                CAN_GetLastErrorCode
                0x20000bc4                CAN_GetReceiveErrorCounter
                0x20000be6                CAN_GetLSBTransmitErrorCounter
                0x20000c08                CAN_ITConfig
                0x20000c44                CAN_GetFlagStatus
                0x20000d12                CAN_ClearFlag
                0x20000d84                CAN_GetITStatus
                0x20000fe8                CAN_ClearITPendingBit
 .text          0x200011d0      0x154 ./Debug/driver_src_stm32f4xx_syscfg.c.o
                0x200011d0                SYSCFG_DeInit
                0x200011ec                SYSCFG_MemoryRemapConfig
                0x2000120c                SYSCFG_MemorySwappingBank
                0x2000122c                SYSCFG_EXTILineConfig
                0x200012b0                SYSCFG_ETH_MediaInterfaceConfig
                0x200012d0                SYSCFG_CompensationCellCmd
                0x200012f0                SYSCFG_GetCompensationCellStatus
 .text          0x20001324      0x4d8 ./Debug/driver_src_stm32f4xx_gpio.c.o
                0x20001324                GPIO_DeInit
                0x20001488                GPIO_Init
                0x200015a6                GPIO_StructInit
                0x200015da                GPIO_PinLockConfig
                0x2000161e                GPIO_ReadInputDataBit
                0x20001652                GPIO_ReadInputData
                0x2000166c                GPIO_ReadOutputDataBit
                0x200016a0                GPIO_ReadOutputData
                0x200016ba                GPIO_SetBits
                0x200016d8                GPIO_ResetBits
                0x200016f6                GPIO_WriteBit
                0x20001726                GPIO_Write
                0x20001744                GPIO_ToggleBits
                0x20001768                GPIO_PinAFConfig
 .text          0x200017fc      0x970 ./Debug/driver_src_stm32f4xx_usart.c.o
                0x200017fc                USART_DeInit
                0x20001914                USART_Init
                0x20001a88                USART_StructInit
                0x20001ac2                USART_ClockInit
                0x20001b18                USART_ClockStructInit
                0x20001b44                USART_Cmd
                0x20001b84                USART_SetPrescaler
                0x20001bbe                USART_OverSampling8Cmd
                0x20001c02                USART_OneBitMethodCmd
                0x20001c42                USART_SendData
                0x20001c66                USART_ReceiveData
                0x20001c86                USART_SetAddress
                0x20001cc0                USART_ReceiverWakeUpCmd
                0x20001d00                USART_WakeUpConfig
                0x20001d38                USART_LINBreakDetectLengthConfig
                0x20001d70                USART_LINCmd
                0x20001db0                USART_SendBreak
                0x20001dd4                USART_HalfDuplexCmd
                0x20001e14                USART_SetGuardTime
                0x20001e50                USART_SmartCardCmd
                0x20001e90                USART_SmartCardNACKCmd
                0x20001ed0                USART_IrDAConfig
                0x20001f08                USART_IrDACmd
                0x20001f48                USART_DMACmd
                0x20001f90                USART_ITConfig
                0x20002020                USART_GetFlagStatus
                0x20002058                USART_ClearFlag
                0x2000207a                USART_GetITStatus
                0x20002130                USART_ClearITPendingBit
 .text          0x2000216c      0x450 ./Debug/driver_src_stm32f4xx_dac.c.o
                0x2000216c                DAC_DeInit
                0x20002188                DAC_Init
                0x200021f0                DAC_StructInit
                0x2000221c                DAC_Cmd
                0x20002268                DAC_SoftwareTriggerCmd
                0x200022b8                DAC_DualSoftwareTriggerCmd
                0x200022f4                DAC_WaveGenerationCmd
                0x20002340                DAC_SetChannel1Data
                0x20002378                DAC_SetChannel2Data
                0x200023b0                DAC_SetDualChannelData
                0x20002408                DAC_GetDataOutputValue
                0x2000243c                DAC_DMACmd
                0x2000248c                DAC_ITConfig
                0x200024d8                DAC_GetFlagStatus
                0x20002514                DAC_ClearFlag
                0x2000253c                DAC_GetITStatus
                0x20002594                DAC_ClearITPendingBit
 .text          0x200025bc     0x1c1c ./Debug/driver_src_stm32f4xx_tim.c.o
                0x200025bc                TIM_DeInit
                0x2000277c                TIM_TimeBaseInit
                0x20002854                TIM_TimeBaseStructInit
                0x20002888                TIM_PrescalerConfig
                0x200028b0                TIM_CounterModeConfig
                0x200028e8                TIM_SetCounter
                0x20002904                TIM_SetAutoreload
                0x20002920                TIM_GetCounter
                0x20002938                TIM_GetPrescaler
                0x20002952                TIM_UpdateDisableConfig
                0x20002992                TIM_UpdateRequestConfig
                0x200029d2                TIM_ARRPreloadConfig
                0x20002a12                TIM_SelectOnePulseMode
                0x20002a4a                TIM_SetClockDivision
                0x20002a82                TIM_Cmd
                0x20002ac2                TIM_OC1Init
                0x20002bb8                TIM_OC2Init
                0x20002cc8                TIM_OC3Init
                0x20002dd4                TIM_OC4Init
                0x20002ea4                TIM_OCStructInit
                0x20002ee8                TIM_SelectOCxM
                0x20002f9e                TIM_SetCompare1
                0x20002fba                TIM_SetCompare2
                0x20002fd6                TIM_SetCompare3
                0x20002ff2                TIM_SetCompare4
                0x2000300e                TIM_ForcedOC1Config
                0x20003046                TIM_ForcedOC2Config
                0x20003082                TIM_ForcedOC3Config
                0x200030ba                TIM_ForcedOC4Config
                0x200030f6                TIM_OC1PreloadConfig
                0x2000312e                TIM_OC2PreloadConfig
                0x2000316a                TIM_OC3PreloadConfig
                0x200031a2                TIM_OC4PreloadConfig
                0x200031de                TIM_OC1FastConfig
                0x20003216                TIM_OC2FastConfig
                0x20003252                TIM_OC3FastConfig
                0x2000328a                TIM_OC4FastConfig
                0x200032c6                TIM_ClearOC1Ref
                0x200032fe                TIM_ClearOC2Ref
                0x2000333a                TIM_ClearOC3Ref
                0x20003372                TIM_ClearOC4Ref
                0x200033ae                TIM_OC1PolarityConfig
                0x200033e6                TIM_OC1NPolarityConfig
                0x2000341e                TIM_OC2PolarityConfig
                0x2000345a                TIM_OC2NPolarityConfig
                0x20003496                TIM_OC3PolarityConfig
                0x200034d2                TIM_OC3NPolarityConfig
                0x2000350e                TIM_OC4PolarityConfig
                0x2000354a                TIM_CCxCmd
                0x200035a0                TIM_CCxNCmd
                0x200035f6                TIM_ICInit
                0x2000369e                TIM_ICStructInit
                0x200036d0                TIM_PWMIConfig
                0x20003788                TIM_GetCapture1
                0x200037a0                TIM_GetCapture2
                0x200037b8                TIM_GetCapture3
                0x200037d0                TIM_GetCapture4
                0x200037e8                TIM_SetIC1Prescaler
                0x20003820                TIM_SetIC2Prescaler
                0x2000385c                TIM_SetIC3Prescaler
                0x20003894                TIM_SetIC4Prescaler
                0x200038d0                TIM_BDTRConfig
                0x20003920                TIM_BDTRStructInit
                0x2000395e                TIM_CtrlPWMOutputs
                0x200039aa                TIM_SelectCOM
                0x200039ea                TIM_CCPreloadControl
                0x20003a2a                TIM_ITConfig
                0x20003a72                TIM_GenerateEvent
                0x20003a90                TIM_GetFlagStatus
                0x20003ac8                TIM_ClearFlag
                0x20003aea                TIM_GetITStatus
                0x20003b3e                TIM_ClearITPendingBit
                0x20003b60                TIM_DMAConfig
                0x20003b8a                TIM_DMACmd
                0x20003bd2                TIM_SelectCCDMA
                0x20003c12                TIM_InternalClockConfig
                0x20003c36                TIM_ITRxExternalClockConfig
                0x20003c64                TIM_TIxExternalClockConfig
                0x20003cc0                TIM_ETRClockMode1Config
                0x20003d1e                TIM_ETRClockMode2Config
                0x20003d5c                TIM_SelectInputTrigger
                0x20003d94                TIM_SelectOutputTrigger
                0x20003dcc                TIM_SelectSlaveMode
                0x20003e04                TIM_SelectMasterSlaveMode
                0x20003e3c                TIM_ETRConfig
                0x20003e90                TIM_EncoderInterfaceConfig
                0x20003f28                TIM_SelectHallSensor
                0x20003f68                TIM_RemapConfig
 .text          0x200041d8      0xf54 ./Debug/TinyTimber.c.o
                0x20004260                DUMP
                0x2000429a                DUMPH
                0x200042f8                DUMPD
                0x2000439c                sei
                0x200043ba                cli
                0x200043d8                _sbrk
                0x2000441c                SETSTACK
                0x20004484                SETPC
                0x200044a8                TIMER_INIT
                0x20004540                DUMPC
                0x20004574                vect_USART1
                0x200045dc                vect_CAN1
                0x20004644                vect_EXTI9_5
                0x200046ac                enqueueByDeadline
                0x20004704                enqueueByBaseline
                0x2000475c                dequeue
                0x200047ac                dequeue_pool
                0x200047fc                insert
                0x20004820                push
                0x20004844                pop
                0x200048c6                vect_TIM5
                0x20004958                __svc_dispatch
                0x20004968                __pendSV_dispatch
                0x20004ad8                async
                0x20004c14                sync
                0x20004d20                ABORT
                0x20004dd4                T_RESET
                0x20004e10                T_SAMPLE
                0x20004e50                CURRENT_OFFSET
                0x20004ffc                install
                0x200050c8                tinytimber
 .text          0x2000512c      0x32c ./Debug/startup.c.o
 .text          0x20005458      0x1fc ./Debug/application.c.o
                0x20005458                receiver
                0x200054a8                print_key
                0x200054f0                reader
                0x20005594                startApp
                0x20005614                main
 .text          0x20005654      0xcb0 ./Debug/driver_src_stm32f4xx_rcc.c.o
                0x20005654                RCC_DeInit
                0x200056c4                RCC_HSEConfig
                0x200056ec                RCC_WaitForHSEStartUp
                0x2000573c                RCC_AdjustHSICalibrationValue
                0x20005778                RCC_HSICmd
                0x20005798                RCC_LSEConfig
                0x200057dc                RCC_LSICmd
                0x200057fc                RCC_PLLConfig
                0x2000583c                RCC_PLLCmd
                0x2000585c                RCC_PLLI2SConfig
                0x20005888                RCC_PLLI2SCmd
                0x200058a8                RCC_PLLSAIConfig
                0x200058dc                RCC_PLLSAICmd
                0x200058fc                RCC_ClockSecuritySystemCmd
                0x2000591c                RCC_MCO1Config
                0x2000595c                RCC_MCO2Config
                0x2000599c                RCC_SYSCLKConfig
                0x200059d4                RCC_GetSYSCLKSource
                0x200059f4                RCC_HCLKConfig
                0x20005a2c                RCC_PCLK1Config
                0x20005a64                RCC_PCLK2Config
                0x20005aa0                RCC_GetClocksFreq
                0x20005bfc                RCC_RTCCLKConfig
                0x20005c58                RCC_RTCCLKCmd
                0x20005c78                RCC_BackupResetCmd
                0x20005c98                RCC_I2SCLKConfig
                0x20005cb8                RCC_SAIPLLI2SClkDivConfig
                0x20005cf8                RCC_SAIPLLSAIClkDivConfig
                0x20005d38                RCC_SAIBlockACLKConfig
                0x20005d74                RCC_SAIBlockBCLKConfig
                0x20005db0                RCC_LTDCCLKDivConfig
                0x20005dec                RCC_TIMCLKPresConfig
                0x20005e0c                RCC_AHB1PeriphClockCmd
                0x20005e4c                RCC_AHB2PeriphClockCmd
                0x20005e8c                RCC_AHB3PeriphClockCmd
                0x20005ecc                RCC_APB1PeriphClockCmd
                0x20005f0c                RCC_APB2PeriphClockCmd
                0x20005f4c                RCC_AHB1PeriphResetCmd
                0x20005f8c                RCC_AHB2PeriphResetCmd
                0x20005fcc                RCC_AHB3PeriphResetCmd
                0x2000600c                RCC_APB1PeriphResetCmd
                0x2000604c                RCC_APB2PeriphResetCmd
                0x2000608c                RCC_AHB1PeriphClockLPModeCmd
                0x200060cc                RCC_AHB2PeriphClockLPModeCmd
                0x2000610c                RCC_AHB3PeriphClockLPModeCmd
                0x2000614c                RCC_APB1PeriphClockLPModeCmd
                0x2000618c                RCC_APB2PeriphClockLPModeCmd
                0x200061cc                RCC_ITConfig
                0x20006218                RCC_GetFlagStatus
                0x2000628c                RCC_ClearFlag
                0x200062ac                RCC_GetITStatus
                0x200062e4                RCC_ClearITPendingBit
 .text          0x20006304      0x294 ./Debug/sciTinyTimber.c.o
                0x2000638c                sci_init
                0x20006432                sci_write
                0x20006488                sci_writechar
                0x200064be                sci_interrupt
 .text          0x20006598       0xf4 ./Debug/dispatch.s.o
                0x20006598                vect_SVCall
                0x2000659c                vect_PendSV
 .text          0x2000668c      0x434 ./Debug/canTinyTimber.c.o
                0x20006714                can_init
                0x200067cc                can_interrupt
                0x20006954                can_receive
                0x20006a1e                can_send
 .text          0x20006ac0      0x210 ./Debug/driver_src_stm32f4xx_exti.c.o
                0x20006ac0                EXTI_DeInit
                0x20006af4                EXTI_Init
                0x20006bd8                EXTI_StructInit
                0x20006c04                EXTI_GenerateSWInterrupt
                0x20006c28                EXTI_GetFlagStatus
                0x20006c5c                EXTI_ClearFlag
                0x20006c7c                EXTI_GetITStatus
                0x20006cb0                EXTI_ClearITPendingBit
 .text          0x20006cd0        0x0 c:/cseapp/codelite/tools/gcc-arm/bin/../lib/gcc/arm-none-eabi/9.2.1/../../../../arm-none-eabi/lib/thumb/v7e-m+fp/hard\libc_nano.a(lib_a-atoi.o)
 .text          0x20006cd0        0x0 c:/cseapp/codelite/tools/gcc-arm/bin/../lib/gcc/arm-none-eabi/9.2.1/../../../../arm-none-eabi/lib/thumb/v7e-m+fp/hard\libc_nano.a(lib_a-strtol.o)
 .text          0x20006cd0        0x0 c:/cseapp/codelite/tools/gcc-arm/bin/../lib/gcc/arm-none-eabi/9.2.1/../../../../arm-none-eabi/lib/thumb/v7e-m+fp/hard\libc_nano.a(lib_a-ctype_.o)
 .text          0x20006cd0        0x0 c:/cseapp/codelite/tools/gcc-arm/bin/../lib/gcc/arm-none-eabi/9.2.1/../../../../arm-none-eabi/lib/thumb/v7e-m+fp/hard\libc_nano.a(lib_a-impure.o)
 *(.text.*)
 .text.atoi     0x20006cd0        0x8 c:/cseapp/codelite/tools/gcc-arm/bin/../lib/gcc/arm-none-eabi/9.2.1/../../../../arm-none-eabi/lib/thumb/v7e-m+fp/hard\libc_nano.a(lib_a-atoi.o)
                0x20006cd0                atoi
 .text._atoi_r  0x20006cd8        0x8 c:/cseapp/codelite/tools/gcc-arm/bin/../lib/gcc/arm-none-eabi/9.2.1/../../../../arm-none-eabi/lib/thumb/v7e-m+fp/hard\libc_nano.a(lib_a-atoi.o)
                0x20006cd8                _atoi_r
 .text._strtol_l.isra.0
                0x20006ce0       0xf4 c:/cseapp/codelite/tools/gcc-arm/bin/../lib/gcc/arm-none-eabi/9.2.1/../../../../arm-none-eabi/lib/thumb/v7e-m+fp/hard\libc_nano.a(lib_a-strtol.o)
 .text._strtol_r
                0x20006dd4        0x4 c:/cseapp/codelite/tools/gcc-arm/bin/../lib/gcc/arm-none-eabi/9.2.1/../../../../arm-none-eabi/lib/thumb/v7e-m+fp/hard\libc_nano.a(lib_a-strtol.o)
                0x20006dd4                _strtol_r
 .text.strtol_l
                0x20006dd8       0x14 c:/cseapp/codelite/tools/gcc-arm/bin/../lib/gcc/arm-none-eabi/9.2.1/../../../../arm-none-eabi/lib/thumb/v7e-m+fp/hard\libc_nano.a(lib_a-strtol.o)
                0x20006dd8                strtol_l
 .text.strtol   0x20006dec       0x14 c:/cseapp/codelite/tools/gcc-arm/bin/../lib/gcc/arm-none-eabi/9.2.1/../../../../arm-none-eabi/lib/thumb/v7e-m+fp/hard\libc_nano.a(lib_a-strtol.o)
                0x20006dec                strtol
 *(.rodata)
 .rodata        0x20006e00       0x81 ./Debug/TinyTimber.c.o
 *fill*         0x20006e81        0x3 
 .rodata        0x20006e84       0x3d ./Debug/application.c.o
 *fill*         0x20006ec1        0x3 
 .rodata        0x20006ec4       0x8a ./Debug/canTinyTimber.c.o
 *(.rodata*)
 .rodata._ctype_
                0x20006f4e      0x101 c:/cseapp/codelite/tools/gcc-arm/bin/../lib/gcc/arm-none-eabi/9.2.1/../../../../arm-none-eabi/lib/thumb/v7e-m+fp/hard\libc_nano.a(lib_a-ctype_.o)
                0x20006f4e                _ctype_
 *fill*         0x2000704f        0x1 
 .rodata._global_impure_ptr
                0x20007050        0x4 c:/cseapp/codelite/tools/gcc-arm/bin/../lib/gcc/arm-none-eabi/9.2.1/../../../../arm-none-eabi/lib/thumb/v7e-m+fp/hard\libc_nano.a(lib_a-impure.o)
                0x20007050                _global_impure_ptr
 *(.glue_7)
 .glue_7        0x20007054        0x0 linker stubs
 *(.glue_7t)
 .glue_7t       0x20007054        0x0 linker stubs
                0x20007054                . = ALIGN (0x4)

.vfp11_veneer   0x20007054        0x0
 .vfp11_veneer  0x20007054        0x0 linker stubs

.v4_bx          0x20007054        0x0
 .v4_bx         0x20007054        0x0 linker stubs

.iplt           0x20007054        0x0
 .iplt          0x20007054        0x0 ./Debug/driver_src_stm32f4xx_can.c.o

.rel.dyn        0x20007054        0x0
 .rel.iplt      0x20007054        0x0 ./Debug/driver_src_stm32f4xx_can.c.o

.data           0x20007054      0x634
                0x20007054                . = ALIGN (0x4)
 *(.data)
 .data          0x20007054        0x0 ./Debug/driver_src_stm32f4xx_can.c.o
 .data          0x20007054        0x0 ./Debug/driver_src_stm32f4xx_syscfg.c.o
 .data          0x20007054        0x0 ./Debug/driver_src_stm32f4xx_gpio.c.o
 .data          0x20007054        0x0 ./Debug/driver_src_stm32f4xx_usart.c.o
 .data          0x20007054        0x0 ./Debug/driver_src_stm32f4xx_dac.c.o
 .data          0x20007054        0x0 ./Debug/driver_src_stm32f4xx_tim.c.o
 .data          0x20007054       0x24 ./Debug/TinyTimber.c.o
                0x20007054                hex
                0x20007068                msgPool
                0x2000706c                threadPool
                0x20007070                activeStack
                0x20007074                current
 .data          0x20007078        0x0 ./Debug/startup.c.o
 .data          0x20007078      0x518 ./Debug/application.c.o
                0x20007078                app
                0x200070f8                sci0
                0x20007518                can0
 .data          0x20007590       0x10 ./Debug/driver_src_stm32f4xx_rcc.c.o
 .data          0x200075a0        0x0 ./Debug/sciTinyTimber.c.o
 .data          0x200075a0       0x84 ./Debug/dispatch.s.o
 .data          0x20007624        0x0 ./Debug/canTinyTimber.c.o
 .data          0x20007624        0x0 ./Debug/driver_src_stm32f4xx_exti.c.o
 .data          0x20007624        0x0 c:/cseapp/codelite/tools/gcc-arm/bin/../lib/gcc/arm-none-eabi/9.2.1/../../../../arm-none-eabi/lib/thumb/v7e-m+fp/hard\libc_nano.a(lib_a-atoi.o)
 .data          0x20007624        0x0 c:/cseapp/codelite/tools/gcc-arm/bin/../lib/gcc/arm-none-eabi/9.2.1/../../../../arm-none-eabi/lib/thumb/v7e-m+fp/hard\libc_nano.a(lib_a-strtol.o)
 .data          0x20007624        0x0 c:/cseapp/codelite/tools/gcc-arm/bin/../lib/gcc/arm-none-eabi/9.2.1/../../../../arm-none-eabi/lib/thumb/v7e-m+fp/hard\libc_nano.a(lib_a-ctype_.o)
 .data          0x20007624        0x0 c:/cseapp/codelite/tools/gcc-arm/bin/../lib/gcc/arm-none-eabi/9.2.1/../../../../arm-none-eabi/lib/thumb/v7e-m+fp/hard\libc_nano.a(lib_a-impure.o)
 *(.data.*)
 .data._impure_ptr
                0x20007624        0x4 c:/cseapp/codelite/tools/gcc-arm/bin/../lib/gcc/arm-none-eabi/9.2.1/../../../../arm-none-eabi/lib/thumb/v7e-m+fp/hard\libc_nano.a(lib_a-impure.o)
                0x20007624                _impure_ptr
 .data.impure_data
                0x20007628       0x60 c:/cseapp/codelite/tools/gcc-arm/bin/../lib/gcc/arm-none-eabi/9.2.1/../../../../arm-none-eabi/lib/thumb/v7e-m+fp/hard\libc_nano.a(lib_a-impure.o)
                0x20007688                . = ALIGN (0x4)

.igot.plt       0x20007688        0x0
 .igot.plt      0x20007688        0x0 ./Debug/driver_src_stm32f4xx_can.c.o

.bss            0x20007688     0x8370
                0x20007688                . = ALIGN (0x4)
                0x20007688                _sbss = .
 *(.bss)
 .bss           0x20007688        0x0 ./Debug/driver_src_stm32f4xx_can.c.o
 .bss           0x20007688        0x0 ./Debug/driver_src_stm32f4xx_syscfg.c.o
 .bss           0x20007688        0x0 ./Debug/driver_src_stm32f4xx_gpio.c.o
 .bss           0x20007688        0x0 ./Debug/driver_src_stm32f4xx_usart.c.o
 .bss           0x20007688        0x0 ./Debug/driver_src_stm32f4xx_dac.c.o
 .bss           0x20007688        0x0 ./Debug/driver_src_stm32f4xx_tim.c.o
 .bss           0x20007688       0x18 ./Debug/TinyTimber.c.o
                0x20007688                msgQ
                0x2000768c                timerQ
                0x20007690                runAsHardware
                0x20007694                doIRQSchedule
                0x20007698                timestamp
                0x2000769c                overflows
 .bss           0x200076a0        0x0 ./Debug/startup.c.o
 .bss           0x200076a0        0x0 ./Debug/application.c.o
 .bss           0x200076a0        0x0 ./Debug/driver_src_stm32f4xx_rcc.c.o
 .bss           0x200076a0        0x0 ./Debug/sciTinyTimber.c.o
 .bss           0x200076a0        0x0 ./Debug/dispatch.s.o
 .bss           0x200076a0        0x0 ./Debug/canTinyTimber.c.o
 .bss           0x200076a0        0x0 ./Debug/driver_src_stm32f4xx_exti.c.o
 .bss           0x200076a0        0x0 c:/cseapp/codelite/tools/gcc-arm/bin/../lib/gcc/arm-none-eabi/9.2.1/../../../../arm-none-eabi/lib/thumb/v7e-m+fp/hard\libc_nano.a(lib_a-atoi.o)
 .bss           0x200076a0        0x0 c:/cseapp/codelite/tools/gcc-arm/bin/../lib/gcc/arm-none-eabi/9.2.1/../../../../arm-none-eabi/lib/thumb/v7e-m+fp/hard\libc_nano.a(lib_a-strtol.o)
 .bss           0x200076a0        0x0 c:/cseapp/codelite/tools/gcc-arm/bin/../lib/gcc/arm-none-eabi/9.2.1/../../../../arm-none-eabi/lib/thumb/v7e-m+fp/hard\libc_nano.a(lib_a-ctype_.o)
 .bss           0x200076a0        0x0 c:/cseapp/codelite/tools/gcc-arm/bin/../lib/gcc/arm-none-eabi/9.2.1/../../../../arm-none-eabi/lib/thumb/v7e-m+fp/hard\libc_nano.a(lib_a-impure.o)
 *(.bss.*)
 *(COMMON)
 COMMON         0x200076a0     0x8358 ./Debug/TinyTimber.c.o
                0x200076a0                otable
                0x200076ac                upcoming
                0x200076b0                threads
                0x20007700                mtable
                0x2000770c                thread0
                0x20007720                messages
                0x200079f0                __heap_end
                0x200079f8                stacks
                0x2000f9f8                . = ALIGN (0x4)
                0x2000f9f8                _ebss = .
                0x2000f9f8                PROVIDE (end = _ebss)
                [!provide]                PROVIDE (_end = _ebss)
OUTPUT(./Debug/RTS-Lab.elf elf32-littlearm)

.debug_info     0x00000000     0xa2da
 .debug_info    0x00000000      0xc60 ./Debug/driver_src_stm32f4xx_can.c.o
 .debug_info    0x00000c60      0x2c4 ./Debug/driver_src_stm32f4xx_syscfg.c.o
 .debug_info    0x00000f24      0x67f ./Debug/driver_src_stm32f4xx_gpio.c.o
 .debug_info    0x000015a3      0xa68 ./Debug/driver_src_stm32f4xx_usart.c.o
 .debug_info    0x0000200b      0x6af ./Debug/driver_src_stm32f4xx_dac.c.o
 .debug_info    0x000026ba     0x1e26 ./Debug/driver_src_stm32f4xx_tim.c.o
 .debug_info    0x000044e0     0x183c ./Debug/TinyTimber.c.o
 .debug_info    0x00005d1c      0xade ./Debug/startup.c.o
 .debug_info    0x000067fa     0x10e4 ./Debug/application.c.o
 .debug_info    0x000078de      0xef4 ./Debug/driver_src_stm32f4xx_rcc.c.o
 .debug_info    0x000087d2      0x9d1 ./Debug/sciTinyTimber.c.o
 .debug_info    0x000091a3      0xdb4 ./Debug/canTinyTimber.c.o
 .debug_info    0x00009f57      0x383 ./Debug/driver_src_stm32f4xx_exti.c.o

.debug_abbrev   0x00000000     0x1dce
 .debug_abbrev  0x00000000      0x238 ./Debug/driver_src_stm32f4xx_can.c.o
 .debug_abbrev  0x00000238      0x164 ./Debug/driver_src_stm32f4xx_syscfg.c.o
 .debug_abbrev  0x0000039c      0x1e6 ./Debug/driver_src_stm32f4xx_gpio.c.o
 .debug_abbrev  0x00000582      0x1a8 ./Debug/driver_src_stm32f4xx_usart.c.o
 .debug_abbrev  0x0000072a      0x1b9 ./Debug/driver_src_stm32f4xx_dac.c.o
 .debug_abbrev  0x000008e3      0x1c2 ./Debug/driver_src_stm32f4xx_tim.c.o
 .debug_abbrev  0x00000aa5      0x4f2 ./Debug/TinyTimber.c.o
 .debug_abbrev  0x00000f97      0x286 ./Debug/startup.c.o
 .debug_abbrev  0x0000121d      0x2e4 ./Debug/application.c.o
 .debug_abbrev  0x00001501      0x1f9 ./Debug/driver_src_stm32f4xx_rcc.c.o
 .debug_abbrev  0x000016fa      0x273 ./Debug/sciTinyTimber.c.o
 .debug_abbrev  0x0000196d      0x277 ./Debug/canTinyTimber.c.o
 .debug_abbrev  0x00001be4      0x1ea ./Debug/driver_src_stm32f4xx_exti.c.o

.debug_aranges  0x00000000      0x1a8
 .debug_aranges
                0x00000000       0x20 ./Debug/driver_src_stm32f4xx_can.c.o
 .debug_aranges
                0x00000020       0x20 ./Debug/driver_src_stm32f4xx_syscfg.c.o
 .debug_aranges
                0x00000040       0x20 ./Debug/driver_src_stm32f4xx_gpio.c.o
 .debug_aranges
                0x00000060       0x20 ./Debug/driver_src_stm32f4xx_usart.c.o
 .debug_aranges
                0x00000080       0x20 ./Debug/driver_src_stm32f4xx_dac.c.o
 .debug_aranges
                0x000000a0       0x20 ./Debug/driver_src_stm32f4xx_tim.c.o
 .debug_aranges
                0x000000c0       0x20 ./Debug/TinyTimber.c.o
 .debug_aranges
                0x000000e0       0x28 ./Debug/startup.c.o
 .debug_aranges
                0x00000108       0x20 ./Debug/application.c.o
 .debug_aranges
                0x00000128       0x20 ./Debug/driver_src_stm32f4xx_rcc.c.o
 .debug_aranges
                0x00000148       0x20 ./Debug/sciTinyTimber.c.o
 .debug_aranges
                0x00000168       0x20 ./Debug/canTinyTimber.c.o
 .debug_aranges
                0x00000188       0x20 ./Debug/driver_src_stm32f4xx_exti.c.o

.debug_line     0x00000000     0x47e7
 .debug_line    0x00000000      0x8f0 ./Debug/driver_src_stm32f4xx_can.c.o
 .debug_line    0x000008f0      0x224 ./Debug/driver_src_stm32f4xx_syscfg.c.o
 .debug_line    0x00000b14      0x449 ./Debug/driver_src_stm32f4xx_gpio.c.o
 .debug_line    0x00000f5d      0x5ab ./Debug/driver_src_stm32f4xx_usart.c.o
 .debug_line    0x00001508      0x3ee ./Debug/driver_src_stm32f4xx_dac.c.o
 .debug_line    0x000018f6      0xbbe ./Debug/driver_src_stm32f4xx_tim.c.o
 .debug_line    0x000024b4      0xab2 ./Debug/TinyTimber.c.o
 .debug_line    0x00002f66      0x3a4 ./Debug/startup.c.o
 .debug_line    0x0000330a      0x305 ./Debug/application.c.o
 .debug_line    0x0000360f      0x7a1 ./Debug/driver_src_stm32f4xx_rcc.c.o
 .debug_line    0x00003db0      0x2d3 ./Debug/sciTinyTimber.c.o
 .debug_line    0x00004083      0x44c ./Debug/canTinyTimber.c.o
 .debug_line    0x000044cf      0x318 ./Debug/driver_src_stm32f4xx_exti.c.o

.debug_str      0x00000000     0x37ce
 .debug_str     0x00000000      0x708 ./Debug/driver_src_stm32f4xx_can.c.o
                                0x7b2 (size before relaxing)
 .debug_str     0x00000708      0x18e ./Debug/driver_src_stm32f4xx_syscfg.c.o
                                0x382 (size before relaxing)
 .debug_str     0x00000896      0x333 ./Debug/driver_src_stm32f4xx_gpio.c.o
                                0x517 (size before relaxing)
 .debug_str     0x00000bc9      0x4ab ./Debug/driver_src_stm32f4xx_usart.c.o
                                0x703 (size before relaxing)
 .debug_str     0x00001074      0x2ac ./Debug/driver_src_stm32f4xx_dac.c.o
                                0x4c7 (size before relaxing)
 .debug_str     0x00001320      0xb9a ./Debug/driver_src_stm32f4xx_tim.c.o
                                0xe44 (size before relaxing)
 .debug_str     0x00001eba      0x902 ./Debug/TinyTimber.c.o
                                0xcc7 (size before relaxing)
 .debug_str     0x000027bc      0x210 ./Debug/startup.c.o
                                0x80a (size before relaxing)
 .debug_str     0x000029cc      0x4a3 ./Debug/application.c.o
                                0x816 (size before relaxing)
 .debug_str     0x00002e6f      0x739 ./Debug/driver_src_stm32f4xx_rcc.c.o
                                0xa09 (size before relaxing)
 .debug_str     0x000035a8       0x83 ./Debug/sciTinyTimber.c.o
                                0x8e7 (size before relaxing)
 .debug_str     0x0000362b       0x92 ./Debug/canTinyTimber.c.o
                                0xa88 (size before relaxing)
 .debug_str     0x000036bd      0x111 ./Debug/driver_src_stm32f4xx_exti.c.o
                                0x3c0 (size before relaxing)

.comment        0x00000000       0x79
 .comment       0x00000000       0x79 ./Debug/driver_src_stm32f4xx_can.c.o
                                 0x7a (size before relaxing)
 .comment       0x00000079       0x7a ./Debug/driver_src_stm32f4xx_syscfg.c.o
 .comment       0x00000079       0x7a ./Debug/driver_src_stm32f4xx_gpio.c.o
 .comment       0x00000079       0x7a ./Debug/driver_src_stm32f4xx_usart.c.o
 .comment       0x00000079       0x7a ./Debug/driver_src_stm32f4xx_dac.c.o
 .comment       0x00000079       0x7a ./Debug/driver_src_stm32f4xx_tim.c.o
 .comment       0x00000079       0x7a ./Debug/TinyTimber.c.o
 .comment       0x00000079       0x7a ./Debug/startup.c.o
 .comment       0x00000079       0x7a ./Debug/application.c.o
 .comment       0x00000079       0x7a ./Debug/driver_src_stm32f4xx_rcc.c.o
 .comment       0x00000079       0x7a ./Debug/sciTinyTimber.c.o
 .comment       0x00000079       0x7a ./Debug/canTinyTimber.c.o
 .comment       0x00000079       0x7a ./Debug/driver_src_stm32f4xx_exti.c.o

.ARM.attributes
                0x00000000       0x32
 .ARM.attributes
                0x00000000       0x34 ./Debug/driver_src_stm32f4xx_can.c.o
 .ARM.attributes
                0x00000034       0x34 ./Debug/driver_src_stm32f4xx_syscfg.c.o
 .ARM.attributes
                0x00000068       0x34 ./Debug/driver_src_stm32f4xx_gpio.c.o
 .ARM.attributes
                0x0000009c       0x34 ./Debug/driver_src_stm32f4xx_usart.c.o
 .ARM.attributes
                0x000000d0       0x34 ./Debug/driver_src_stm32f4xx_dac.c.o
 .ARM.attributes
                0x00000104       0x34 ./Debug/driver_src_stm32f4xx_tim.c.o
 .ARM.attributes
                0x00000138       0x34 ./Debug/TinyTimber.c.o
 .ARM.attributes
                0x0000016c       0x34 ./Debug/startup.c.o
 .ARM.attributes
                0x000001a0       0x34 ./Debug/application.c.o
 .ARM.attributes
                0x000001d4       0x34 ./Debug/driver_src_stm32f4xx_rcc.c.o
 .ARM.attributes
                0x00000208       0x34 ./Debug/sciTinyTimber.c.o
 .ARM.attributes
                0x0000023c       0x25 ./Debug/dispatch.s.o
 .ARM.attributes
                0x00000261       0x34 ./Debug/canTinyTimber.c.o
 .ARM.attributes
                0x00000295       0x34 ./Debug/driver_src_stm32f4xx_exti.c.o
 .ARM.attributes
                0x000002c9       0x34 c:/cseapp/codelite/tools/gcc-arm/bin/../lib/gcc/arm-none-eabi/9.2.1/../../../../arm-none-eabi/lib/thumb/v7e-m+fp/hard\libc_nano.a(lib_a-atoi.o)
 .ARM.attributes
                0x000002fd       0x34 c:/cseapp/codelite/tools/gcc-arm/bin/../lib/gcc/arm-none-eabi/9.2.1/../../../../arm-none-eabi/lib/thumb/v7e-m+fp/hard\libc_nano.a(lib_a-strtol.o)
 .ARM.attributes
                0x00000331       0x32 c:/cseapp/codelite/tools/gcc-arm/bin/../lib/gcc/arm-none-eabi/9.2.1/../../../../arm-none-eabi/lib/thumb/v7e-m+fp/hard\libc_nano.a(lib_a-ctype_.o)
 .ARM.attributes
                0x00000363       0x32 c:/cseapp/codelite/tools/gcc-arm/bin/../lib/gcc/arm-none-eabi/9.2.1/../../../../arm-none-eabi/lib/thumb/v7e-m+fp/hard\libc_nano.a(lib_a-impure.o)

.debug_frame    0x00000000     0x3070
 .debug_frame   0x00000000      0x3f8 ./Debug/driver_src_stm32f4xx_can.c.o
 .debug_frame   0x000003f8      0x11c ./Debug/driver_src_stm32f4xx_syscfg.c.o
 .debug_frame   0x00000514      0x23c ./Debug/driver_src_stm32f4xx_gpio.c.o
 .debug_frame   0x00000750      0x490 ./Debug/driver_src_stm32f4xx_usart.c.o
 .debug_frame   0x00000be0      0x2ac ./Debug/driver_src_stm32f4xx_dac.c.o
 .debug_frame   0x00000e8c      0xe54 ./Debug/driver_src_stm32f4xx_tim.c.o
 .debug_frame   0x00001ce0      0x57c ./Debug/TinyTimber.c.o
 .debug_frame   0x0000225c      0x14c ./Debug/startup.c.o
 .debug_frame   0x000023a8       0xbc ./Debug/application.c.o
 .debug_frame   0x00002464      0x814 ./Debug/driver_src_stm32f4xx_rcc.c.o
 .debug_frame   0x00002c78      0x11c ./Debug/sciTinyTimber.c.o
 .debug_frame   0x00002d94      0x100 ./Debug/canTinyTimber.c.o
 .debug_frame   0x00002e94      0x148 ./Debug/driver_src_stm32f4xx_exti.c.o
 .debug_frame   0x00002fdc       0x30 c:/cseapp/codelite/tools/gcc-arm/bin/../lib/gcc/arm-none-eabi/9.2.1/../../../../arm-none-eabi/lib/thumb/v7e-m+fp/hard\libc_nano.a(lib_a-atoi.o)
 .debug_frame   0x0000300c       0x64 c:/cseapp/codelite/tools/gcc-arm/bin/../lib/gcc/arm-none-eabi/9.2.1/../../../../arm-none-eabi/lib/thumb/v7e-m+fp/hard\libc_nano.a(lib_a-strtol.o)

.debug_ranges   0x00000000       0x18
 .debug_ranges  0x00000000       0x18 ./Debug/startup.c.o

Cross Reference Table

Symbol                                            File
ABORT                                             ./Debug/TinyTimber.c.o
CAN_CancelTransmit                                ./Debug/driver_src_stm32f4xx_can.c.o
CAN_ClearFlag                                     ./Debug/driver_src_stm32f4xx_can.c.o
CAN_ClearITPendingBit                             ./Debug/driver_src_stm32f4xx_can.c.o
CAN_DBGFreeze                                     ./Debug/driver_src_stm32f4xx_can.c.o
CAN_DeInit                                        ./Debug/driver_src_stm32f4xx_can.c.o
                                                  ./Debug/startup.c.o
CAN_FIFORelease                                   ./Debug/driver_src_stm32f4xx_can.c.o
CAN_FilterInit                                    ./Debug/driver_src_stm32f4xx_can.c.o
                                                  ./Debug/startup.c.o
CAN_GetFlagStatus                                 ./Debug/driver_src_stm32f4xx_can.c.o
                                                  ./Debug/canTinyTimber.c.o
CAN_GetITStatus                                   ./Debug/driver_src_stm32f4xx_can.c.o
CAN_GetLSBTransmitErrorCounter                    ./Debug/driver_src_stm32f4xx_can.c.o
CAN_GetLastErrorCode                              ./Debug/driver_src_stm32f4xx_can.c.o
CAN_GetReceiveErrorCounter                        ./Debug/driver_src_stm32f4xx_can.c.o
CAN_ITConfig                                      ./Debug/driver_src_stm32f4xx_can.c.o
                                                  ./Debug/canTinyTimber.c.o
CAN_Init                                          ./Debug/driver_src_stm32f4xx_can.c.o
                                                  ./Debug/canTinyTimber.c.o
CAN_MessagePending                                ./Debug/driver_src_stm32f4xx_can.c.o
CAN_OperatingModeRequest                          ./Debug/driver_src_stm32f4xx_can.c.o
CAN_Receive                                       ./Debug/driver_src_stm32f4xx_can.c.o
                                                  ./Debug/canTinyTimber.c.o
CAN_SlaveStartBank                                ./Debug/driver_src_stm32f4xx_can.c.o
CAN_Sleep                                         ./Debug/driver_src_stm32f4xx_can.c.o
CAN_StructInit                                    ./Debug/driver_src_stm32f4xx_can.c.o
                                                  ./Debug/canTinyTimber.c.o
CAN_TTComModeCmd                                  ./Debug/driver_src_stm32f4xx_can.c.o
CAN_Transmit                                      ./Debug/driver_src_stm32f4xx_can.c.o
                                                  ./Debug/canTinyTimber.c.o
CAN_TransmitStatus                                ./Debug/driver_src_stm32f4xx_can.c.o
CAN_WakeUp                                        ./Debug/driver_src_stm32f4xx_can.c.o
CURRENT_OFFSET                                    ./Debug/TinyTimber.c.o
DAC_ClearFlag                                     ./Debug/driver_src_stm32f4xx_dac.c.o
DAC_ClearITPendingBit                             ./Debug/driver_src_stm32f4xx_dac.c.o
DAC_Cmd                                           ./Debug/driver_src_stm32f4xx_dac.c.o
                                                  ./Debug/startup.c.o
DAC_DMACmd                                        ./Debug/driver_src_stm32f4xx_dac.c.o
DAC_DeInit                                        ./Debug/driver_src_stm32f4xx_dac.c.o
                                                  ./Debug/startup.c.o
DAC_DualSoftwareTriggerCmd                        ./Debug/driver_src_stm32f4xx_dac.c.o
DAC_GetDataOutputValue                            ./Debug/driver_src_stm32f4xx_dac.c.o
DAC_GetFlagStatus                                 ./Debug/driver_src_stm32f4xx_dac.c.o
DAC_GetITStatus                                   ./Debug/driver_src_stm32f4xx_dac.c.o
DAC_ITConfig                                      ./Debug/driver_src_stm32f4xx_dac.c.o
DAC_Init                                          ./Debug/driver_src_stm32f4xx_dac.c.o
                                                  ./Debug/startup.c.o
DAC_SetChannel1Data                               ./Debug/driver_src_stm32f4xx_dac.c.o
DAC_SetChannel2Data                               ./Debug/driver_src_stm32f4xx_dac.c.o
                                                  ./Debug/startup.c.o
DAC_SetDualChannelData                            ./Debug/driver_src_stm32f4xx_dac.c.o
DAC_SoftwareTriggerCmd                            ./Debug/driver_src_stm32f4xx_dac.c.o
DAC_StructInit                                    ./Debug/driver_src_stm32f4xx_dac.c.o
                                                  ./Debug/startup.c.o
DAC_WaveGenerationCmd                             ./Debug/driver_src_stm32f4xx_dac.c.o
DUMP                                              ./Debug/TinyTimber.c.o
                                                  ./Debug/canTinyTimber.c.o
                                                  ./Debug/dispatch.s.o
DUMPC                                             ./Debug/TinyTimber.c.o
DUMPD                                             ./Debug/TinyTimber.c.o
                                                  ./Debug/dispatch.s.o
DUMPH                                             ./Debug/TinyTimber.c.o
                                                  ./Debug/dispatch.s.o
EXTI_ClearFlag                                    ./Debug/driver_src_stm32f4xx_exti.c.o
EXTI_ClearITPendingBit                            ./Debug/driver_src_stm32f4xx_exti.c.o
EXTI_DeInit                                       ./Debug/driver_src_stm32f4xx_exti.c.o
                                                  ./Debug/startup.c.o
EXTI_GenerateSWInterrupt                          ./Debug/driver_src_stm32f4xx_exti.c.o
EXTI_GetFlagStatus                                ./Debug/driver_src_stm32f4xx_exti.c.o
EXTI_GetITStatus                                  ./Debug/driver_src_stm32f4xx_exti.c.o
EXTI_Init                                         ./Debug/driver_src_stm32f4xx_exti.c.o
                                                  ./Debug/startup.c.o
EXTI_StructInit                                   ./Debug/driver_src_stm32f4xx_exti.c.o
                                                  ./Debug/startup.c.o
GPIO_DeInit                                       ./Debug/driver_src_stm32f4xx_gpio.c.o
                                                  ./Debug/startup.c.o
GPIO_Init                                         ./Debug/driver_src_stm32f4xx_gpio.c.o
                                                  ./Debug/startup.c.o
GPIO_PinAFConfig                                  ./Debug/driver_src_stm32f4xx_gpio.c.o
                                                  ./Debug/startup.c.o
GPIO_PinLockConfig                                ./Debug/driver_src_stm32f4xx_gpio.c.o
GPIO_ReadInputData                                ./Debug/driver_src_stm32f4xx_gpio.c.o
GPIO_ReadInputDataBit                             ./Debug/driver_src_stm32f4xx_gpio.c.o
GPIO_ReadOutputData                               ./Debug/driver_src_stm32f4xx_gpio.c.o
GPIO_ReadOutputDataBit                            ./Debug/driver_src_stm32f4xx_gpio.c.o
GPIO_ResetBits                                    ./Debug/driver_src_stm32f4xx_gpio.c.o
GPIO_SetBits                                      ./Debug/driver_src_stm32f4xx_gpio.c.o
GPIO_StructInit                                   ./Debug/driver_src_stm32f4xx_gpio.c.o
                                                  ./Debug/startup.c.o
GPIO_ToggleBits                                   ./Debug/driver_src_stm32f4xx_gpio.c.o
GPIO_Write                                        ./Debug/driver_src_stm32f4xx_gpio.c.o
GPIO_WriteBit                                     ./Debug/driver_src_stm32f4xx_gpio.c.o
                                                  ./Debug/startup.c.o
                                                  ./Debug/TinyTimber.c.o
RCC_AHB1PeriphClockCmd                            ./Debug/driver_src_stm32f4xx_rcc.c.o
                                                  ./Debug/startup.c.o
RCC_AHB1PeriphClockLPModeCmd                      ./Debug/driver_src_stm32f4xx_rcc.c.o
RCC_AHB1PeriphResetCmd                            ./Debug/driver_src_stm32f4xx_rcc.c.o
                                                  ./Debug/driver_src_stm32f4xx_gpio.c.o
RCC_AHB2PeriphClockCmd                            ./Debug/driver_src_stm32f4xx_rcc.c.o
RCC_AHB2PeriphClockLPModeCmd                      ./Debug/driver_src_stm32f4xx_rcc.c.o
RCC_AHB2PeriphResetCmd                            ./Debug/driver_src_stm32f4xx_rcc.c.o
RCC_AHB3PeriphClockCmd                            ./Debug/driver_src_stm32f4xx_rcc.c.o
RCC_AHB3PeriphClockLPModeCmd                      ./Debug/driver_src_stm32f4xx_rcc.c.o
RCC_AHB3PeriphResetCmd                            ./Debug/driver_src_stm32f4xx_rcc.c.o
RCC_APB1PeriphClockCmd                            ./Debug/driver_src_stm32f4xx_rcc.c.o
                                                  ./Debug/startup.c.o
RCC_APB1PeriphClockLPModeCmd                      ./Debug/driver_src_stm32f4xx_rcc.c.o
                                                  ./Debug/startup.c.o
RCC_APB1PeriphResetCmd                            ./Debug/driver_src_stm32f4xx_rcc.c.o
                                                  ./Debug/driver_src_stm32f4xx_tim.c.o
                                                  ./Debug/driver_src_stm32f4xx_dac.c.o
                                                  ./Debug/driver_src_stm32f4xx_usart.c.o
                                                  ./Debug/driver_src_stm32f4xx_can.c.o
RCC_APB2PeriphClockCmd                            ./Debug/driver_src_stm32f4xx_rcc.c.o
                                                  ./Debug/startup.c.o
RCC_APB2PeriphClockLPModeCmd                      ./Debug/driver_src_stm32f4xx_rcc.c.o
RCC_APB2PeriphResetCmd                            ./Debug/driver_src_stm32f4xx_rcc.c.o
                                                  ./Debug/driver_src_stm32f4xx_tim.c.o
                                                  ./Debug/driver_src_stm32f4xx_usart.c.o
                                                  ./Debug/driver_src_stm32f4xx_syscfg.c.o
RCC_AdjustHSICalibrationValue                     ./Debug/driver_src_stm32f4xx_rcc.c.o
RCC_BackupResetCmd                                ./Debug/driver_src_stm32f4xx_rcc.c.o
RCC_ClearFlag                                     ./Debug/driver_src_stm32f4xx_rcc.c.o
RCC_ClearITPendingBit                             ./Debug/driver_src_stm32f4xx_rcc.c.o
RCC_ClockSecuritySystemCmd                        ./Debug/driver_src_stm32f4xx_rcc.c.o
RCC_DeInit                                        ./Debug/driver_src_stm32f4xx_rcc.c.o
RCC_GetClocksFreq                                 ./Debug/driver_src_stm32f4xx_rcc.c.o
                                                  ./Debug/driver_src_stm32f4xx_usart.c.o
RCC_GetFlagStatus                                 ./Debug/driver_src_stm32f4xx_rcc.c.o
RCC_GetITStatus                                   ./Debug/driver_src_stm32f4xx_rcc.c.o
RCC_GetSYSCLKSource                               ./Debug/driver_src_stm32f4xx_rcc.c.o
RCC_HCLKConfig                                    ./Debug/driver_src_stm32f4xx_rcc.c.o
RCC_HSEConfig                                     ./Debug/driver_src_stm32f4xx_rcc.c.o
RCC_HSICmd                                        ./Debug/driver_src_stm32f4xx_rcc.c.o
RCC_I2SCLKConfig                                  ./Debug/driver_src_stm32f4xx_rcc.c.o
RCC_ITConfig                                      ./Debug/driver_src_stm32f4xx_rcc.c.o
RCC_LSEConfig                                     ./Debug/driver_src_stm32f4xx_rcc.c.o
RCC_LSICmd                                        ./Debug/driver_src_stm32f4xx_rcc.c.o
RCC_LTDCCLKDivConfig                              ./Debug/driver_src_stm32f4xx_rcc.c.o
RCC_MCO1Config                                    ./Debug/driver_src_stm32f4xx_rcc.c.o
RCC_MCO2Config                                    ./Debug/driver_src_stm32f4xx_rcc.c.o
RCC_PCLK1Config                                   ./Debug/driver_src_stm32f4xx_rcc.c.o
RCC_PCLK2Config                                   ./Debug/driver_src_stm32f4xx_rcc.c.o
RCC_PLLCmd                                        ./Debug/driver_src_stm32f4xx_rcc.c.o
RCC_PLLConfig                                     ./Debug/driver_src_stm32f4xx_rcc.c.o
RCC_PLLI2SCmd                                     ./Debug/driver_src_stm32f4xx_rcc.c.o
RCC_PLLI2SConfig                                  ./Debug/driver_src_stm32f4xx_rcc.c.o
RCC_PLLSAICmd                                     ./Debug/driver_src_stm32f4xx_rcc.c.o
RCC_PLLSAIConfig                                  ./Debug/driver_src_stm32f4xx_rcc.c.o
RCC_RTCCLKCmd                                     ./Debug/driver_src_stm32f4xx_rcc.c.o
RCC_RTCCLKConfig                                  ./Debug/driver_src_stm32f4xx_rcc.c.o
RCC_SAIBlockACLKConfig                            ./Debug/driver_src_stm32f4xx_rcc.c.o
RCC_SAIBlockBCLKConfig                            ./Debug/driver_src_stm32f4xx_rcc.c.o
RCC_SAIPLLI2SClkDivConfig                         ./Debug/driver_src_stm32f4xx_rcc.c.o
RCC_SAIPLLSAIClkDivConfig                         ./Debug/driver_src_stm32f4xx_rcc.c.o
RCC_SYSCLKConfig                                  ./Debug/driver_src_stm32f4xx_rcc.c.o
RCC_TIMCLKPresConfig                              ./Debug/driver_src_stm32f4xx_rcc.c.o
RCC_WaitForHSEStartUp                             ./Debug/driver_src_stm32f4xx_rcc.c.o
SETPC                                             ./Debug/TinyTimber.c.o
SETSTACK                                          ./Debug/TinyTimber.c.o
SYSCFG_CompensationCellCmd                        ./Debug/driver_src_stm32f4xx_syscfg.c.o
SYSCFG_DeInit                                     ./Debug/driver_src_stm32f4xx_syscfg.c.o
SYSCFG_ETH_MediaInterfaceConfig                   ./Debug/driver_src_stm32f4xx_syscfg.c.o
SYSCFG_EXTILineConfig                             ./Debug/driver_src_stm32f4xx_syscfg.c.o
                                                  ./Debug/startup.c.o
SYSCFG_GetCompensationCellStatus                  ./Debug/driver_src_stm32f4xx_syscfg.c.o
SYSCFG_MemoryRemapConfig                          ./Debug/driver_src_stm32f4xx_syscfg.c.o
SYSCFG_MemorySwappingBank                         ./Debug/driver_src_stm32f4xx_syscfg.c.o
TIMER_INIT                                        ./Debug/TinyTimber.c.o
TIM_ARRPreloadConfig                              ./Debug/driver_src_stm32f4xx_tim.c.o
TIM_BDTRConfig                                    ./Debug/driver_src_stm32f4xx_tim.c.o
TIM_BDTRStructInit                                ./Debug/driver_src_stm32f4xx_tim.c.o
TIM_CCPreloadControl                              ./Debug/driver_src_stm32f4xx_tim.c.o
TIM_CCxCmd                                        ./Debug/driver_src_stm32f4xx_tim.c.o
TIM_CCxNCmd                                       ./Debug/driver_src_stm32f4xx_tim.c.o
TIM_ClearFlag                                     ./Debug/driver_src_stm32f4xx_tim.c.o
TIM_ClearITPendingBit                             ./Debug/driver_src_stm32f4xx_tim.c.o
                                                  ./Debug/TinyTimber.c.o
TIM_ClearOC1Ref                                   ./Debug/driver_src_stm32f4xx_tim.c.o
TIM_ClearOC2Ref                                   ./Debug/driver_src_stm32f4xx_tim.c.o
TIM_ClearOC3Ref                                   ./Debug/driver_src_stm32f4xx_tim.c.o
TIM_ClearOC4Ref                                   ./Debug/driver_src_stm32f4xx_tim.c.o
TIM_Cmd                                           ./Debug/driver_src_stm32f4xx_tim.c.o
                                                  ./Debug/TinyTimber.c.o
TIM_CounterModeConfig                             ./Debug/driver_src_stm32f4xx_tim.c.o
TIM_CtrlPWMOutputs                                ./Debug/driver_src_stm32f4xx_tim.c.o
TIM_DMACmd                                        ./Debug/driver_src_stm32f4xx_tim.c.o
TIM_DMAConfig                                     ./Debug/driver_src_stm32f4xx_tim.c.o
TIM_DeInit                                        ./Debug/driver_src_stm32f4xx_tim.c.o
                                                  ./Debug/TinyTimber.c.o
TIM_ETRClockMode1Config                           ./Debug/driver_src_stm32f4xx_tim.c.o
TIM_ETRClockMode2Config                           ./Debug/driver_src_stm32f4xx_tim.c.o
TIM_ETRConfig                                     ./Debug/driver_src_stm32f4xx_tim.c.o
TIM_EncoderInterfaceConfig                        ./Debug/driver_src_stm32f4xx_tim.c.o
TIM_ForcedOC1Config                               ./Debug/driver_src_stm32f4xx_tim.c.o
TIM_ForcedOC2Config                               ./Debug/driver_src_stm32f4xx_tim.c.o
TIM_ForcedOC3Config                               ./Debug/driver_src_stm32f4xx_tim.c.o
TIM_ForcedOC4Config                               ./Debug/driver_src_stm32f4xx_tim.c.o
TIM_GenerateEvent                                 ./Debug/driver_src_stm32f4xx_tim.c.o
TIM_GetCapture1                                   ./Debug/driver_src_stm32f4xx_tim.c.o
TIM_GetCapture2                                   ./Debug/driver_src_stm32f4xx_tim.c.o
TIM_GetCapture3                                   ./Debug/driver_src_stm32f4xx_tim.c.o
TIM_GetCapture4                                   ./Debug/driver_src_stm32f4xx_tim.c.o
TIM_GetCounter                                    ./Debug/driver_src_stm32f4xx_tim.c.o
                                                  ./Debug/TinyTimber.c.o
TIM_GetFlagStatus                                 ./Debug/driver_src_stm32f4xx_tim.c.o
TIM_GetITStatus                                   ./Debug/driver_src_stm32f4xx_tim.c.o
TIM_GetPrescaler                                  ./Debug/driver_src_stm32f4xx_tim.c.o
TIM_ICInit                                        ./Debug/driver_src_stm32f4xx_tim.c.o
TIM_ICStructInit                                  ./Debug/driver_src_stm32f4xx_tim.c.o
TIM_ITConfig                                      ./Debug/driver_src_stm32f4xx_tim.c.o
                                                  ./Debug/TinyTimber.c.o
TIM_ITRxExternalClockConfig                       ./Debug/driver_src_stm32f4xx_tim.c.o
TIM_InternalClockConfig                           ./Debug/driver_src_stm32f4xx_tim.c.o
TIM_OC1FastConfig                                 ./Debug/driver_src_stm32f4xx_tim.c.o
TIM_OC1Init                                       ./Debug/driver_src_stm32f4xx_tim.c.o
TIM_OC1NPolarityConfig                            ./Debug/driver_src_stm32f4xx_tim.c.o
TIM_OC1PolarityConfig                             ./Debug/driver_src_stm32f4xx_tim.c.o
TIM_OC1PreloadConfig                              ./Debug/driver_src_stm32f4xx_tim.c.o
TIM_OC2FastConfig                                 ./Debug/driver_src_stm32f4xx_tim.c.o
TIM_OC2Init                                       ./Debug/driver_src_stm32f4xx_tim.c.o
TIM_OC2NPolarityConfig                            ./Debug/driver_src_stm32f4xx_tim.c.o
TIM_OC2PolarityConfig                             ./Debug/driver_src_stm32f4xx_tim.c.o
TIM_OC2PreloadConfig                              ./Debug/driver_src_stm32f4xx_tim.c.o
TIM_OC3FastConfig                                 ./Debug/driver_src_stm32f4xx_tim.c.o
TIM_OC3Init                                       ./Debug/driver_src_stm32f4xx_tim.c.o
TIM_OC3NPolarityConfig                            ./Debug/driver_src_stm32f4xx_tim.c.o
TIM_OC3PolarityConfig                             ./Debug/driver_src_stm32f4xx_tim.c.o
TIM_OC3PreloadConfig                              ./Debug/driver_src_stm32f4xx_tim.c.o
TIM_OC4FastConfig                                 ./Debug/driver_src_stm32f4xx_tim.c.o
TIM_OC4Init                                       ./Debug/driver_src_stm32f4xx_tim.c.o
TIM_OC4PolarityConfig                             ./Debug/driver_src_stm32f4xx_tim.c.o
TIM_OC4PreloadConfig                              ./Debug/driver_src_stm32f4xx_tim.c.o
TIM_OCStructInit                                  ./Debug/driver_src_stm32f4xx_tim.c.o
TIM_PWMIConfig                                    ./Debug/driver_src_stm32f4xx_tim.c.o
TIM_PrescalerConfig                               ./Debug/driver_src_stm32f4xx_tim.c.o
TIM_RemapConfig                                   ./Debug/driver_src_stm32f4xx_tim.c.o
TIM_SelectCCDMA                                   ./Debug/driver_src_stm32f4xx_tim.c.o
TIM_SelectCOM                                     ./Debug/driver_src_stm32f4xx_tim.c.o
TIM_SelectHallSensor                              ./Debug/driver_src_stm32f4xx_tim.c.o
TIM_SelectInputTrigger                            ./Debug/driver_src_stm32f4xx_tim.c.o
TIM_SelectMasterSlaveMode                         ./Debug/driver_src_stm32f4xx_tim.c.o
TIM_SelectOCxM                                    ./Debug/driver_src_stm32f4xx_tim.c.o
TIM_SelectOnePulseMode                            ./Debug/driver_src_stm32f4xx_tim.c.o
TIM_SelectOutputTrigger                           ./Debug/driver_src_stm32f4xx_tim.c.o
TIM_SelectSlaveMode                               ./Debug/driver_src_stm32f4xx_tim.c.o
TIM_SetAutoreload                                 ./Debug/driver_src_stm32f4xx_tim.c.o
TIM_SetClockDivision                              ./Debug/driver_src_stm32f4xx_tim.c.o
TIM_SetCompare1                                   ./Debug/driver_src_stm32f4xx_tim.c.o
                                                  ./Debug/TinyTimber.c.o
TIM_SetCompare2                                   ./Debug/driver_src_stm32f4xx_tim.c.o
TIM_SetCompare3                                   ./Debug/driver_src_stm32f4xx_tim.c.o
TIM_SetCompare4                                   ./Debug/driver_src_stm32f4xx_tim.c.o
TIM_SetCounter                                    ./Debug/driver_src_stm32f4xx_tim.c.o
                                                  ./Debug/TinyTimber.c.o
TIM_SetIC1Prescaler                               ./Debug/driver_src_stm32f4xx_tim.c.o
TIM_SetIC2Prescaler                               ./Debug/driver_src_stm32f4xx_tim.c.o
TIM_SetIC3Prescaler                               ./Debug/driver_src_stm32f4xx_tim.c.o
TIM_SetIC4Prescaler                               ./Debug/driver_src_stm32f4xx_tim.c.o
TIM_TIxExternalClockConfig                        ./Debug/driver_src_stm32f4xx_tim.c.o
TIM_TimeBaseInit                                  ./Debug/driver_src_stm32f4xx_tim.c.o
                                                  ./Debug/TinyTimber.c.o
TIM_TimeBaseStructInit                            ./Debug/driver_src_stm32f4xx_tim.c.o
                                                  ./Debug/TinyTimber.c.o
TIM_UpdateDisableConfig                           ./Debug/driver_src_stm32f4xx_tim.c.o
TIM_UpdateRequestConfig                           ./Debug/driver_src_stm32f4xx_tim.c.o
T_RESET                                           ./Debug/TinyTimber.c.o
T_SAMPLE                                          ./Debug/TinyTimber.c.o
USART_ClearFlag                                   ./Debug/driver_src_stm32f4xx_usart.c.o
USART_ClearITPendingBit                           ./Debug/driver_src_stm32f4xx_usart.c.o
USART_ClockInit                                   ./Debug/driver_src_stm32f4xx_usart.c.o
USART_ClockStructInit                             ./Debug/driver_src_stm32f4xx_usart.c.o
USART_Cmd                                         ./Debug/driver_src_stm32f4xx_usart.c.o
USART_DMACmd                                      ./Debug/driver_src_stm32f4xx_usart.c.o
USART_DeInit                                      ./Debug/driver_src_stm32f4xx_usart.c.o
USART_GetFlagStatus                               ./Debug/driver_src_stm32f4xx_usart.c.o
                                                  ./Debug/sciTinyTimber.c.o
                                                  ./Debug/TinyTimber.c.o
USART_GetITStatus                                 ./Debug/driver_src_stm32f4xx_usart.c.o
USART_HalfDuplexCmd                               ./Debug/driver_src_stm32f4xx_usart.c.o
USART_ITConfig                                    ./Debug/driver_src_stm32f4xx_usart.c.o
                                                  ./Debug/sciTinyTimber.c.o
USART_Init                                        ./Debug/driver_src_stm32f4xx_usart.c.o
USART_IrDACmd                                     ./Debug/driver_src_stm32f4xx_usart.c.o
USART_IrDAConfig                                  ./Debug/driver_src_stm32f4xx_usart.c.o
USART_LINBreakDetectLengthConfig                  ./Debug/driver_src_stm32f4xx_usart.c.o
USART_LINCmd                                      ./Debug/driver_src_stm32f4xx_usart.c.o
USART_OneBitMethodCmd                             ./Debug/driver_src_stm32f4xx_usart.c.o
USART_OverSampling8Cmd                            ./Debug/driver_src_stm32f4xx_usart.c.o
USART_ReceiveData                                 ./Debug/driver_src_stm32f4xx_usart.c.o
                                                  ./Debug/sciTinyTimber.c.o
USART_ReceiverWakeUpCmd                           ./Debug/driver_src_stm32f4xx_usart.c.o
USART_SendBreak                                   ./Debug/driver_src_stm32f4xx_usart.c.o
USART_SendData                                    ./Debug/driver_src_stm32f4xx_usart.c.o
                                                  ./Debug/sciTinyTimber.c.o
                                                  ./Debug/TinyTimber.c.o
USART_SetAddress                                  ./Debug/driver_src_stm32f4xx_usart.c.o
USART_SetGuardTime                                ./Debug/driver_src_stm32f4xx_usart.c.o
USART_SetPrescaler                                ./Debug/driver_src_stm32f4xx_usart.c.o
USART_SmartCardCmd                                ./Debug/driver_src_stm32f4xx_usart.c.o
USART_SmartCardNACKCmd                            ./Debug/driver_src_stm32f4xx_usart.c.o
USART_StructInit                                  ./Debug/driver_src_stm32f4xx_usart.c.o
USART_WakeUpConfig                                ./Debug/driver_src_stm32f4xx_usart.c.o
__heap_end                                        ./Debug/TinyTimber.c.o
__pendSV_dispatch                                 ./Debug/TinyTimber.c.o
__sf_fake_stderr                                  c:/cseapp/codelite/tools/gcc-arm/bin/../lib/gcc/arm-none-eabi/9.2.1/../../../../arm-none-eabi/lib/thumb/v7e-m+fp/hard\libc_nano.a(lib_a-impure.o)
__sf_fake_stdin                                   c:/cseapp/codelite/tools/gcc-arm/bin/../lib/gcc/arm-none-eabi/9.2.1/../../../../arm-none-eabi/lib/thumb/v7e-m+fp/hard\libc_nano.a(lib_a-impure.o)
__sf_fake_stdout                                  c:/cseapp/codelite/tools/gcc-arm/bin/../lib/gcc/arm-none-eabi/9.2.1/../../../../arm-none-eabi/lib/thumb/v7e-m+fp/hard\libc_nano.a(lib_a-impure.o)
__svc_dispatch                                    ./Debug/TinyTimber.c.o
_atoi_r                                           c:/cseapp/codelite/tools/gcc-arm/bin/../lib/gcc/arm-none-eabi/9.2.1/../../../../arm-none-eabi/lib/thumb/v7e-m+fp/hard\libc_nano.a(lib_a-atoi.o)
_ctype_                                           c:/cseapp/codelite/tools/gcc-arm/bin/../lib/gcc/arm-none-eabi/9.2.1/../../../../arm-none-eabi/lib/thumb/v7e-m+fp/hard\libc_nano.a(lib_a-ctype_.o)
                                                  c:/cseapp/codelite/tools/gcc-arm/bin/../lib/gcc/arm-none-eabi/9.2.1/../../../../arm-none-eabi/lib/thumb/v7e-m+fp/hard\libc_nano.a(lib_a-strtol.o)
_ebss                                             ./Debug/startup.c.o
_global_impure_ptr                                c:/cseapp/codelite/tools/gcc-arm/bin/../lib/gcc/arm-none-eabi/9.2.1/../../../../arm-none-eabi/lib/thumb/v7e-m+fp/hard\libc_nano.a(lib_a-impure.o)
_impure_ptr                                       c:/cseapp/codelite/tools/gcc-arm/bin/../lib/gcc/arm-none-eabi/9.2.1/../../../../arm-none-eabi/lib/thumb/v7e-m+fp/hard\libc_nano.a(lib_a-impure.o)
                                                  c:/cseapp/codelite/tools/gcc-arm/bin/../lib/gcc/arm-none-eabi/9.2.1/../../../../arm-none-eabi/lib/thumb/v7e-m+fp/hard\libc_nano.a(lib_a-strtol.o)
_sbrk                                             ./Debug/TinyTimber.c.o
_sbss                                             ./Debug/startup.c.o
_strtol_r                                         c:/cseapp/codelite/tools/gcc-arm/bin/../lib/gcc/arm-none-eabi/9.2.1/../../../../arm-none-eabi/lib/thumb/v7e-m+fp/hard\libc_nano.a(lib_a-strtol.o)
                                                  c:/cseapp/codelite/tools/gcc-arm/bin/../lib/gcc/arm-none-eabi/9.2.1/../../../../arm-none-eabi/lib/thumb/v7e-m+fp/hard\libc_nano.a(lib_a-atoi.o)
activeStack                                       ./Debug/TinyTimber.c.o
app                                               ./Debug/application.c.o
async                                             ./Debug/TinyTimber.c.o
                                                  ./Debug/canTinyTimber.c.o
                                                  ./Debug/sciTinyTimber.c.o
atoi                                              c:/cseapp/codelite/tools/gcc-arm/bin/../lib/gcc/arm-none-eabi/9.2.1/../../../../arm-none-eabi/lib/thumb/v7e-m+fp/hard\libc_nano.a(lib_a-atoi.o)
                                                  ./Debug/application.c.o
can0                                              ./Debug/application.c.o
can_init                                          ./Debug/canTinyTimber.c.o
                                                  ./Debug/application.c.o
can_interrupt                                     ./Debug/canTinyTimber.c.o
                                                  ./Debug/application.c.o
can_receive                                       ./Debug/canTinyTimber.c.o
                                                  ./Debug/application.c.o
can_send                                          ./Debug/canTinyTimber.c.o
                                                  ./Debug/application.c.o
cli                                               ./Debug/TinyTimber.c.o
current                                           ./Debug/TinyTimber.c.o
                                                  ./Debug/dispatch.s.o
dequeue                                           ./Debug/TinyTimber.c.o
dequeue_pool                                      ./Debug/TinyTimber.c.o
doIRQSchedule                                     ./Debug/TinyTimber.c.o
                                                  ./Debug/canTinyTimber.c.o
                                                  ./Debug/sciTinyTimber.c.o
end                                               ./Debug/TinyTimber.c.o
enqueueByBaseline                                 ./Debug/TinyTimber.c.o
enqueueByDeadline                                 ./Debug/TinyTimber.c.o
hex                                               ./Debug/TinyTimber.c.o
insert                                            ./Debug/TinyTimber.c.o
install                                           ./Debug/TinyTimber.c.o
                                                  ./Debug/application.c.o
main                                              ./Debug/application.c.o
                                                  ./Debug/startup.c.o
messages                                          ./Debug/TinyTimber.c.o
msgPool                                           ./Debug/TinyTimber.c.o
msgQ                                              ./Debug/TinyTimber.c.o
mtable                                            ./Debug/TinyTimber.c.o
otable                                            ./Debug/TinyTimber.c.o
overflows                                         ./Debug/TinyTimber.c.o
pop                                               ./Debug/TinyTimber.c.o
print_key                                         ./Debug/application.c.o
push                                              ./Debug/TinyTimber.c.o
reader                                            ./Debug/application.c.o
receiver                                          ./Debug/application.c.o
runAsHardware                                     ./Debug/TinyTimber.c.o
sci0                                              ./Debug/application.c.o
sci_init                                          ./Debug/sciTinyTimber.c.o
                                                  ./Debug/application.c.o
sci_interrupt                                     ./Debug/sciTinyTimber.c.o
                                                  ./Debug/application.c.o
sci_write                                         ./Debug/sciTinyTimber.c.o
                                                  ./Debug/application.c.o
sci_writechar                                     ./Debug/sciTinyTimber.c.o
                                                  ./Debug/application.c.o
sei                                               ./Debug/TinyTimber.c.o
stacks                                            ./Debug/TinyTimber.c.o
startApp                                          ./Debug/application.c.o
startup                                           ./Debug/startup.c.o
strtol                                            c:/cseapp/codelite/tools/gcc-arm/bin/../lib/gcc/arm-none-eabi/9.2.1/../../../../arm-none-eabi/lib/thumb/v7e-m+fp/hard\libc_nano.a(lib_a-strtol.o)
                                                  c:/cseapp/codelite/tools/gcc-arm/bin/../lib/gcc/arm-none-eabi/9.2.1/../../../../arm-none-eabi/lib/thumb/v7e-m+fp/hard\libc_nano.a(lib_a-atoi.o)
strtol_l                                          c:/cseapp/codelite/tools/gcc-arm/bin/../lib/gcc/arm-none-eabi/9.2.1/../../../../arm-none-eabi/lib/thumb/v7e-m+fp/hard\libc_nano.a(lib_a-strtol.o)
sync                                              ./Debug/TinyTimber.c.o
                                                  ./Debug/application.c.o
thread0                                           ./Debug/TinyTimber.c.o
threadPool                                        ./Debug/TinyTimber.c.o
threads                                           ./Debug/TinyTimber.c.o
timerQ                                            ./Debug/TinyTimber.c.o
timestamp                                         ./Debug/TinyTimber.c.o
tinytimber                                        ./Debug/TinyTimber.c.o
                                                  ./Debug/application.c.o
upcoming                                          ./Debug/TinyTimber.c.o
                                                  ./Debug/dispatch.s.o
vect_CAN1                                         ./Debug/TinyTimber.c.o
vect_EXTI9_5                                      ./Debug/TinyTimber.c.o
vect_PendSV                                       ./Debug/dispatch.s.o
                                                  ./Debug/TinyTimber.c.o
vect_SVCall                                       ./Debug/dispatch.s.o
                                                  ./Debug/TinyTimber.c.o
vect_TIM5                                         ./Debug/TinyTimber.c.o
vect_USART1                                       ./Debug/TinyTimber.c.o
