Archive member included to satisfy reference by file (symbol)

c:/cseapp/codelite/tools/gcc-arm/bin/../lib/gcc/arm-none-eabi/9.2.1/../../../../arm-none-eabi/lib/thumb/v7e-m+fp/hard\libc_nano.a(lib_a-atoi.o)
                              ./Debug/application.c.o (atoi)
c:/cseapp/codelite/tools/gcc-arm/bin/../lib/gcc/arm-none-eabi/9.2.1/../../../../arm-none-eabi/lib/thumb/v7e-m+fp/hard\libc_nano.a(lib_a-strtol.o)
                              c:/cseapp/codelite/tools/gcc-arm/bin/../lib/gcc/arm-none-eabi/9.2.1/../../../../arm-none-eabi/lib/thumb/v7e-m+fp/hard\libc_nano.a(lib_a-atoi.o) (_strtol_r)
c:/cseapp/codelite/tools/gcc-arm/bin/../lib/gcc/arm-none-eabi/9.2.1/../../../../arm-none-eabi/lib/thumb/v7e-m+fp/hard\libc_nano.a(lib_a-ctype_.o)
                              c:/cseapp/codelite/tools/gcc-arm/bin/../lib/gcc/arm-none-eabi/9.2.1/../../../../arm-none-eabi/lib/thumb/v7e-m+fp/hard\libc_nano.a(lib_a-strtol.o) (_ctype_)
c:/cseapp/codelite/tools/gcc-arm/bin/../lib/gcc/arm-none-eabi/9.2.1/../../../../arm-none-eabi/lib/thumb/v7e-m+fp/hard\libc_nano.a(lib_a-impure.o)
                              c:/cseapp/codelite/tools/gcc-arm/bin/../lib/gcc/arm-none-eabi/9.2.1/../../../../arm-none-eabi/lib/thumb/v7e-m+fp/hard\libc_nano.a(lib_a-strtol.o) (_impure_ptr)

Allocating common symbols
Common symbol       size              file

otable              0xc               ./Debug/TinyTimber.c.o
upcoming            0x4               ./Debug/TinyTimber.c.o
threads             0x50              ./Debug/TinyTimber.c.o
mtable              0xc               ./Debug/TinyTimber.c.o
thread0             0x14              ./Debug/TinyTimber.c.o
messages            0x2d0             ./Debug/TinyTimber.c.o
__heap_end          0x4               ./Debug/TinyTimber.c.o
stacks              0x8000            ./Debug/TinyTimber.c.o

Memory Configuration

Name             Origin             Length             Attributes
RAM              0x20000000         0x0001c000         xrw
*default*        0x00000000         0xffffffff

Linker script and memory map

LOAD ./Debug/canTinyTimber.c.o
LOAD ./Debug/driver_src_stm32f4xx_usart.c.o
LOAD ./Debug/dispatch.s.o
LOAD ./Debug/TinyTimber.c.o
LOAD ./Debug/sciTinyTimber.c.o
LOAD ./Debug/application.c.o
LOAD ./Debug/backup.c.o
LOAD ./Debug/driver_src_stm32f4xx_syscfg.c.o
LOAD ./Debug/startup.c.o
LOAD ./Debug/driver_src_stm32f4xx_gpio.c.o
LOAD ./Debug/driver_src_stm32f4xx_dac.c.o
LOAD ./Debug/driver_src_stm32f4xx_rcc.c.o
LOAD ./Debug/driver_src_stm32f4xx_tim.c.o
LOAD ./Debug/driver_src_stm32f4xx_can.c.o
LOAD ./Debug/driver_src_stm32f4xx_exti.c.o
LOAD c:/cseapp/codelite/tools/gcc-arm/bin/../lib/gcc/arm-none-eabi/9.2.1/../../../../arm-none-eabi/lib/thumb/v7e-m+fp/hard\libstdc++_nano.a
LOAD c:/cseapp/codelite/tools/gcc-arm/bin/../lib/gcc/arm-none-eabi/9.2.1/../../../../arm-none-eabi/lib/thumb/v7e-m+fp/hard\libm.a
START GROUP
LOAD c:/cseapp/codelite/tools/gcc-arm/bin/../lib/gcc/arm-none-eabi/9.2.1/thumb/v7e-m+fp/hard\libgcc.a
LOAD c:/cseapp/codelite/tools/gcc-arm/bin/../lib/gcc/arm-none-eabi/9.2.1/../../../../arm-none-eabi/lib/thumb/v7e-m+fp/hard\libc_nano.a
END GROUP
START GROUP
LOAD c:/cseapp/codelite/tools/gcc-arm/bin/../lib/gcc/arm-none-eabi/9.2.1/thumb/v7e-m+fp/hard\libgcc.a
LOAD c:/cseapp/codelite/tools/gcc-arm/bin/../lib/gcc/arm-none-eabi/9.2.1/../../../../arm-none-eabi/lib/thumb/v7e-m+fp/hard\libc_nano.a
END GROUP

.text           0x20000000     0x7834
                0x20000000                . = ALIGN (0x4)
 *(.start_section)
 .start_section
                0x20000000       0x1c ./Debug/startup.c.o
                0x20000000                startup
 *(.text)
 .text          0x2000001c      0x444 ./Debug/canTinyTimber.c.o
                0x200000a4                can_init
                0x20000164                can_interrupt
                0x200002ec                can_receive
                0x200003b6                can_send
 .text          0x20000460      0x970 ./Debug/driver_src_stm32f4xx_usart.c.o
                0x20000460                USART_DeInit
                0x20000578                USART_Init
                0x200006ec                USART_StructInit
                0x20000726                USART_ClockInit
                0x2000077c                USART_ClockStructInit
                0x200007a8                USART_Cmd
                0x200007e8                USART_SetPrescaler
                0x20000822                USART_OverSampling8Cmd
                0x20000866                USART_OneBitMethodCmd
                0x200008a6                USART_SendData
                0x200008ca                USART_ReceiveData
                0x200008ea                USART_SetAddress
                0x20000924                USART_ReceiverWakeUpCmd
                0x20000964                USART_WakeUpConfig
                0x2000099c                USART_LINBreakDetectLengthConfig
                0x200009d4                USART_LINCmd
                0x20000a14                USART_SendBreak
                0x20000a38                USART_HalfDuplexCmd
                0x20000a78                USART_SetGuardTime
                0x20000ab4                USART_SmartCardCmd
                0x20000af4                USART_SmartCardNACKCmd
                0x20000b34                USART_IrDAConfig
                0x20000b6c                USART_IrDACmd
                0x20000bac                USART_DMACmd
                0x20000bf4                USART_ITConfig
                0x20000c84                USART_GetFlagStatus
                0x20000cbc                USART_ClearFlag
                0x20000cde                USART_GetITStatus
                0x20000d94                USART_ClearITPendingBit
 .text          0x20000dd0       0xf4 ./Debug/dispatch.s.o
                0x20000dd0                vect_SVCall
                0x20000dd4                vect_PendSV
 .text          0x20000ec4      0xf54 ./Debug/TinyTimber.c.o
                0x20000f4c                DUMP
                0x20000f86                DUMPH
                0x20000fe4                DUMPD
                0x20001088                sei
                0x200010a6                cli
                0x200010c4                _sbrk
                0x20001108                SETSTACK
                0x20001170                SETPC
                0x20001194                TIMER_INIT
                0x2000122c                DUMPC
                0x20001260                vect_USART1
                0x200012c8                vect_CAN1
                0x20001330                vect_EXTI9_5
                0x20001398                enqueueByDeadline
                0x200013f0                enqueueByBaseline
                0x20001448                dequeue
                0x20001498                dequeue_pool
                0x200014e8                insert
                0x2000150c                push
                0x20001530                pop
                0x200015b2                vect_TIM5
                0x20001644                __svc_dispatch
                0x20001654                __pendSV_dispatch
                0x200017c4                async
                0x20001900                sync
                0x20001a0c                ABORT
                0x20001ac0                T_RESET
                0x20001afc                T_SAMPLE
                0x20001b3c                CURRENT_OFFSET
                0x20001ce8                install
                0x20001db4                tinytimber
 .text          0x20001e18      0x294 ./Debug/sciTinyTimber.c.o
                0x20001ea0                sci_init
                0x20001f46                sci_write
                0x20001f9c                sci_writechar
                0x20001fd2                sci_interrupt
 .text          0x200020ac      0x7f0 ./Debug/application.c.o
                0x200020ac                receiver
                0x2000210c                volume_control
                0x20002154                deadline_control_sound
                0x20002180                mute
                0x200021b4                gap
                0x200021d0                play
                0x2000228c                change_period
                0x200022a8                reset_gap
                0x200022c4                set_play
                0x200022e0                startSound
                0x20002444                pause
                0x200024cc                pause_c
                0x200024f6                change_key
                0x20002538                change_bpm
                0x20002570                reader
                0x200027ac                startApp
                0x2000285c                main
 .text          0x2000289c        0x0 ./Debug/backup.c.o
 .text          0x2000289c      0x154 ./Debug/driver_src_stm32f4xx_syscfg.c.o
                0x2000289c                SYSCFG_DeInit
                0x200028b8                SYSCFG_MemoryRemapConfig
                0x200028d8                SYSCFG_MemorySwappingBank
                0x200028f8                SYSCFG_EXTILineConfig
                0x2000297c                SYSCFG_ETH_MediaInterfaceConfig
                0x2000299c                SYSCFG_CompensationCellCmd
                0x200029bc                SYSCFG_GetCompensationCellStatus
 .text          0x200029f0      0x32c ./Debug/startup.c.o
 .text          0x20002d1c      0x4d8 ./Debug/driver_src_stm32f4xx_gpio.c.o
                0x20002d1c                GPIO_DeInit
                0x20002e80                GPIO_Init
                0x20002f9e                GPIO_StructInit
                0x20002fd2                GPIO_PinLockConfig
                0x20003016                GPIO_ReadInputDataBit
                0x2000304a                GPIO_ReadInputData
                0x20003064                GPIO_ReadOutputDataBit
                0x20003098                GPIO_ReadOutputData
                0x200030b2                GPIO_SetBits
                0x200030d0                GPIO_ResetBits
                0x200030ee                GPIO_WriteBit
                0x2000311e                GPIO_Write
                0x2000313c                GPIO_ToggleBits
                0x20003160                GPIO_PinAFConfig
 .text          0x200031f4      0x450 ./Debug/driver_src_stm32f4xx_dac.c.o
                0x200031f4                DAC_DeInit
                0x20003210                DAC_Init
                0x20003278                DAC_StructInit
                0x200032a4                DAC_Cmd
                0x200032f0                DAC_SoftwareTriggerCmd
                0x20003340                DAC_DualSoftwareTriggerCmd
                0x2000337c                DAC_WaveGenerationCmd
                0x200033c8                DAC_SetChannel1Data
                0x20003400                DAC_SetChannel2Data
                0x20003438                DAC_SetDualChannelData
                0x20003490                DAC_GetDataOutputValue
                0x200034c4                DAC_DMACmd
                0x20003514                DAC_ITConfig
                0x20003560                DAC_GetFlagStatus
                0x2000359c                DAC_ClearFlag
                0x200035c4                DAC_GetITStatus
                0x2000361c                DAC_ClearITPendingBit
 .text          0x20003644      0xcb0 ./Debug/driver_src_stm32f4xx_rcc.c.o
                0x20003644                RCC_DeInit
                0x200036b4                RCC_HSEConfig
                0x200036dc                RCC_WaitForHSEStartUp
                0x2000372c                RCC_AdjustHSICalibrationValue
                0x20003768                RCC_HSICmd
                0x20003788                RCC_LSEConfig
                0x200037cc                RCC_LSICmd
                0x200037ec                RCC_PLLConfig
                0x2000382c                RCC_PLLCmd
                0x2000384c                RCC_PLLI2SConfig
                0x20003878                RCC_PLLI2SCmd
                0x20003898                RCC_PLLSAIConfig
                0x200038cc                RCC_PLLSAICmd
                0x200038ec                RCC_ClockSecuritySystemCmd
                0x2000390c                RCC_MCO1Config
                0x2000394c                RCC_MCO2Config
                0x2000398c                RCC_SYSCLKConfig
                0x200039c4                RCC_GetSYSCLKSource
                0x200039e4                RCC_HCLKConfig
                0x20003a1c                RCC_PCLK1Config
                0x20003a54                RCC_PCLK2Config
                0x20003a90                RCC_GetClocksFreq
                0x20003bec                RCC_RTCCLKConfig
                0x20003c48                RCC_RTCCLKCmd
                0x20003c68                RCC_BackupResetCmd
                0x20003c88                RCC_I2SCLKConfig
                0x20003ca8                RCC_SAIPLLI2SClkDivConfig
                0x20003ce8                RCC_SAIPLLSAIClkDivConfig
                0x20003d28                RCC_SAIBlockACLKConfig
                0x20003d64                RCC_SAIBlockBCLKConfig
                0x20003da0                RCC_LTDCCLKDivConfig
                0x20003ddc                RCC_TIMCLKPresConfig
                0x20003dfc                RCC_AHB1PeriphClockCmd
                0x20003e3c                RCC_AHB2PeriphClockCmd
                0x20003e7c                RCC_AHB3PeriphClockCmd
                0x20003ebc                RCC_APB1PeriphClockCmd
                0x20003efc                RCC_APB2PeriphClockCmd
                0x20003f3c                RCC_AHB1PeriphResetCmd
                0x20003f7c                RCC_AHB2PeriphResetCmd
                0x20003fbc                RCC_AHB3PeriphResetCmd
                0x20003ffc                RCC_APB1PeriphResetCmd
                0x2000403c                RCC_APB2PeriphResetCmd
                0x2000407c                RCC_AHB1PeriphClockLPModeCmd
                0x200040bc                RCC_AHB2PeriphClockLPModeCmd
                0x200040fc                RCC_AHB3PeriphClockLPModeCmd
                0x2000413c                RCC_APB1PeriphClockLPModeCmd
                0x2000417c                RCC_APB2PeriphClockLPModeCmd
                0x200041bc                RCC_ITConfig
                0x20004208                RCC_GetFlagStatus
                0x2000427c                RCC_ClearFlag
                0x2000429c                RCC_GetITStatus
                0x200042d4                RCC_ClearITPendingBit
 .text          0x200042f4     0x1c1c ./Debug/driver_src_stm32f4xx_tim.c.o
                0x200042f4                TIM_DeInit
                0x200044b4                TIM_TimeBaseInit
                0x2000458c                TIM_TimeBaseStructInit
                0x200045c0                TIM_PrescalerConfig
                0x200045e8                TIM_CounterModeConfig
                0x20004620                TIM_SetCounter
                0x2000463c                TIM_SetAutoreload
                0x20004658                TIM_GetCounter
                0x20004670                TIM_GetPrescaler
                0x2000468a                TIM_UpdateDisableConfig
                0x200046ca                TIM_UpdateRequestConfig
                0x2000470a                TIM_ARRPreloadConfig
                0x2000474a                TIM_SelectOnePulseMode
                0x20004782                TIM_SetClockDivision
                0x200047ba                TIM_Cmd
                0x200047fa                TIM_OC1Init
                0x200048f0                TIM_OC2Init
                0x20004a00                TIM_OC3Init
                0x20004b0c                TIM_OC4Init
                0x20004bdc                TIM_OCStructInit
                0x20004c20                TIM_SelectOCxM
                0x20004cd6                TIM_SetCompare1
                0x20004cf2                TIM_SetCompare2
                0x20004d0e                TIM_SetCompare3
                0x20004d2a                TIM_SetCompare4
                0x20004d46                TIM_ForcedOC1Config
                0x20004d7e                TIM_ForcedOC2Config
                0x20004dba                TIM_ForcedOC3Config
                0x20004df2                TIM_ForcedOC4Config
                0x20004e2e                TIM_OC1PreloadConfig
                0x20004e66                TIM_OC2PreloadConfig
                0x20004ea2                TIM_OC3PreloadConfig
                0x20004eda                TIM_OC4PreloadConfig
                0x20004f16                TIM_OC1FastConfig
                0x20004f4e                TIM_OC2FastConfig
                0x20004f8a                TIM_OC3FastConfig
                0x20004fc2                TIM_OC4FastConfig
                0x20004ffe                TIM_ClearOC1Ref
                0x20005036                TIM_ClearOC2Ref
                0x20005072                TIM_ClearOC3Ref
                0x200050aa                TIM_ClearOC4Ref
                0x200050e6                TIM_OC1PolarityConfig
                0x2000511e                TIM_OC1NPolarityConfig
                0x20005156                TIM_OC2PolarityConfig
                0x20005192                TIM_OC2NPolarityConfig
                0x200051ce                TIM_OC3PolarityConfig
                0x2000520a                TIM_OC3NPolarityConfig
                0x20005246                TIM_OC4PolarityConfig
                0x20005282                TIM_CCxCmd
                0x200052d8                TIM_CCxNCmd
                0x2000532e                TIM_ICInit
                0x200053d6                TIM_ICStructInit
                0x20005408                TIM_PWMIConfig
                0x200054c0                TIM_GetCapture1
                0x200054d8                TIM_GetCapture2
                0x200054f0                TIM_GetCapture3
                0x20005508                TIM_GetCapture4
                0x20005520                TIM_SetIC1Prescaler
                0x20005558                TIM_SetIC2Prescaler
                0x20005594                TIM_SetIC3Prescaler
                0x200055cc                TIM_SetIC4Prescaler
                0x20005608                TIM_BDTRConfig
                0x20005658                TIM_BDTRStructInit
                0x20005696                TIM_CtrlPWMOutputs
                0x200056e2                TIM_SelectCOM
                0x20005722                TIM_CCPreloadControl
                0x20005762                TIM_ITConfig
                0x200057aa                TIM_GenerateEvent
                0x200057c8                TIM_GetFlagStatus
                0x20005800                TIM_ClearFlag
                0x20005822                TIM_GetITStatus
                0x20005876                TIM_ClearITPendingBit
                0x20005898                TIM_DMAConfig
                0x200058c2                TIM_DMACmd
                0x2000590a                TIM_SelectCCDMA
                0x2000594a                TIM_InternalClockConfig
                0x2000596e                TIM_ITRxExternalClockConfig
                0x2000599c                TIM_TIxExternalClockConfig
                0x200059f8                TIM_ETRClockMode1Config
                0x20005a56                TIM_ETRClockMode2Config
                0x20005a94                TIM_SelectInputTrigger
                0x20005acc                TIM_SelectOutputTrigger
                0x20005b04                TIM_SelectSlaveMode
                0x20005b3c                TIM_SelectMasterSlaveMode
                0x20005b74                TIM_ETRConfig
                0x20005bc8                TIM_EncoderInterfaceConfig
                0x20005c60                TIM_SelectHallSensor
                0x20005ca0                TIM_RemapConfig
 .text          0x20005f10     0x11b4 ./Debug/driver_src_stm32f4xx_can.c.o
                0x20005f10                CAN_DeInit
                0x20005f58                CAN_Init
                0x200060fa                CAN_FilterInit
                0x20006280                CAN_StructInit
                0x200062d6                CAN_SlaveStartBank
                0x20006338                CAN_DBGFreeze
                0x20006370                CAN_TTComModeCmd
                0x20006408                CAN_Transmit
                0x200065aa                CAN_TransmitStatus
                0x200066b0                CAN_CancelTransmit
                0x20006708                CAN_Receive
                0x20006884                CAN_FIFORelease
                0x200068bc                CAN_MessagePending
                0x20006906                CAN_OperatingModeRequest
                0x20006a02                CAN_Sleep
                0x20006a3c                CAN_WakeUp
                0x20006a92                CAN_GetLastErrorCode
                0x20006ab8                CAN_GetReceiveErrorCounter
                0x20006ada                CAN_GetLSBTransmitErrorCounter
                0x20006afc                CAN_ITConfig
                0x20006b38                CAN_GetFlagStatus
                0x20006c06                CAN_ClearFlag
                0x20006c78                CAN_GetITStatus
                0x20006edc                CAN_ClearITPendingBit
 .text          0x200070c4      0x210 ./Debug/driver_src_stm32f4xx_exti.c.o
                0x200070c4                EXTI_DeInit
                0x200070f8                EXTI_Init
                0x200071dc                EXTI_StructInit
                0x20007208                EXTI_GenerateSWInterrupt
                0x2000722c                EXTI_GetFlagStatus
                0x20007260                EXTI_ClearFlag
                0x20007280                EXTI_GetITStatus
                0x200072b4                EXTI_ClearITPendingBit
 .text          0x200072d4        0x0 c:/cseapp/codelite/tools/gcc-arm/bin/../lib/gcc/arm-none-eabi/9.2.1/../../../../arm-none-eabi/lib/thumb/v7e-m+fp/hard\libc_nano.a(lib_a-atoi.o)
 .text          0x200072d4        0x0 c:/cseapp/codelite/tools/gcc-arm/bin/../lib/gcc/arm-none-eabi/9.2.1/../../../../arm-none-eabi/lib/thumb/v7e-m+fp/hard\libc_nano.a(lib_a-strtol.o)
 .text          0x200072d4        0x0 c:/cseapp/codelite/tools/gcc-arm/bin/../lib/gcc/arm-none-eabi/9.2.1/../../../../arm-none-eabi/lib/thumb/v7e-m+fp/hard\libc_nano.a(lib_a-ctype_.o)
 .text          0x200072d4        0x0 c:/cseapp/codelite/tools/gcc-arm/bin/../lib/gcc/arm-none-eabi/9.2.1/../../../../arm-none-eabi/lib/thumb/v7e-m+fp/hard\libc_nano.a(lib_a-impure.o)
 *(.text.*)
 .text.atoi     0x200072d4        0x8 c:/cseapp/codelite/tools/gcc-arm/bin/../lib/gcc/arm-none-eabi/9.2.1/../../../../arm-none-eabi/lib/thumb/v7e-m+fp/hard\libc_nano.a(lib_a-atoi.o)
                0x200072d4                atoi
 .text._atoi_r  0x200072dc        0x8 c:/cseapp/codelite/tools/gcc-arm/bin/../lib/gcc/arm-none-eabi/9.2.1/../../../../arm-none-eabi/lib/thumb/v7e-m+fp/hard\libc_nano.a(lib_a-atoi.o)
                0x200072dc                _atoi_r
 .text._strtol_l.isra.0
                0x200072e4       0xf4 c:/cseapp/codelite/tools/gcc-arm/bin/../lib/gcc/arm-none-eabi/9.2.1/../../../../arm-none-eabi/lib/thumb/v7e-m+fp/hard\libc_nano.a(lib_a-strtol.o)
 .text._strtol_r
                0x200073d8        0x4 c:/cseapp/codelite/tools/gcc-arm/bin/../lib/gcc/arm-none-eabi/9.2.1/../../../../arm-none-eabi/lib/thumb/v7e-m+fp/hard\libc_nano.a(lib_a-strtol.o)
                0x200073d8                _strtol_r
 .text.strtol_l
                0x200073dc       0x14 c:/cseapp/codelite/tools/gcc-arm/bin/../lib/gcc/arm-none-eabi/9.2.1/../../../../arm-none-eabi/lib/thumb/v7e-m+fp/hard\libc_nano.a(lib_a-strtol.o)
                0x200073dc                strtol_l
 .text.strtol   0x200073f0       0x14 c:/cseapp/codelite/tools/gcc-arm/bin/../lib/gcc/arm-none-eabi/9.2.1/../../../../arm-none-eabi/lib/thumb/v7e-m+fp/hard\libc_nano.a(lib_a-strtol.o)
                0x200073f0                strtol
 *(.rodata)
 .rodata        0x20007404       0xb2 ./Debug/canTinyTimber.c.o
 *fill*         0x200074b6        0x2 
 .rodata        0x200074b8       0x81 ./Debug/TinyTimber.c.o
 *fill*         0x20007539        0x3 
 .rodata        0x2000753c      0x1f1 ./Debug/application.c.o
                0x2000753c                myIndex
                0x200075bc                periods
                0x20007620                beats
 *(.rodata*)
 .rodata._ctype_
                0x2000772d      0x101 c:/cseapp/codelite/tools/gcc-arm/bin/../lib/gcc/arm-none-eabi/9.2.1/../../../../arm-none-eabi/lib/thumb/v7e-m+fp/hard\libc_nano.a(lib_a-ctype_.o)
                0x2000772d                _ctype_
 *fill*         0x2000782e        0x2 
 .rodata._global_impure_ptr
                0x20007830        0x4 c:/cseapp/codelite/tools/gcc-arm/bin/../lib/gcc/arm-none-eabi/9.2.1/../../../../arm-none-eabi/lib/thumb/v7e-m+fp/hard\libc_nano.a(lib_a-impure.o)
                0x20007830                _global_impure_ptr
 *(.glue_7)
 .glue_7        0x20007834        0x0 linker stubs
 *(.glue_7t)
 .glue_7t       0x20007834        0x0 linker stubs
                0x20007834                . = ALIGN (0x4)

.vfp11_veneer   0x20007834        0x0
 .vfp11_veneer  0x20007834        0x0 linker stubs

.v4_bx          0x20007834        0x0
 .v4_bx         0x20007834        0x0 linker stubs

.iplt           0x20007834        0x0
 .iplt          0x20007834        0x0 ./Debug/canTinyTimber.c.o

.rel.dyn        0x20007834        0x0
 .rel.iplt      0x20007834        0x0 ./Debug/canTinyTimber.c.o

.data           0x20007834      0x6f4
                0x20007834                . = ALIGN (0x4)
 *(.data)
 .data          0x20007834        0x0 ./Debug/canTinyTimber.c.o
 .data          0x20007834        0x0 ./Debug/driver_src_stm32f4xx_usart.c.o
 .data          0x20007834       0x84 ./Debug/dispatch.s.o
 .data          0x200078b8       0x24 ./Debug/TinyTimber.c.o
                0x200078b8                hex
                0x200078cc                msgPool
                0x200078d0                threadPool
                0x200078d4                activeStack
                0x200078d8                current
 .data          0x200078dc        0x0 ./Debug/sciTinyTimber.c.o
 .data          0x200078dc      0x5d8 ./Debug/application.c.o
                0x200078dc                frequencies
                0x2000795c                app
                0x200079e0                generator
                0x20007a04                controller
                0x20007a1c                sci0
                0x20007e3c                can0
 .data          0x20007eb4        0x0 ./Debug/backup.c.o
 .data          0x20007eb4        0x0 ./Debug/driver_src_stm32f4xx_syscfg.c.o
 .data          0x20007eb4        0x0 ./Debug/startup.c.o
 .data          0x20007eb4        0x0 ./Debug/driver_src_stm32f4xx_gpio.c.o
 .data          0x20007eb4        0x0 ./Debug/driver_src_stm32f4xx_dac.c.o
 .data          0x20007eb4       0x10 ./Debug/driver_src_stm32f4xx_rcc.c.o
 .data          0x20007ec4        0x0 ./Debug/driver_src_stm32f4xx_tim.c.o
 .data          0x20007ec4        0x0 ./Debug/driver_src_stm32f4xx_can.c.o
 .data          0x20007ec4        0x0 ./Debug/driver_src_stm32f4xx_exti.c.o
 .data          0x20007ec4        0x0 c:/cseapp/codelite/tools/gcc-arm/bin/../lib/gcc/arm-none-eabi/9.2.1/../../../../arm-none-eabi/lib/thumb/v7e-m+fp/hard\libc_nano.a(lib_a-atoi.o)
 .data          0x20007ec4        0x0 c:/cseapp/codelite/tools/gcc-arm/bin/../lib/gcc/arm-none-eabi/9.2.1/../../../../arm-none-eabi/lib/thumb/v7e-m+fp/hard\libc_nano.a(lib_a-strtol.o)
 .data          0x20007ec4        0x0 c:/cseapp/codelite/tools/gcc-arm/bin/../lib/gcc/arm-none-eabi/9.2.1/../../../../arm-none-eabi/lib/thumb/v7e-m+fp/hard\libc_nano.a(lib_a-ctype_.o)
 .data          0x20007ec4        0x0 c:/cseapp/codelite/tools/gcc-arm/bin/../lib/gcc/arm-none-eabi/9.2.1/../../../../arm-none-eabi/lib/thumb/v7e-m+fp/hard\libc_nano.a(lib_a-impure.o)
 *(.data.*)
 .data._impure_ptr
                0x20007ec4        0x4 c:/cseapp/codelite/tools/gcc-arm/bin/../lib/gcc/arm-none-eabi/9.2.1/../../../../arm-none-eabi/lib/thumb/v7e-m+fp/hard\libc_nano.a(lib_a-impure.o)
                0x20007ec4                _impure_ptr
 .data.impure_data
                0x20007ec8       0x60 c:/cseapp/codelite/tools/gcc-arm/bin/../lib/gcc/arm-none-eabi/9.2.1/../../../../arm-none-eabi/lib/thumb/v7e-m+fp/hard\libc_nano.a(lib_a-impure.o)
                0x20007f28                . = ALIGN (0x4)

.igot.plt       0x20007f28        0x0
 .igot.plt      0x20007f28        0x0 ./Debug/canTinyTimber.c.o

.bss            0x20007f28     0x8370
                0x20007f28                . = ALIGN (0x4)
                0x20007f28                _sbss = .
 *(.bss)
 .bss           0x20007f28        0x0 ./Debug/canTinyTimber.c.o
 .bss           0x20007f28        0x0 ./Debug/driver_src_stm32f4xx_usart.c.o
 .bss           0x20007f28        0x0 ./Debug/dispatch.s.o
 .bss           0x20007f28       0x18 ./Debug/TinyTimber.c.o
                0x20007f28                msgQ
                0x20007f2c                timerQ
                0x20007f30                runAsHardware
                0x20007f34                doIRQSchedule
                0x20007f38                timestamp
                0x20007f3c                overflows
 .bss           0x20007f40        0x0 ./Debug/sciTinyTimber.c.o
 .bss           0x20007f40        0x0 ./Debug/application.c.o
 .bss           0x20007f40        0x0 ./Debug/backup.c.o
 .bss           0x20007f40        0x0 ./Debug/driver_src_stm32f4xx_syscfg.c.o
 .bss           0x20007f40        0x0 ./Debug/startup.c.o
 .bss           0x20007f40        0x0 ./Debug/driver_src_stm32f4xx_gpio.c.o
 .bss           0x20007f40        0x0 ./Debug/driver_src_stm32f4xx_dac.c.o
 .bss           0x20007f40        0x0 ./Debug/driver_src_stm32f4xx_rcc.c.o
 .bss           0x20007f40        0x0 ./Debug/driver_src_stm32f4xx_tim.c.o
 .bss           0x20007f40        0x0 ./Debug/driver_src_stm32f4xx_can.c.o
 .bss           0x20007f40        0x0 ./Debug/driver_src_stm32f4xx_exti.c.o
 .bss           0x20007f40        0x0 c:/cseapp/codelite/tools/gcc-arm/bin/../lib/gcc/arm-none-eabi/9.2.1/../../../../arm-none-eabi/lib/thumb/v7e-m+fp/hard\libc_nano.a(lib_a-atoi.o)
 .bss           0x20007f40        0x0 c:/cseapp/codelite/tools/gcc-arm/bin/../lib/gcc/arm-none-eabi/9.2.1/../../../../arm-none-eabi/lib/thumb/v7e-m+fp/hard\libc_nano.a(lib_a-strtol.o)
 .bss           0x20007f40        0x0 c:/cseapp/codelite/tools/gcc-arm/bin/../lib/gcc/arm-none-eabi/9.2.1/../../../../arm-none-eabi/lib/thumb/v7e-m+fp/hard\libc_nano.a(lib_a-ctype_.o)
 .bss           0x20007f40        0x0 c:/cseapp/codelite/tools/gcc-arm/bin/../lib/gcc/arm-none-eabi/9.2.1/../../../../arm-none-eabi/lib/thumb/v7e-m+fp/hard\libc_nano.a(lib_a-impure.o)
 *(.bss.*)
 *(COMMON)
 COMMON         0x20007f40     0x8358 ./Debug/TinyTimber.c.o
                0x20007f40                otable
                0x20007f4c                upcoming
                0x20007f50                threads
                0x20007fa0                mtable
                0x20007fac                thread0
                0x20007fc0                messages
                0x20008290                __heap_end
                0x20008298                stacks
                0x20010298                . = ALIGN (0x4)
                0x20010298                _ebss = .
                0x20010298                PROVIDE (end = _ebss)
                [!provide]                PROVIDE (_end = _ebss)
OUTPUT(./Debug/RTS-Lab.elf elf32-littlearm)

.debug_info     0x00000000     0xa757
 .debug_info    0x00000000      0xdb4 ./Debug/canTinyTimber.c.o
 .debug_info    0x00000db4      0xa68 ./Debug/driver_src_stm32f4xx_usart.c.o
 .debug_info    0x0000181c     0x183c ./Debug/TinyTimber.c.o
 .debug_info    0x00003058      0x9d1 ./Debug/sciTinyTimber.c.o
 .debug_info    0x00003a29     0x1561 ./Debug/application.c.o
 .debug_info    0x00004f8a      0x2c4 ./Debug/driver_src_stm32f4xx_syscfg.c.o
 .debug_info    0x0000524e      0xade ./Debug/startup.c.o
 .debug_info    0x00005d2c      0x67f ./Debug/driver_src_stm32f4xx_gpio.c.o
 .debug_info    0x000063ab      0x6af ./Debug/driver_src_stm32f4xx_dac.c.o
 .debug_info    0x00006a5a      0xef4 ./Debug/driver_src_stm32f4xx_rcc.c.o
 .debug_info    0x0000794e     0x1e26 ./Debug/driver_src_stm32f4xx_tim.c.o
 .debug_info    0x00009774      0xc60 ./Debug/driver_src_stm32f4xx_can.c.o
 .debug_info    0x0000a3d4      0x383 ./Debug/driver_src_stm32f4xx_exti.c.o

.debug_abbrev   0x00000000     0x1e66
 .debug_abbrev  0x00000000      0x277 ./Debug/canTinyTimber.c.o
 .debug_abbrev  0x00000277      0x1a8 ./Debug/driver_src_stm32f4xx_usart.c.o
 .debug_abbrev  0x0000041f      0x4f2 ./Debug/TinyTimber.c.o
 .debug_abbrev  0x00000911      0x273 ./Debug/sciTinyTimber.c.o
 .debug_abbrev  0x00000b84      0x37c ./Debug/application.c.o
 .debug_abbrev  0x00000f00      0x164 ./Debug/driver_src_stm32f4xx_syscfg.c.o
 .debug_abbrev  0x00001064      0x286 ./Debug/startup.c.o
 .debug_abbrev  0x000012ea      0x1e6 ./Debug/driver_src_stm32f4xx_gpio.c.o
 .debug_abbrev  0x000014d0      0x1b9 ./Debug/driver_src_stm32f4xx_dac.c.o
 .debug_abbrev  0x00001689      0x1f9 ./Debug/driver_src_stm32f4xx_rcc.c.o
 .debug_abbrev  0x00001882      0x1c2 ./Debug/driver_src_stm32f4xx_tim.c.o
 .debug_abbrev  0x00001a44      0x238 ./Debug/driver_src_stm32f4xx_can.c.o
 .debug_abbrev  0x00001c7c      0x1ea ./Debug/driver_src_stm32f4xx_exti.c.o

.debug_aranges  0x00000000      0x1a8
 .debug_aranges
                0x00000000       0x20 ./Debug/canTinyTimber.c.o
 .debug_aranges
                0x00000020       0x20 ./Debug/driver_src_stm32f4xx_usart.c.o
 .debug_aranges
                0x00000040       0x20 ./Debug/TinyTimber.c.o
 .debug_aranges
                0x00000060       0x20 ./Debug/sciTinyTimber.c.o
 .debug_aranges
                0x00000080       0x20 ./Debug/application.c.o
 .debug_aranges
                0x000000a0       0x20 ./Debug/driver_src_stm32f4xx_syscfg.c.o
 .debug_aranges
                0x000000c0       0x28 ./Debug/startup.c.o
 .debug_aranges
                0x000000e8       0x20 ./Debug/driver_src_stm32f4xx_gpio.c.o
 .debug_aranges
                0x00000108       0x20 ./Debug/driver_src_stm32f4xx_dac.c.o
 .debug_aranges
                0x00000128       0x20 ./Debug/driver_src_stm32f4xx_rcc.c.o
 .debug_aranges
                0x00000148       0x20 ./Debug/driver_src_stm32f4xx_tim.c.o
 .debug_aranges
                0x00000168       0x20 ./Debug/driver_src_stm32f4xx_can.c.o
 .debug_aranges
                0x00000188       0x20 ./Debug/driver_src_stm32f4xx_exti.c.o

.debug_line     0x00000000     0x4836
 .debug_line    0x00000000      0x42b ./Debug/canTinyTimber.c.o
 .debug_line    0x0000042b      0x58a ./Debug/driver_src_stm32f4xx_usart.c.o
 .debug_line    0x000009b5      0xa91 ./Debug/TinyTimber.c.o
 .debug_line    0x00001446      0x2bd ./Debug/sciTinyTimber.c.o
 .debug_line    0x00001703      0x4ca ./Debug/application.c.o
 .debug_line    0x00001bcd        0x0 ./Debug/backup.c.o
 .debug_line    0x00001bcd      0x20e ./Debug/driver_src_stm32f4xx_syscfg.c.o
 .debug_line    0x00001ddb      0x383 ./Debug/startup.c.o
 .debug_line    0x0000215e      0x428 ./Debug/driver_src_stm32f4xx_gpio.c.o
 .debug_line    0x00002586      0x3cd ./Debug/driver_src_stm32f4xx_dac.c.o
 .debug_line    0x00002953      0x780 ./Debug/driver_src_stm32f4xx_rcc.c.o
 .debug_line    0x000030d3      0xb9d ./Debug/driver_src_stm32f4xx_tim.c.o
 .debug_line    0x00003c70      0x8cf ./Debug/driver_src_stm32f4xx_can.c.o
 .debug_line    0x0000453f      0x2f7 ./Debug/driver_src_stm32f4xx_exti.c.o

.debug_str      0x00000000     0x385d
 .debug_str     0x00000000      0x9e7 ./Debug/canTinyTimber.c.o
                                0xa72 (size before relaxing)
 .debug_str     0x000009e7      0x4a9 ./Debug/driver_src_stm32f4xx_usart.c.o
                                0x6ed (size before relaxing)
 .debug_str     0x00000e90      0x45b ./Debug/TinyTimber.c.o
                                0xcb1 (size before relaxing)
 .debug_str     0x000012eb       0x7f ./Debug/sciTinyTimber.c.o
                                0x8d1 (size before relaxing)
 .debug_str     0x0000136a      0x544 ./Debug/application.c.o
                                0x919 (size before relaxing)
 .debug_str     0x000018ae       0x3d ./Debug/backup.c.o
                                0x10a (size before relaxing)
 .debug_str     0x000018eb      0x183 ./Debug/driver_src_stm32f4xx_syscfg.c.o
                                0x36c (size before relaxing)
 .debug_str     0x00001a6e      0x468 ./Debug/startup.c.o
                                0x7f4 (size before relaxing)
 .debug_str     0x00001ed6      0x187 ./Debug/driver_src_stm32f4xx_gpio.c.o
                                0x501 (size before relaxing)
 .debug_str     0x0000205d      0x240 ./Debug/driver_src_stm32f4xx_dac.c.o
                                0x4b1 (size before relaxing)
 .debug_str     0x0000229d      0x72e ./Debug/driver_src_stm32f4xx_rcc.c.o
                                0x9f3 (size before relaxing)
 .debug_str     0x000029cb      0xa8c ./Debug/driver_src_stm32f4xx_tim.c.o
                                0xe2e (size before relaxing)
 .debug_str     0x00003457      0x300 ./Debug/driver_src_stm32f4xx_can.c.o
                                0x79c (size before relaxing)
 .debug_str     0x00003757      0x106 ./Debug/driver_src_stm32f4xx_exti.c.o
                                0x3aa (size before relaxing)

.comment        0x00000000       0x79
 .comment       0x00000000       0x79 ./Debug/canTinyTimber.c.o
                                 0x7a (size before relaxing)
 .comment       0x00000079       0x7a ./Debug/driver_src_stm32f4xx_usart.c.o
 .comment       0x00000079       0x7a ./Debug/TinyTimber.c.o
 .comment       0x00000079       0x7a ./Debug/sciTinyTimber.c.o
 .comment       0x00000079       0x7a ./Debug/application.c.o
 .comment       0x00000079       0x7a ./Debug/backup.c.o
 .comment       0x00000079       0x7a ./Debug/driver_src_stm32f4xx_syscfg.c.o
 .comment       0x00000079       0x7a ./Debug/startup.c.o
 .comment       0x00000079       0x7a ./Debug/driver_src_stm32f4xx_gpio.c.o
 .comment       0x00000079       0x7a ./Debug/driver_src_stm32f4xx_dac.c.o
 .comment       0x00000079       0x7a ./Debug/driver_src_stm32f4xx_rcc.c.o
 .comment       0x00000079       0x7a ./Debug/driver_src_stm32f4xx_tim.c.o
 .comment       0x00000079       0x7a ./Debug/driver_src_stm32f4xx_can.c.o
 .comment       0x00000079       0x7a ./Debug/driver_src_stm32f4xx_exti.c.o

.ARM.attributes
                0x00000000       0x32
 .ARM.attributes
                0x00000000       0x34 ./Debug/canTinyTimber.c.o
 .ARM.attributes
                0x00000034       0x34 ./Debug/driver_src_stm32f4xx_usart.c.o
 .ARM.attributes
                0x00000068       0x25 ./Debug/dispatch.s.o
 .ARM.attributes
                0x0000008d       0x34 ./Debug/TinyTimber.c.o
 .ARM.attributes
                0x000000c1       0x34 ./Debug/sciTinyTimber.c.o
 .ARM.attributes
                0x000000f5       0x34 ./Debug/application.c.o
 .ARM.attributes
                0x00000129       0x39 ./Debug/backup.c.o
 .ARM.attributes
                0x00000162       0x34 ./Debug/driver_src_stm32f4xx_syscfg.c.o
 .ARM.attributes
                0x00000196       0x34 ./Debug/startup.c.o
 .ARM.attributes
                0x000001ca       0x34 ./Debug/driver_src_stm32f4xx_gpio.c.o
 .ARM.attributes
                0x000001fe       0x34 ./Debug/driver_src_stm32f4xx_dac.c.o
 .ARM.attributes
                0x00000232       0x34 ./Debug/driver_src_stm32f4xx_rcc.c.o
 .ARM.attributes
                0x00000266       0x34 ./Debug/driver_src_stm32f4xx_tim.c.o
 .ARM.attributes
                0x0000029a       0x34 ./Debug/driver_src_stm32f4xx_can.c.o
 .ARM.attributes
                0x000002ce       0x34 ./Debug/driver_src_stm32f4xx_exti.c.o
 .ARM.attributes
                0x00000302       0x34 c:/cseapp/codelite/tools/gcc-arm/bin/../lib/gcc/arm-none-eabi/9.2.1/../../../../arm-none-eabi/lib/thumb/v7e-m+fp/hard\libc_nano.a(lib_a-atoi.o)
 .ARM.attributes
                0x00000336       0x34 c:/cseapp/codelite/tools/gcc-arm/bin/../lib/gcc/arm-none-eabi/9.2.1/../../../../arm-none-eabi/lib/thumb/v7e-m+fp/hard\libc_nano.a(lib_a-strtol.o)
 .ARM.attributes
                0x0000036a       0x32 c:/cseapp/codelite/tools/gcc-arm/bin/../lib/gcc/arm-none-eabi/9.2.1/../../../../arm-none-eabi/lib/thumb/v7e-m+fp/hard\libc_nano.a(lib_a-ctype_.o)
 .ARM.attributes
                0x0000039c       0x32 c:/cseapp/codelite/tools/gcc-arm/bin/../lib/gcc/arm-none-eabi/9.2.1/../../../../arm-none-eabi/lib/thumb/v7e-m+fp/hard\libc_nano.a(lib_a-impure.o)

.debug_frame    0x00000000     0x324c
 .debug_frame   0x00000000      0x100 ./Debug/canTinyTimber.c.o
 .debug_frame   0x00000100      0x490 ./Debug/driver_src_stm32f4xx_usart.c.o
 .debug_frame   0x00000590      0x57c ./Debug/TinyTimber.c.o
 .debug_frame   0x00000b0c      0x11c ./Debug/sciTinyTimber.c.o
 .debug_frame   0x00000c28      0x298 ./Debug/application.c.o
 .debug_frame   0x00000ec0      0x11c ./Debug/driver_src_stm32f4xx_syscfg.c.o
 .debug_frame   0x00000fdc      0x14c ./Debug/startup.c.o
 .debug_frame   0x00001128      0x23c ./Debug/driver_src_stm32f4xx_gpio.c.o
 .debug_frame   0x00001364      0x2ac ./Debug/driver_src_stm32f4xx_dac.c.o
 .debug_frame   0x00001610      0x814 ./Debug/driver_src_stm32f4xx_rcc.c.o
 .debug_frame   0x00001e24      0xe54 ./Debug/driver_src_stm32f4xx_tim.c.o
 .debug_frame   0x00002c78      0x3f8 ./Debug/driver_src_stm32f4xx_can.c.o
 .debug_frame   0x00003070      0x148 ./Debug/driver_src_stm32f4xx_exti.c.o
 .debug_frame   0x000031b8       0x30 c:/cseapp/codelite/tools/gcc-arm/bin/../lib/gcc/arm-none-eabi/9.2.1/../../../../arm-none-eabi/lib/thumb/v7e-m+fp/hard\libc_nano.a(lib_a-atoi.o)
 .debug_frame   0x000031e8       0x64 c:/cseapp/codelite/tools/gcc-arm/bin/../lib/gcc/arm-none-eabi/9.2.1/../../../../arm-none-eabi/lib/thumb/v7e-m+fp/hard\libc_nano.a(lib_a-strtol.o)

.debug_ranges   0x00000000       0x18
 .debug_ranges  0x00000000       0x18 ./Debug/startup.c.o

Cross Reference Table

Symbol                                            File
ABORT                                             ./Debug/TinyTimber.c.o
CAN_CancelTransmit                                ./Debug/driver_src_stm32f4xx_can.c.o
CAN_ClearFlag                                     ./Debug/driver_src_stm32f4xx_can.c.o
CAN_ClearITPendingBit                             ./Debug/driver_src_stm32f4xx_can.c.o
CAN_DBGFreeze                                     ./Debug/driver_src_stm32f4xx_can.c.o
CAN_DeInit                                        ./Debug/driver_src_stm32f4xx_can.c.o
                                                  ./Debug/startup.c.o
CAN_FIFORelease                                   ./Debug/driver_src_stm32f4xx_can.c.o
CAN_FilterInit                                    ./Debug/driver_src_stm32f4xx_can.c.o
                                                  ./Debug/startup.c.o
CAN_GetFlagStatus                                 ./Debug/driver_src_stm32f4xx_can.c.o
                                                  ./Debug/canTinyTimber.c.o
CAN_GetITStatus                                   ./Debug/driver_src_stm32f4xx_can.c.o
CAN_GetLSBTransmitErrorCounter                    ./Debug/driver_src_stm32f4xx_can.c.o
CAN_GetLastErrorCode                              ./Debug/driver_src_stm32f4xx_can.c.o
CAN_GetReceiveErrorCounter                        ./Debug/driver_src_stm32f4xx_can.c.o
CAN_ITConfig                                      ./Debug/driver_src_stm32f4xx_can.c.o
                                                  ./Debug/canTinyTimber.c.o
CAN_Init                                          ./Debug/driver_src_stm32f4xx_can.c.o
                                                  ./Debug/canTinyTimber.c.o
CAN_MessagePending                                ./Debug/driver_src_stm32f4xx_can.c.o
CAN_OperatingModeRequest                          ./Debug/driver_src_stm32f4xx_can.c.o
CAN_Receive                                       ./Debug/driver_src_stm32f4xx_can.c.o
                                                  ./Debug/canTinyTimber.c.o
CAN_SlaveStartBank                                ./Debug/driver_src_stm32f4xx_can.c.o
CAN_Sleep                                         ./Debug/driver_src_stm32f4xx_can.c.o
CAN_StructInit                                    ./Debug/driver_src_stm32f4xx_can.c.o
                                                  ./Debug/canTinyTimber.c.o
CAN_TTComModeCmd                                  ./Debug/driver_src_stm32f4xx_can.c.o
CAN_Transmit                                      ./Debug/driver_src_stm32f4xx_can.c.o
                                                  ./Debug/canTinyTimber.c.o
CAN_TransmitStatus                                ./Debug/driver_src_stm32f4xx_can.c.o
CAN_WakeUp                                        ./Debug/driver_src_stm32f4xx_can.c.o
CURRENT_OFFSET                                    ./Debug/TinyTimber.c.o
DAC_ClearFlag                                     ./Debug/driver_src_stm32f4xx_dac.c.o
DAC_ClearITPendingBit                             ./Debug/driver_src_stm32f4xx_dac.c.o
DAC_Cmd                                           ./Debug/driver_src_stm32f4xx_dac.c.o
                                                  ./Debug/startup.c.o
DAC_DMACmd                                        ./Debug/driver_src_stm32f4xx_dac.c.o
DAC_DeInit                                        ./Debug/driver_src_stm32f4xx_dac.c.o
                                                  ./Debug/startup.c.o
DAC_DualSoftwareTriggerCmd                        ./Debug/driver_src_stm32f4xx_dac.c.o
DAC_GetDataOutputValue                            ./Debug/driver_src_stm32f4xx_dac.c.o
DAC_GetFlagStatus                                 ./Debug/driver_src_stm32f4xx_dac.c.o
DAC_GetITStatus                                   ./Debug/driver_src_stm32f4xx_dac.c.o
DAC_ITConfig                                      ./Debug/driver_src_stm32f4xx_dac.c.o
DAC_Init                                          ./Debug/driver_src_stm32f4xx_dac.c.o
                                                  ./Debug/startup.c.o
DAC_SetChannel1Data                               ./Debug/driver_src_stm32f4xx_dac.c.o
DAC_SetChannel2Data                               ./Debug/driver_src_stm32f4xx_dac.c.o
                                                  ./Debug/startup.c.o
DAC_SetDualChannelData                            ./Debug/driver_src_stm32f4xx_dac.c.o
DAC_SoftwareTriggerCmd                            ./Debug/driver_src_stm32f4xx_dac.c.o
DAC_StructInit                                    ./Debug/driver_src_stm32f4xx_dac.c.o
                                                  ./Debug/startup.c.o
DAC_WaveGenerationCmd                             ./Debug/driver_src_stm32f4xx_dac.c.o
DUMP                                              ./Debug/TinyTimber.c.o
                                                  ./Debug/dispatch.s.o
                                                  ./Debug/canTinyTimber.c.o
DUMPC                                             ./Debug/TinyTimber.c.o
DUMPD                                             ./Debug/TinyTimber.c.o
                                                  ./Debug/dispatch.s.o
DUMPH                                             ./Debug/TinyTimber.c.o
                                                  ./Debug/dispatch.s.o
EXTI_ClearFlag                                    ./Debug/driver_src_stm32f4xx_exti.c.o
EXTI_ClearITPendingBit                            ./Debug/driver_src_stm32f4xx_exti.c.o
EXTI_DeInit                                       ./Debug/driver_src_stm32f4xx_exti.c.o
                                                  ./Debug/startup.c.o
EXTI_GenerateSWInterrupt                          ./Debug/driver_src_stm32f4xx_exti.c.o
EXTI_GetFlagStatus                                ./Debug/driver_src_stm32f4xx_exti.c.o
EXTI_GetITStatus                                  ./Debug/driver_src_stm32f4xx_exti.c.o
EXTI_Init                                         ./Debug/driver_src_stm32f4xx_exti.c.o
                                                  ./Debug/startup.c.o
EXTI_StructInit                                   ./Debug/driver_src_stm32f4xx_exti.c.o
                                                  ./Debug/startup.c.o
GPIO_DeInit                                       ./Debug/driver_src_stm32f4xx_gpio.c.o
                                                  ./Debug/startup.c.o
GPIO_Init                                         ./Debug/driver_src_stm32f4xx_gpio.c.o
                                                  ./Debug/startup.c.o
GPIO_PinAFConfig                                  ./Debug/driver_src_stm32f4xx_gpio.c.o
                                                  ./Debug/startup.c.o
GPIO_PinLockConfig                                ./Debug/driver_src_stm32f4xx_gpio.c.o
GPIO_ReadInputData                                ./Debug/driver_src_stm32f4xx_gpio.c.o
GPIO_ReadInputDataBit                             ./Debug/driver_src_stm32f4xx_gpio.c.o
GPIO_ReadOutputData                               ./Debug/driver_src_stm32f4xx_gpio.c.o
GPIO_ReadOutputDataBit                            ./Debug/driver_src_stm32f4xx_gpio.c.o
GPIO_ResetBits                                    ./Debug/driver_src_stm32f4xx_gpio.c.o
GPIO_SetBits                                      ./Debug/driver_src_stm32f4xx_gpio.c.o
GPIO_StructInit                                   ./Debug/driver_src_stm32f4xx_gpio.c.o
                                                  ./Debug/startup.c.o
GPIO_ToggleBits                                   ./Debug/driver_src_stm32f4xx_gpio.c.o
GPIO_Write                                        ./Debug/driver_src_stm32f4xx_gpio.c.o
GPIO_WriteBit                                     ./Debug/driver_src_stm32f4xx_gpio.c.o
                                                  ./Debug/startup.c.o
                                                  ./Debug/TinyTimber.c.o
RCC_AHB1PeriphClockCmd                            ./Debug/driver_src_stm32f4xx_rcc.c.o
                                                  ./Debug/startup.c.o
RCC_AHB1PeriphClockLPModeCmd                      ./Debug/driver_src_stm32f4xx_rcc.c.o
RCC_AHB1PeriphResetCmd                            ./Debug/driver_src_stm32f4xx_rcc.c.o
                                                  ./Debug/driver_src_stm32f4xx_gpio.c.o
RCC_AHB2PeriphClockCmd                            ./Debug/driver_src_stm32f4xx_rcc.c.o
RCC_AHB2PeriphClockLPModeCmd                      ./Debug/driver_src_stm32f4xx_rcc.c.o
RCC_AHB2PeriphResetCmd                            ./Debug/driver_src_stm32f4xx_rcc.c.o
RCC_AHB3PeriphClockCmd                            ./Debug/driver_src_stm32f4xx_rcc.c.o
RCC_AHB3PeriphClockLPModeCmd                      ./Debug/driver_src_stm32f4xx_rcc.c.o
RCC_AHB3PeriphResetCmd                            ./Debug/driver_src_stm32f4xx_rcc.c.o
RCC_APB1PeriphClockCmd                            ./Debug/driver_src_stm32f4xx_rcc.c.o
                                                  ./Debug/startup.c.o
RCC_APB1PeriphClockLPModeCmd                      ./Debug/driver_src_stm32f4xx_rcc.c.o
                                                  ./Debug/startup.c.o
RCC_APB1PeriphResetCmd                            ./Debug/driver_src_stm32f4xx_rcc.c.o
                                                  ./Debug/driver_src_stm32f4xx_can.c.o
                                                  ./Debug/driver_src_stm32f4xx_tim.c.o
                                                  ./Debug/driver_src_stm32f4xx_dac.c.o
                                                  ./Debug/driver_src_stm32f4xx_usart.c.o
RCC_APB2PeriphClockCmd                            ./Debug/driver_src_stm32f4xx_rcc.c.o
                                                  ./Debug/startup.c.o
RCC_APB2PeriphClockLPModeCmd                      ./Debug/driver_src_stm32f4xx_rcc.c.o
RCC_APB2PeriphResetCmd                            ./Debug/driver_src_stm32f4xx_rcc.c.o
                                                  ./Debug/driver_src_stm32f4xx_tim.c.o
                                                  ./Debug/driver_src_stm32f4xx_syscfg.c.o
                                                  ./Debug/driver_src_stm32f4xx_usart.c.o
RCC_AdjustHSICalibrationValue                     ./Debug/driver_src_stm32f4xx_rcc.c.o
RCC_BackupResetCmd                                ./Debug/driver_src_stm32f4xx_rcc.c.o
RCC_ClearFlag                                     ./Debug/driver_src_stm32f4xx_rcc.c.o
RCC_ClearITPendingBit                             ./Debug/driver_src_stm32f4xx_rcc.c.o
RCC_ClockSecuritySystemCmd                        ./Debug/driver_src_stm32f4xx_rcc.c.o
RCC_DeInit                                        ./Debug/driver_src_stm32f4xx_rcc.c.o
RCC_GetClocksFreq                                 ./Debug/driver_src_stm32f4xx_rcc.c.o
                                                  ./Debug/driver_src_stm32f4xx_usart.c.o
RCC_GetFlagStatus                                 ./Debug/driver_src_stm32f4xx_rcc.c.o
RCC_GetITStatus                                   ./Debug/driver_src_stm32f4xx_rcc.c.o
RCC_GetSYSCLKSource                               ./Debug/driver_src_stm32f4xx_rcc.c.o
RCC_HCLKConfig                                    ./Debug/driver_src_stm32f4xx_rcc.c.o
RCC_HSEConfig                                     ./Debug/driver_src_stm32f4xx_rcc.c.o
RCC_HSICmd                                        ./Debug/driver_src_stm32f4xx_rcc.c.o
RCC_I2SCLKConfig                                  ./Debug/driver_src_stm32f4xx_rcc.c.o
RCC_ITConfig                                      ./Debug/driver_src_stm32f4xx_rcc.c.o
RCC_LSEConfig                                     ./Debug/driver_src_stm32f4xx_rcc.c.o
RCC_LSICmd                                        ./Debug/driver_src_stm32f4xx_rcc.c.o
RCC_LTDCCLKDivConfig                              ./Debug/driver_src_stm32f4xx_rcc.c.o
RCC_MCO1Config                                    ./Debug/driver_src_stm32f4xx_rcc.c.o
RCC_MCO2Config                                    ./Debug/driver_src_stm32f4xx_rcc.c.o
RCC_PCLK1Config                                   ./Debug/driver_src_stm32f4xx_rcc.c.o
RCC_PCLK2Config                                   ./Debug/driver_src_stm32f4xx_rcc.c.o
RCC_PLLCmd                                        ./Debug/driver_src_stm32f4xx_rcc.c.o
RCC_PLLConfig                                     ./Debug/driver_src_stm32f4xx_rcc.c.o
RCC_PLLI2SCmd                                     ./Debug/driver_src_stm32f4xx_rcc.c.o
RCC_PLLI2SConfig                                  ./Debug/driver_src_stm32f4xx_rcc.c.o
RCC_PLLSAICmd                                     ./Debug/driver_src_stm32f4xx_rcc.c.o
RCC_PLLSAIConfig                                  ./Debug/driver_src_stm32f4xx_rcc.c.o
RCC_RTCCLKCmd                                     ./Debug/driver_src_stm32f4xx_rcc.c.o
RCC_RTCCLKConfig                                  ./Debug/driver_src_stm32f4xx_rcc.c.o
RCC_SAIBlockACLKConfig                            ./Debug/driver_src_stm32f4xx_rcc.c.o
RCC_SAIBlockBCLKConfig                            ./Debug/driver_src_stm32f4xx_rcc.c.o
RCC_SAIPLLI2SClkDivConfig                         ./Debug/driver_src_stm32f4xx_rcc.c.o
RCC_SAIPLLSAIClkDivConfig                         ./Debug/driver_src_stm32f4xx_rcc.c.o
RCC_SYSCLKConfig                                  ./Debug/driver_src_stm32f4xx_rcc.c.o
RCC_TIMCLKPresConfig                              ./Debug/driver_src_stm32f4xx_rcc.c.o
RCC_WaitForHSEStartUp                             ./Debug/driver_src_stm32f4xx_rcc.c.o
SETPC                                             ./Debug/TinyTimber.c.o
SETSTACK                                          ./Debug/TinyTimber.c.o
SYSCFG_CompensationCellCmd                        ./Debug/driver_src_stm32f4xx_syscfg.c.o
SYSCFG_DeInit                                     ./Debug/driver_src_stm32f4xx_syscfg.c.o
SYSCFG_ETH_MediaInterfaceConfig                   ./Debug/driver_src_stm32f4xx_syscfg.c.o
SYSCFG_EXTILineConfig                             ./Debug/driver_src_stm32f4xx_syscfg.c.o
                                                  ./Debug/startup.c.o
SYSCFG_GetCompensationCellStatus                  ./Debug/driver_src_stm32f4xx_syscfg.c.o
SYSCFG_MemoryRemapConfig                          ./Debug/driver_src_stm32f4xx_syscfg.c.o
SYSCFG_MemorySwappingBank                         ./Debug/driver_src_stm32f4xx_syscfg.c.o
TIMER_INIT                                        ./Debug/TinyTimber.c.o
TIM_ARRPreloadConfig                              ./Debug/driver_src_stm32f4xx_tim.c.o
TIM_BDTRConfig                                    ./Debug/driver_src_stm32f4xx_tim.c.o
TIM_BDTRStructInit                                ./Debug/driver_src_stm32f4xx_tim.c.o
TIM_CCPreloadControl                              ./Debug/driver_src_stm32f4xx_tim.c.o
TIM_CCxCmd                                        ./Debug/driver_src_stm32f4xx_tim.c.o
TIM_CCxNCmd                                       ./Debug/driver_src_stm32f4xx_tim.c.o
TIM_ClearFlag                                     ./Debug/driver_src_stm32f4xx_tim.c.o
TIM_ClearITPendingBit                             ./Debug/driver_src_stm32f4xx_tim.c.o
                                                  ./Debug/TinyTimber.c.o
TIM_ClearOC1Ref                                   ./Debug/driver_src_stm32f4xx_tim.c.o
TIM_ClearOC2Ref                                   ./Debug/driver_src_stm32f4xx_tim.c.o
TIM_ClearOC3Ref                                   ./Debug/driver_src_stm32f4xx_tim.c.o
TIM_ClearOC4Ref                                   ./Debug/driver_src_stm32f4xx_tim.c.o
TIM_Cmd                                           ./Debug/driver_src_stm32f4xx_tim.c.o
                                                  ./Debug/TinyTimber.c.o
TIM_CounterModeConfig                             ./Debug/driver_src_stm32f4xx_tim.c.o
TIM_CtrlPWMOutputs                                ./Debug/driver_src_stm32f4xx_tim.c.o
TIM_DMACmd                                        ./Debug/driver_src_stm32f4xx_tim.c.o
TIM_DMAConfig                                     ./Debug/driver_src_stm32f4xx_tim.c.o
TIM_DeInit                                        ./Debug/driver_src_stm32f4xx_tim.c.o
                                                  ./Debug/TinyTimber.c.o
TIM_ETRClockMode1Config                           ./Debug/driver_src_stm32f4xx_tim.c.o
TIM_ETRClockMode2Config                           ./Debug/driver_src_stm32f4xx_tim.c.o
TIM_ETRConfig                                     ./Debug/driver_src_stm32f4xx_tim.c.o
TIM_EncoderInterfaceConfig                        ./Debug/driver_src_stm32f4xx_tim.c.o
TIM_ForcedOC1Config                               ./Debug/driver_src_stm32f4xx_tim.c.o
TIM_ForcedOC2Config                               ./Debug/driver_src_stm32f4xx_tim.c.o
TIM_ForcedOC3Config                               ./Debug/driver_src_stm32f4xx_tim.c.o
TIM_ForcedOC4Config                               ./Debug/driver_src_stm32f4xx_tim.c.o
TIM_GenerateEvent                                 ./Debug/driver_src_stm32f4xx_tim.c.o
TIM_GetCapture1                                   ./Debug/driver_src_stm32f4xx_tim.c.o
TIM_GetCapture2                                   ./Debug/driver_src_stm32f4xx_tim.c.o
TIM_GetCapture3                                   ./Debug/driver_src_stm32f4xx_tim.c.o
TIM_GetCapture4                                   ./Debug/driver_src_stm32f4xx_tim.c.o
TIM_GetCounter                                    ./Debug/driver_src_stm32f4xx_tim.c.o
                                                  ./Debug/TinyTimber.c.o
TIM_GetFlagStatus                                 ./Debug/driver_src_stm32f4xx_tim.c.o
TIM_GetITStatus                                   ./Debug/driver_src_stm32f4xx_tim.c.o
TIM_GetPrescaler                                  ./Debug/driver_src_stm32f4xx_tim.c.o
TIM_ICInit                                        ./Debug/driver_src_stm32f4xx_tim.c.o
TIM_ICStructInit                                  ./Debug/driver_src_stm32f4xx_tim.c.o
TIM_ITConfig                                      ./Debug/driver_src_stm32f4xx_tim.c.o
                                                  ./Debug/TinyTimber.c.o
TIM_ITRxExternalClockConfig                       ./Debug/driver_src_stm32f4xx_tim.c.o
TIM_InternalClockConfig                           ./Debug/driver_src_stm32f4xx_tim.c.o
TIM_OC1FastConfig                                 ./Debug/driver_src_stm32f4xx_tim.c.o
TIM_OC1Init                                       ./Debug/driver_src_stm32f4xx_tim.c.o
TIM_OC1NPolarityConfig                            ./Debug/driver_src_stm32f4xx_tim.c.o
TIM_OC1PolarityConfig                             ./Debug/driver_src_stm32f4xx_tim.c.o
TIM_OC1PreloadConfig                              ./Debug/driver_src_stm32f4xx_tim.c.o
TIM_OC2FastConfig                                 ./Debug/driver_src_stm32f4xx_tim.c.o
TIM_OC2Init                                       ./Debug/driver_src_stm32f4xx_tim.c.o
TIM_OC2NPolarityConfig                            ./Debug/driver_src_stm32f4xx_tim.c.o
TIM_OC2PolarityConfig                             ./Debug/driver_src_stm32f4xx_tim.c.o
TIM_OC2PreloadConfig                              ./Debug/driver_src_stm32f4xx_tim.c.o
TIM_OC3FastConfig                                 ./Debug/driver_src_stm32f4xx_tim.c.o
TIM_OC3Init                                       ./Debug/driver_src_stm32f4xx_tim.c.o
TIM_OC3NPolarityConfig                            ./Debug/driver_src_stm32f4xx_tim.c.o
TIM_OC3PolarityConfig                             ./Debug/driver_src_stm32f4xx_tim.c.o
TIM_OC3PreloadConfig                              ./Debug/driver_src_stm32f4xx_tim.c.o
TIM_OC4FastConfig                                 ./Debug/driver_src_stm32f4xx_tim.c.o
TIM_OC4Init                                       ./Debug/driver_src_stm32f4xx_tim.c.o
TIM_OC4PolarityConfig                             ./Debug/driver_src_stm32f4xx_tim.c.o
TIM_OC4PreloadConfig                              ./Debug/driver_src_stm32f4xx_tim.c.o
TIM_OCStructInit                                  ./Debug/driver_src_stm32f4xx_tim.c.o
TIM_PWMIConfig                                    ./Debug/driver_src_stm32f4xx_tim.c.o
TIM_PrescalerConfig                               ./Debug/driver_src_stm32f4xx_tim.c.o
TIM_RemapConfig                                   ./Debug/driver_src_stm32f4xx_tim.c.o
TIM_SelectCCDMA                                   ./Debug/driver_src_stm32f4xx_tim.c.o
TIM_SelectCOM                                     ./Debug/driver_src_stm32f4xx_tim.c.o
TIM_SelectHallSensor                              ./Debug/driver_src_stm32f4xx_tim.c.o
TIM_SelectInputTrigger                            ./Debug/driver_src_stm32f4xx_tim.c.o
TIM_SelectMasterSlaveMode                         ./Debug/driver_src_stm32f4xx_tim.c.o
TIM_SelectOCxM                                    ./Debug/driver_src_stm32f4xx_tim.c.o
TIM_SelectOnePulseMode                            ./Debug/driver_src_stm32f4xx_tim.c.o
TIM_SelectOutputTrigger                           ./Debug/driver_src_stm32f4xx_tim.c.o
TIM_SelectSlaveMode                               ./Debug/driver_src_stm32f4xx_tim.c.o
TIM_SetAutoreload                                 ./Debug/driver_src_stm32f4xx_tim.c.o
TIM_SetClockDivision                              ./Debug/driver_src_stm32f4xx_tim.c.o
TIM_SetCompare1                                   ./Debug/driver_src_stm32f4xx_tim.c.o
                                                  ./Debug/TinyTimber.c.o
TIM_SetCompare2                                   ./Debug/driver_src_stm32f4xx_tim.c.o
TIM_SetCompare3                                   ./Debug/driver_src_stm32f4xx_tim.c.o
TIM_SetCompare4                                   ./Debug/driver_src_stm32f4xx_tim.c.o
TIM_SetCounter                                    ./Debug/driver_src_stm32f4xx_tim.c.o
                                                  ./Debug/TinyTimber.c.o
TIM_SetIC1Prescaler                               ./Debug/driver_src_stm32f4xx_tim.c.o
TIM_SetIC2Prescaler                               ./Debug/driver_src_stm32f4xx_tim.c.o
TIM_SetIC3Prescaler                               ./Debug/driver_src_stm32f4xx_tim.c.o
TIM_SetIC4Prescaler                               ./Debug/driver_src_stm32f4xx_tim.c.o
TIM_TIxExternalClockConfig                        ./Debug/driver_src_stm32f4xx_tim.c.o
TIM_TimeBaseInit                                  ./Debug/driver_src_stm32f4xx_tim.c.o
                                                  ./Debug/TinyTimber.c.o
TIM_TimeBaseStructInit                            ./Debug/driver_src_stm32f4xx_tim.c.o
                                                  ./Debug/TinyTimber.c.o
TIM_UpdateDisableConfig                           ./Debug/driver_src_stm32f4xx_tim.c.o
TIM_UpdateRequestConfig                           ./Debug/driver_src_stm32f4xx_tim.c.o
T_RESET                                           ./Debug/TinyTimber.c.o
T_SAMPLE                                          ./Debug/TinyTimber.c.o
USART_ClearFlag                                   ./Debug/driver_src_stm32f4xx_usart.c.o
USART_ClearITPendingBit                           ./Debug/driver_src_stm32f4xx_usart.c.o
USART_ClockInit                                   ./Debug/driver_src_stm32f4xx_usart.c.o
USART_ClockStructInit                             ./Debug/driver_src_stm32f4xx_usart.c.o
USART_Cmd                                         ./Debug/driver_src_stm32f4xx_usart.c.o
USART_DMACmd                                      ./Debug/driver_src_stm32f4xx_usart.c.o
USART_DeInit                                      ./Debug/driver_src_stm32f4xx_usart.c.o
USART_GetFlagStatus                               ./Debug/driver_src_stm32f4xx_usart.c.o
                                                  ./Debug/sciTinyTimber.c.o
                                                  ./Debug/TinyTimber.c.o
USART_GetITStatus                                 ./Debug/driver_src_stm32f4xx_usart.c.o
USART_HalfDuplexCmd                               ./Debug/driver_src_stm32f4xx_usart.c.o
USART_ITConfig                                    ./Debug/driver_src_stm32f4xx_usart.c.o
                                                  ./Debug/sciTinyTimber.c.o
USART_Init                                        ./Debug/driver_src_stm32f4xx_usart.c.o
USART_IrDACmd                                     ./Debug/driver_src_stm32f4xx_usart.c.o
USART_IrDAConfig                                  ./Debug/driver_src_stm32f4xx_usart.c.o
USART_LINBreakDetectLengthConfig                  ./Debug/driver_src_stm32f4xx_usart.c.o
USART_LINCmd                                      ./Debug/driver_src_stm32f4xx_usart.c.o
USART_OneBitMethodCmd                             ./Debug/driver_src_stm32f4xx_usart.c.o
USART_OverSampling8Cmd                            ./Debug/driver_src_stm32f4xx_usart.c.o
USART_ReceiveData                                 ./Debug/driver_src_stm32f4xx_usart.c.o
                                                  ./Debug/sciTinyTimber.c.o
USART_ReceiverWakeUpCmd                           ./Debug/driver_src_stm32f4xx_usart.c.o
USART_SendBreak                                   ./Debug/driver_src_stm32f4xx_usart.c.o
USART_SendData                                    ./Debug/driver_src_stm32f4xx_usart.c.o
                                                  ./Debug/sciTinyTimber.c.o
                                                  ./Debug/TinyTimber.c.o
USART_SetAddress                                  ./Debug/driver_src_stm32f4xx_usart.c.o
USART_SetGuardTime                                ./Debug/driver_src_stm32f4xx_usart.c.o
USART_SetPrescaler                                ./Debug/driver_src_stm32f4xx_usart.c.o
USART_SmartCardCmd                                ./Debug/driver_src_stm32f4xx_usart.c.o
USART_SmartCardNACKCmd                            ./Debug/driver_src_stm32f4xx_usart.c.o
USART_StructInit                                  ./Debug/driver_src_stm32f4xx_usart.c.o
USART_WakeUpConfig                                ./Debug/driver_src_stm32f4xx_usart.c.o
__heap_end                                        ./Debug/TinyTimber.c.o
__pendSV_dispatch                                 ./Debug/TinyTimber.c.o
__sf_fake_stderr                                  c:/cseapp/codelite/tools/gcc-arm/bin/../lib/gcc/arm-none-eabi/9.2.1/../../../../arm-none-eabi/lib/thumb/v7e-m+fp/hard\libc_nano.a(lib_a-impure.o)
__sf_fake_stdin                                   c:/cseapp/codelite/tools/gcc-arm/bin/../lib/gcc/arm-none-eabi/9.2.1/../../../../arm-none-eabi/lib/thumb/v7e-m+fp/hard\libc_nano.a(lib_a-impure.o)
__sf_fake_stdout                                  c:/cseapp/codelite/tools/gcc-arm/bin/../lib/gcc/arm-none-eabi/9.2.1/../../../../arm-none-eabi/lib/thumb/v7e-m+fp/hard\libc_nano.a(lib_a-impure.o)
__svc_dispatch                                    ./Debug/TinyTimber.c.o
_atoi_r                                           c:/cseapp/codelite/tools/gcc-arm/bin/../lib/gcc/arm-none-eabi/9.2.1/../../../../arm-none-eabi/lib/thumb/v7e-m+fp/hard\libc_nano.a(lib_a-atoi.o)
_ctype_                                           c:/cseapp/codelite/tools/gcc-arm/bin/../lib/gcc/arm-none-eabi/9.2.1/../../../../arm-none-eabi/lib/thumb/v7e-m+fp/hard\libc_nano.a(lib_a-ctype_.o)
                                                  c:/cseapp/codelite/tools/gcc-arm/bin/../lib/gcc/arm-none-eabi/9.2.1/../../../../arm-none-eabi/lib/thumb/v7e-m+fp/hard\libc_nano.a(lib_a-strtol.o)
_ebss                                             ./Debug/startup.c.o
_global_impure_ptr                                c:/cseapp/codelite/tools/gcc-arm/bin/../lib/gcc/arm-none-eabi/9.2.1/../../../../arm-none-eabi/lib/thumb/v7e-m+fp/hard\libc_nano.a(lib_a-impure.o)
_impure_ptr                                       c:/cseapp/codelite/tools/gcc-arm/bin/../lib/gcc/arm-none-eabi/9.2.1/../../../../arm-none-eabi/lib/thumb/v7e-m+fp/hard\libc_nano.a(lib_a-impure.o)
                                                  c:/cseapp/codelite/tools/gcc-arm/bin/../lib/gcc/arm-none-eabi/9.2.1/../../../../arm-none-eabi/lib/thumb/v7e-m+fp/hard\libc_nano.a(lib_a-strtol.o)
_sbrk                                             ./Debug/TinyTimber.c.o
_sbss                                             ./Debug/startup.c.o
_strtol_r                                         c:/cseapp/codelite/tools/gcc-arm/bin/../lib/gcc/arm-none-eabi/9.2.1/../../../../arm-none-eabi/lib/thumb/v7e-m+fp/hard\libc_nano.a(lib_a-strtol.o)
                                                  c:/cseapp/codelite/tools/gcc-arm/bin/../lib/gcc/arm-none-eabi/9.2.1/../../../../arm-none-eabi/lib/thumb/v7e-m+fp/hard\libc_nano.a(lib_a-atoi.o)
activeStack                                       ./Debug/TinyTimber.c.o
app                                               ./Debug/application.c.o
async                                             ./Debug/TinyTimber.c.o
                                                  ./Debug/application.c.o
                                                  ./Debug/sciTinyTimber.c.o
                                                  ./Debug/canTinyTimber.c.o
atoi                                              c:/cseapp/codelite/tools/gcc-arm/bin/../lib/gcc/arm-none-eabi/9.2.1/../../../../arm-none-eabi/lib/thumb/v7e-m+fp/hard\libc_nano.a(lib_a-atoi.o)
                                                  ./Debug/application.c.o
beats                                             ./Debug/application.c.o
can0                                              ./Debug/application.c.o
can_init                                          ./Debug/canTinyTimber.c.o
                                                  ./Debug/application.c.o
can_interrupt                                     ./Debug/canTinyTimber.c.o
                                                  ./Debug/application.c.o
can_receive                                       ./Debug/canTinyTimber.c.o
                                                  ./Debug/application.c.o
can_send                                          ./Debug/canTinyTimber.c.o
                                                  ./Debug/application.c.o
change_bpm                                        ./Debug/application.c.o
change_key                                        ./Debug/application.c.o
change_period                                     ./Debug/application.c.o
cli                                               ./Debug/TinyTimber.c.o
controller                                        ./Debug/application.c.o
current                                           ./Debug/TinyTimber.c.o
                                                  ./Debug/dispatch.s.o
deadline_control_sound                            ./Debug/application.c.o
dequeue                                           ./Debug/TinyTimber.c.o
dequeue_pool                                      ./Debug/TinyTimber.c.o
doIRQSchedule                                     ./Debug/TinyTimber.c.o
                                                  ./Debug/sciTinyTimber.c.o
                                                  ./Debug/canTinyTimber.c.o
end                                               ./Debug/TinyTimber.c.o
enqueueByBaseline                                 ./Debug/TinyTimber.c.o
enqueueByDeadline                                 ./Debug/TinyTimber.c.o
frequencies                                       ./Debug/application.c.o
gap                                               ./Debug/application.c.o
generator                                         ./Debug/application.c.o
hex                                               ./Debug/TinyTimber.c.o
insert                                            ./Debug/TinyTimber.c.o
install                                           ./Debug/TinyTimber.c.o
                                                  ./Debug/application.c.o
main                                              ./Debug/application.c.o
                                                  ./Debug/startup.c.o
messages                                          ./Debug/TinyTimber.c.o
msgPool                                           ./Debug/TinyTimber.c.o
msgQ                                              ./Debug/TinyTimber.c.o
mtable                                            ./Debug/TinyTimber.c.o
mute                                              ./Debug/application.c.o
myIndex                                           ./Debug/application.c.o
otable                                            ./Debug/TinyTimber.c.o
overflows                                         ./Debug/TinyTimber.c.o
pause                                             ./Debug/application.c.o
pause_c                                           ./Debug/application.c.o
periods                                           ./Debug/application.c.o
play                                              ./Debug/application.c.o
pop                                               ./Debug/TinyTimber.c.o
push                                              ./Debug/TinyTimber.c.o
reader                                            ./Debug/application.c.o
receiver                                          ./Debug/application.c.o
reset_gap                                         ./Debug/application.c.o
runAsHardware                                     ./Debug/TinyTimber.c.o
sci0                                              ./Debug/application.c.o
sci_init                                          ./Debug/sciTinyTimber.c.o
                                                  ./Debug/application.c.o
sci_interrupt                                     ./Debug/sciTinyTimber.c.o
                                                  ./Debug/application.c.o
sci_write                                         ./Debug/sciTinyTimber.c.o
                                                  ./Debug/application.c.o
sci_writechar                                     ./Debug/sciTinyTimber.c.o
                                                  ./Debug/application.c.o
sei                                               ./Debug/TinyTimber.c.o
set_play                                          ./Debug/application.c.o
stacks                                            ./Debug/TinyTimber.c.o
startApp                                          ./Debug/application.c.o
startSound                                        ./Debug/application.c.o
startup                                           ./Debug/startup.c.o
strtol                                            c:/cseapp/codelite/tools/gcc-arm/bin/../lib/gcc/arm-none-eabi/9.2.1/../../../../arm-none-eabi/lib/thumb/v7e-m+fp/hard\libc_nano.a(lib_a-strtol.o)
                                                  c:/cseapp/codelite/tools/gcc-arm/bin/../lib/gcc/arm-none-eabi/9.2.1/../../../../arm-none-eabi/lib/thumb/v7e-m+fp/hard\libc_nano.a(lib_a-atoi.o)
strtol_l                                          c:/cseapp/codelite/tools/gcc-arm/bin/../lib/gcc/arm-none-eabi/9.2.1/../../../../arm-none-eabi/lib/thumb/v7e-m+fp/hard\libc_nano.a(lib_a-strtol.o)
sync                                              ./Debug/TinyTimber.c.o
                                                  ./Debug/application.c.o
thread0                                           ./Debug/TinyTimber.c.o
threadPool                                        ./Debug/TinyTimber.c.o
threads                                           ./Debug/TinyTimber.c.o
timerQ                                            ./Debug/TinyTimber.c.o
timestamp                                         ./Debug/TinyTimber.c.o
tinytimber                                        ./Debug/TinyTimber.c.o
                                                  ./Debug/application.c.o
upcoming                                          ./Debug/TinyTimber.c.o
                                                  ./Debug/dispatch.s.o
vect_CAN1                                         ./Debug/TinyTimber.c.o
vect_EXTI9_5                                      ./Debug/TinyTimber.c.o
vect_PendSV                                       ./Debug/dispatch.s.o
                                                  ./Debug/TinyTimber.c.o
vect_SVCall                                       ./Debug/dispatch.s.o
                                                  ./Debug/TinyTimber.c.o
vect_TIM5                                         ./Debug/TinyTimber.c.o
vect_USART1                                       ./Debug/TinyTimber.c.o
volume_control                                    ./Debug/application.c.o
